     VMA      LMA     Size Align Out     In      Symbol
       0        0        0     1 __rc0 = 0x00
       0        0        0     1 __rc1 = __rc0 + 1
       0        0        0     1 PROVIDE(__rc2 = __rc1 + 1)
       0        0        0     1 __rc3 = __rc2 + 1
       0        0        0     1 PROVIDE(__rc4 = __rc3 + 1)
       0        0        0     1 __rc5 = __rc4 + 1
       0        0        0     1 PROVIDE(__rc6 = __rc5 + 1)
       0        0        0     1 __rc7 = __rc6 + 1
       0        0        0     1 PROVIDE(__rc8 = __rc7 + 1)
       0        0        0     1 __rc9 = __rc8 + 1
       0        0        0     1 PROVIDE(__rc10 = __rc9 + 1)
       0        0        0     1 __rc11 = __rc10 + 1
       0        0        0     1 PROVIDE(__rc12 = __rc11 + 1)
       0        0        0     1 __rc13 = __rc12 + 1
       0        0        0     1 PROVIDE(__rc14 = __rc13 + 1)
       0        0        0     1 __rc15 = __rc14 + 1
       0        0        0     1 PROVIDE(__rc16 = __rc15 + 1)
       0        0        0     1 __rc17 = __rc16 + 1
       0        0        0     1 PROVIDE(__rc18 = __rc17 + 1)
       0        0        0     1 __rc19 = __rc18 + 1
       0        0        0     1 PROVIDE(__rc20 = __rc19 + 1)
       0        0        0     1 __rc21 = __rc20 + 1
       0        0        0     1 PROVIDE(__rc22 = __rc21 + 1)
       0        0        0     1 __rc23 = __rc22 + 1
       0        0        0     1 PROVIDE(__rc24 = __rc23 + 1)
       0        0        0     1 __rc25 = __rc24 + 1
       0        0        0     1 PROVIDE(__rc26 = __rc25 + 1)
       0        0        0     1 __rc27 = __rc26 + 1
       0        0        0     1 PROVIDE(__rc28 = __rc27 + 1)
       0        0        0     1 __rc29 = __rc28 + 1
       0        0        0     1 PROVIDE(__rc30 = __rc29 + 1)
       0        0        0     1 __rc31 = __rc30 + 1
       0        0        0     1 
       0        0        0     1 __stack = 0x0200
    e000     e000      150     1 .text.vectors
    e000     e000      150     1         C:\Users\Admin\AppData\Local\Temp\vectors-ab1591.o:(.text.vectors)
    e000     e000        0     1                 COP
    e042     e042        0     1                 BRK
    e084     e084        0     1                 ABORT
    e0c6     e0c6        0     1                 NMI
    e10a     e10a        0     1                 IRQ
    e14f     e14f        0     1                 DIRQ
   18000    18000        6     1 .text.bank1
   18000    18000        6     1         build/mainBankZero_llvm-mos.smc.lto.o:(.text.bank1)
   18000    18000        6     1                 test_function_bank1
   18000    18000        0     1                 $xh.0
   28000    28000        6     1 .text.bank2
   28000    28000        6     1         build/mainBankZero_llvm-mos.smc.lto.o:(.text.bank2)
   28000    28000        6     1                 test_function_bank2
   28000    28000        0     1                 $xh.1
   38000    38000        6     1 .text.bank3
   38000    38000        6     1         build/mainBankZero_llvm-mos.smc.lto.o:(.text.bank3)
   38000    38000        6     1                 test_function_bank3
   38000    38000        0     1                 $xh.2
   48000    48000     7530     1 .rodata.bank1
   48000    48000     7530     1         build/mainBankZero_llvm-mos.smc.lto.o:(.rodata.bank1)
   48000    48000     7530     1                 testDataBank1
   58000    58000     7530     1 .rodata.bank2
   58000    58000     7530     1         build/mainBankZero_llvm-mos.smc.lto.o:(.rodata.bank2)
   58000    58000     7530     1                 testDataBank2
   68000    68000     7530     1 .rodata.bank3
   68000    68000     7530     1         build/mainBankZero_llvm-mos.smc.lto.o:(.rodata.bank3)
   68000    68000     7530     1                 testDataBank3
      20       20        0     1 .zp.data
      20       20        0     1         __zp_data_start = .
      20       20        0     1 __zp_data_load_start = LOADADDR(.zp.data)
      20       20        0     1 __zp_data_size = SIZEOF(.zp.data)
      20       20        0     1 .zp.bss
      20       20        0     1         __zp_bss_start = .
      20       20        0     1 __zp_bss_size = SIZEOF(.zp.bss)
    e150     e150      1be     1 .text
    e150     e150        0     1         _init = .
    e150     e150        0     1         _start = .
    e150     e150        3     1         C:\llvm-mos\bin/../mos-platform/common/lib\crt0.o:(.call_main)
    e153     e153        3     1         C:\llvm-mos\bin/../mos-platform/common/lib\libexit-loop.a(exit-custom.S.obj):(.after_main)
    e153     e153        0     1                 __after_main
    e156     e156        0     1         _fini = .
    e156     e156        1     1         C:\llvm-mos\bin/../mos-platform/common/lib\crt0.o:(.fini_rts)
    e157     e157       47     1         C:\Users\Admin\AppData\Local\Temp\bankswitch-d9f325.o:(.text)
    e157     e157        0     1                 asm_init65816
    e15c     e15c        0     1                 asm_switch_continue
    e15d     e15d        0     1                 asm_switch_addr_0
    e160     e160        0     1                 asm_switch_addr_1
    e163     e163        0     1                 asm_switch_addr_2
    e166     e166        0     1                 asm_switch_addr_3
    e169     e169        0     1                 asm_switch_to_code_bank_0
    e16c     e16c        0     1                 asm_switch_to_code_bank_1
    e16f     e16f        0     1                 asm_switch_to_code_bank_2
    e172     e172        0     1                 asm_switch_to_code_bank_3
    e175     e175        0     1                 asm_switch_to_const_bank_0
    e176     e176        0     1                 $mh.0
    e17c     e17c        0     1                 asm_switch_to_const_bank_1
    e17d     e17d        0     1                 $mh.1
    e183     e183        0     1                 asm_switch_to_const_bank_2
    e184     e184        0     1                 $mh.2
    e18a     e18a        0     1                 asm_switch_to_const_bank_3
    e18b     e18b        0     1                 $mh.3
    e191     e191        0     1                 asm_get_data_bank
    e194     e194        0     1                 $mh.4
    e194     e194        0     1                 asm_setDB00
    e199     e199        0     1                 $mh.5
    e199     e199        0     1                 asm_setDB7E
    e19e     e19e      167     1         build/mainBankZero_llvm-mos.smc.lto.o:(.text.main)
    e19e     e19e      167     1                 main
    e1b9     e1b9        0     1                 $xh.3
    e1c8     e1c8        0     1                 $xh.4
    e1ce     e1ce        0     1                 $xh.5
    e1d6     e1d6        0     1                 $xh.6
    e1df     e1df        0     1                 $mh.7
    e1e6     e1e6        0     1                 $xh.8
    e1ec     e1ec        0     1                 $xh.9
    e1f4     e1f4        0     1                 $xh.10
    e1fd     e1fd        0     1                 $mh.11
    e204     e204        0     1                 $xh.12
    e20a     e20a        0     1                 $xh.13
    e212     e212        0     1                 $xh.14
    e21b     e21b        0     1                 $mh.15
    e222     e222        0     1                 $xh.16
    e228     e228        0     1                 $xh.17
    e238     e238        0     1                 $mh.18
    e23e     e23e        0     1                 $mh.19
    e244     e244        0     1                 $mh.20
    e255     e255        0     1                 $xh.21
    e26e     e26e        0     1                 $xh.22
    e278     e278        0     1                 $mh.23
    e27f     e27f        0     1                 $mh.24
    e28b     e28b        0     1                 $xh.25
    e293     e293        0     1                 $mh.26
    e295     e295        0     1                 $xh.27
    e299     e299        0     1                 $xh.28
    e29d     e29d        0     1                 $xh.29
    e2a6     e2a6        0     1                 $xh.30
    e2b4     e2b4        0     1                 $xh.31
    e2b8     e2b8        0     1                 $xh.32
    e2c9     e2c9        0     1                 $xh.33
    e2d3     e2d3        0     1                 $mh.34
    e2da     e2da        0     1                 $mh.35
    e2e4     e2e4        0     1                 $mh.36
    e2e8     e2e8        0     1                 $xh.37
    e2f3     e2f3        0     1                 $xh.38
    e2fb     e2fb        0     1                 $xh.39
    e305     e305        1     1         build/mainBankZero_llvm-mos.smc.lto.o:(.text.snesXC_cop)
    e305     e305        1     1                 snesXC_cop
    e306     e306        1     1         build/mainBankZero_llvm-mos.smc.lto.o:(.text.snesXC_brk)
    e306     e306        1     1                 snesXC_brk
    e307     e307        1     1         build/mainBankZero_llvm-mos.smc.lto.o:(.text.snesXC_abort)
    e307     e307        1     1                 snesXC_abort
    e308     e308        1     1         build/mainBankZero_llvm-mos.smc.lto.o:(.text.snesXC_nmi)
    e308     e308        1     1                 snesXC_nmi
    e309     e309        5     1         build/mainBankZero_llvm-mos.smc.lto.o:(.text.exit)
    e309     e309        5     1                 exit
    e30e     e30e        0     1         __init_array_start = .
    e30e     e30e        0     1         __init_array_end = .
    e30e     e30e        0     1         __fini_array_start = .
    e30e     e30e        0     1         __fini_array_end = .
    e30e     e30e       10     1 .rodata
    e30e     e30e       10     1         build/mainBankZero_llvm-mos.smc.lto.o:(.rodata.testDataBank0)
    e30e     e30e       10     1                 testDataBank0
     200     e31e       40     1 .data
     200     e31e        0     1         __data_start = .
     200     e31e       40     1         build/mainBankZero_llvm-mos.smc.lto.o:(.data.snesXC_irq)
     200     e31e       40     1                 snesXC_irq
     240     e35e        0     1         __data_end = .
     240     e35e        0     1 __data_load_start = LOADADDR(.data)
     240     e35e        0     1 __data_size = SIZEOF(.data)
     240      240      c01     1 .bss
     240      240        0     1         __bss_start = .
     240      240        1     1         build/mainBankZero_llvm-mos.smc.lto.o:(.bss.testValue)
     240      240        1     1                 testValue
     241      241      c00     1         build/mainBankZero_llvm-mos.smc.lto.o:(.bss.testArrayFixedRAM)
     241      241      c00     1                 testArrayFixedRAM
     e41      e41        0     1         __bss_end = .
     e41      e41        0     1 __bss_size = SIZEOF(.bss)
     e41      e41        0     1 .noinit
     e41      e41        0     1         __heap_start = ALIGN(., 2)
     e41     e35e        1     1 .data
     e41     e35e        1     1         . = ALIGN(2)
     e42      e42        0     1 .bss
     e42      e42        0     1         . = ALIGN(2)
  7e2000   7e2000        0     1 .bank_7e_data
  7e2000   7e2000        0     1         . = ALIGN(2)
  7e2000   7e2000      c00     1 .bank_7e_bss
  7e2000   7e2000      c00     1         build/mainBankZero_llvm-mos.smc.lto.o:(.bank_7e_bss)
  7e2000   7e2000      c00     1                 testArray_bank7E
  7e2c00   7e2c00        0     1         . = ALIGN(2)
    ffc0     ffc0       20     1 .snes_header
    ffc0     ffc0        1     1         BYTE(0x4C)
    ffc1     ffc1        1     1         BYTE(0x4C)
    ffc2     ffc2        1     1         BYTE(0x56)
    ffc3     ffc3        1     1         BYTE(0x4D)
    ffc4     ffc4        1     1         BYTE(0x2D)
    ffc5     ffc5        1     1         BYTE(0x4D)
    ffc6     ffc6        1     1         BYTE(0x4F)
    ffc7     ffc7        1     1         BYTE(0x53)
    ffc8     ffc8        1     1         BYTE(0x20)
    ffc9     ffc9        1     1         BYTE(0x53)
    ffca     ffca        1     1         BYTE(0x4E)
    ffcb     ffcb        1     1         BYTE(0x45)
    ffcc     ffcc        1     1         BYTE(0x53)
    ffcd     ffcd        1     1         BYTE(0x58)
    ffce     ffce        1     1         BYTE(0x43)
    ffcf     ffcf        1     1         BYTE(0x20)
    ffd0     ffd0        1     1         BYTE(0x20)
    ffd1     ffd1        1     1         BYTE(0x20)
    ffd2     ffd2        1     1         BYTE(0x20)
    ffd3     ffd3        1     1         BYTE(0x20)
    ffd4     ffd4        1     1         BYTE(0x20)
    ffd5     ffd5        1     1         BYTE(0x20)
    ffd6     ffd6        1     1         BYTE(0x00)
    ffd7     ffd7        1     1         BYTE(0x07)
    ffd8     ffd8        1     1         BYTE(0x00)
    ffd9     ffd9        1     1         BYTE(0x01)
    ffda     ffda        1     1         BYTE(0x33)
    ffdb     ffdb        1     1         BYTE(0x00)
    ffdc     ffdc        2     1         SHORT(0x0000)
    ffde     ffde        2     1         SHORT(0x0000)
    ffe4     ffe4       10     1 .vectors_native
    ffe4     ffe4        2     1         SHORT(COP)
    ffe6     ffe6        2     1         SHORT(BRK)
    ffe8     ffe8        2     1         SHORT(ABORT)
    ffea     ffea        2     1         SHORT(NMI)
    ffec     ffec        2     1         SHORT(DIRQ)
    ffee     ffee        2     1         SHORT(IRQ)
    fff0     fff0        4     1         LONG(0x00000000)
    fff4     fff4        c     1 .vectors_emulation
    fff4     fff4        2     1         SHORT(COP)
    fff6     fff6        2     1         SHORT(DIRQ)
    fff8     fff8        2     1         SHORT(ABORT)
    fffa     fffa        2     1         SHORT(NMI)
    fffc     fffc        2     1         SHORT(_start)
    fffe     fffe        2     1         SHORT(IRQ)
       0        0       cc     1 .comment
       0        0       cc     1         <internal>:(.comment)
       0        0      8f0     4 .symtab
       0        0      8f0     4         <internal>:(.symtab)
       0        0       fd     1 .shstrtab
       0        0       fd     1         <internal>:(.shstrtab)
       0        0      5b4     1 .strtab
       0        0      5b4     1         <internal>:(.strtab)
