     VMA      LMA     Size Align Out     In      Symbol
       0        0        0     1 __rc0 = 0x00
       0        0        0     1 __rc1 = __rc0 + 1
       0        0        0     1 PROVIDE(__rc2 = __rc1 + 1)
       0        0        0     1 __rc3 = __rc2 + 1
       0        0        0     1 PROVIDE(__rc4 = __rc3 + 1)
       0        0        0     1 __rc5 = __rc4 + 1
       0        0        0     1 PROVIDE(__rc6 = __rc5 + 1)
       0        0        0     1 __rc7 = __rc6 + 1
       0        0        0     1 PROVIDE(__rc8 = __rc7 + 1)
       0        0        0     1 __rc9 = __rc8 + 1
       0        0        0     1 PROVIDE(__rc10 = __rc9 + 1)
       0        0        0     1 __rc11 = __rc10 + 1
       0        0        0     1 PROVIDE(__rc12 = __rc11 + 1)
       0        0        0     1 __rc13 = __rc12 + 1
       0        0        0     1 PROVIDE(__rc14 = __rc13 + 1)
       0        0        0     1 __rc15 = __rc14 + 1
       0        0        0     1 PROVIDE(__rc16 = __rc15 + 1)
       0        0        0     1 __rc17 = __rc16 + 1
       0        0        0     1 PROVIDE(__rc18 = __rc17 + 1)
       0        0        0     1 __rc19 = __rc18 + 1
       0        0        0     1 PROVIDE(__rc20 = __rc19 + 1)
       0        0        0     1 __rc21 = __rc20 + 1
       0        0        0     1 PROVIDE(__rc22 = __rc21 + 1)
       0        0        0     1 __rc23 = __rc22 + 1
       0        0        0     1 PROVIDE(__rc24 = __rc23 + 1)
       0        0        0     1 __rc25 = __rc24 + 1
       0        0        0     1 PROVIDE(__rc26 = __rc25 + 1)
       0        0        0     1 __rc27 = __rc26 + 1
       0        0        0     1 PROVIDE(__rc28 = __rc27 + 1)
       0        0        0     1 __rc29 = __rc28 + 1
       0        0        0     1 PROVIDE(__rc30 = __rc29 + 1)
       0        0        0     1 __rc31 = __rc30 + 1
       0        0        0     1 
       0        0        0     1 __stack = 0x0200
      20       20        0     1 .zp.data
      20       20        0     1         __zp_data_start = .
      20       20        0     1 __zp_data_load_start = LOADADDR(.zp.data)
      20       20        0     1 __zp_data_size = SIZEOF(.zp.data)
      20       20        1     1 .zp.bss
      20       20        0     1         __zp_bss_start = .
      20       20        1     1         build/mainBankZero_llvm-mos.smc.lto.o:(.zp.bss)
      20       20        1     1                 snesXC_dataBank
      21       21        0     1 __zp_bss_size = SIZEOF(.zp.bss)
    b000     b000     4b2a     1 .text
    b000     b000        0     1         _init = .
    b000     b000        0     1         _start = .
    b000     b000       12     1         C:\Users\Admin\AppData\Local\Temp\startup-da3c89.o:(.init.050)
    b000     b000        0     1                 __snes_native_init
    b012     b012        8     1         C:\llvm-mos\bin/../mos-platform/common/lib\libinit-stack.a(init-stack.S.obj):(.init.100)
    b012     b012        0     1                 __do_init_stack
    b01a     b01a        3     1         C:\llvm-mos\bin/../mos-platform/common/lib\libzero-bss.a(zero-bss.c.obj):(.init.200)
    b01a     b01a        0     1                 __do_zero_bss
    b01d     b01d        3     1         C:\llvm-mos\bin/../mos-platform/common/lib\libzero-bss.a(zero-zp-bss.c.obj):(.init.200)
    b01d     b01d        0     1                 __do_zero_zp_bss
    b020     b020        3     1         C:\llvm-mos\bin/../mos-platform/common/lib\libcopy-data.a(copy-data.c.obj):(.init.200)
    b020     b020        0     1                 __do_copy_data
    b023     b023        3     1         C:\llvm-mos\bin/../mos-platform/common/lib\crt0.o:(.call_main)
    b026     b026        3     1         C:\llvm-mos\bin/../mos-platform/common/lib\libexit-loop.a(exit-custom.S.obj):(.after_main)
    b026     b026        0     1                 __after_main
    b029     b029        0     1         _fini = .
    b029     b029        1     1         C:\llvm-mos\bin/../mos-platform/common/lib\crt0.o:(.fini_rts)
    b02a     b02a       13     1         C:\llvm-mos\bin/../mos-platform/common/lib\libzero-bss.a(zero-bss.c.obj):(.text.__zero_bss)
    b02a     b02a       13     1                 __zero_bss
    b03d     b03d       13     1         C:\llvm-mos\bin/../mos-platform/common/lib\libzero-bss.a(zero-zp-bss.c.obj):(.text.__zero_zp_bss)
    b03d     b03d       13     1                 __zero_zp_bss
    b050     b050       17     1         C:\llvm-mos\bin/../mos-platform/common/lib\libcopy-data.a(copy-data.c.obj):(.text.__copy_data)
    b050     b050       17     1                 __copy_data
    b067     b067        5     1         build/mainBankZero_llvm-mos.smc.lto.o:(.text.playSoundEffect)
    b067     b067        5     1                 playSoundEffect
    b067     b067        0     1                 $mh.0
    b06c     b06c      257     1         build/mainBankZero_llvm-mos.smc.lto.o:(.text.initObject)
    b06c     b06c      257     1                 initObject
    b087     b087        0     1                 $mh.180
    b08d     b08d        0     1                 $xh.181
    b091     b091        0     1                 $mh.182
    b096     b096        0     1                 $mh.183
    b09b     b09b        0     1                 $mh.184
    b0a5     b0a5        0     1                 $xh.185
    b0ab     b0ab        0     1                 $xh.186
    b0c1     b0c1        0     1                 $mh.187
    b0c7     b0c7        0     1                 $xh.188
    b0df     b0df        0     1                 $mh.189
    b0e2     b0e2        0     1                 $mh.190
    b0f2     b0f2        0     1                 $xh.191
    b0f6     b0f6        0     1                 $xh.192
    b0fa     b0fa        0     1                 $xh.193
    b106     b106        0     1                 $mh.194
    b10c     b10c        0     1                 $mh.195
    b110     b110        0     1                 $xh.196
    b117     b117        0     1                 $xh.197
    b125     b125        0     1                 $xh.198
    b139     b139        0     1                 $mh.199
    b13f     b13f        0     1                 $mh.200
    b14b     b14b        0     1                 $xh.201
    b14d     b14d        0     1                 $mh.202
    b152     b152        0     1                 $mh.203
    b164     b164        0     1                 $mh.204
    b168     b168        0     1                 $mh.205
    b173     b173        0     1                 $mh.206
    b181     b181        0     1                 $mh.207
    b193     b193        0     1                 $mh.208
    b197     b197        0     1                 $mh.209
    b19e     b19e        0     1                 $xh.210
    b1a8     b1a8        0     1                 $xh.211
    b1af     b1af        0     1                 $xh.212
    b1b6     b1b6        0     1                 $mh.213
    b1c7     b1c7        0     1                 $xh.214
    b1d1     b1d1        0     1                 $xh.215
    b1d8     b1d8        0     1                 $xh.216
    b1df     b1df        0     1                 $mh.217
    b1ee     b1ee        0     1                 $mh.218
    b1fd     b1fd        0     1                 $mh.219
    b20c     b20c        0     1                 $mh.220
    b21b     b21b        0     1                 $mh.221
    b22a     b22a        0     1                 $mh.222
    b239     b239        0     1                 $mh.223
    b248     b248        0     1                 $mh.224
    b256     b256        0     1                 $mh.225
    b264     b264        0     1                 $mh.226
    b272     b272        0     1                 $mh.227
    b280     b280        0     1                 $mh.228
    b28e     b28e        0     1                 $mh.229
    b29c     b29c        0     1                 $mh.230
    b2b2     b2b2        0     1                 $xh.231
    b2b4     b2b4        0     1                 $mh.232
    b2b8     b2b8        0     1                 $xh.233
    b2c3     b2c3        d     1         build/mainBankZero_llvm-mos.smc.lto.o:(.text.resetMonumentTextState)
    b2c3     b2c3        d     1                 resetMonumentTextState
    b2d0     b2d0       4d     1         build/mainBankZero_llvm-mos.smc.lto.o:(.text.collectCurrentRoomFruit)
    b2d0     b2d0       4d     1                 collectCurrentRoomFruit
    b2de     b2de        0     1                 $xh.1232
    b2e3     b2e3        0     1                 $xh.1233
    b2ee     b2ee        0     1                 $mh.1234
    b2f1     b2f1        0     1                 $mh.1235
    b30e     b30e        0     1                 $mh.1236
    b31d     b31d     1431     1         build/mainBankZero_llvm-mos.smc.lto.o:(.text.LoadRoomData)
    b31d     b31d     1431     1                 LoadRoomData
    b345     b345        0     1                 $xh.1443
    b359     b359        0     1                 $xh.1444
    b370     b370        0     1                 $xh.1445
    b382     b382        0     1                 $xh.1446
    b388     b388        0     1                 $xh.1447
    b390     b390        0     1                 $xh.1448
    b399     b399        0     1                 $xh.1449
    b3a5     b3a5        0     1                 $xh.1450
    b3ad     b3ad        0     1                 $xh.1451
    b3b9     b3b9        0     1                 $xh.1452
    b3bf     b3bf        0     1                 $xh.1453
    b3c3     b3c3        0     1                 $xh.1454
    b3c7     b3c7        0     1                 $xh.1455
    b3cb     b3cb        0     1                 $mh.1456
    b3d7     b3d7        0     1                 $xh.1457
    b3db     b3db        0     1                 $xh.1458
    b3df     b3df        0     1                 $xh.1459
    b3e3     b3e3        0     1                 $xh.1460
    b3e7     b3e7        0     1                 $mh.1461
    b3f1     b3f1        0     1                 $mh.1462
    b3f9     b3f9        0     1                 $mh.1463
    b400     b400        0     1                 $xh.1464
    b40c     b40c        0     1                 $xh.1465
    b410     b410        0     1                 $xh.1466
    b414     b414        0     1                 $xh.1467
    b418     b418        0     1                 $xh.1468
    b41c     b41c        0     1                 $xh.1469
    b41e     b41e        0     1                 $mh.1470
    b423     b423        0     1                 $xh.1471
    b427     b427        0     1                 $xh.1472
    b42b     b42b        0     1                 $xh.1473
    b42f     b42f        0     1                 $xh.1474
    b433     b433        0     1                 $xh.1475
    b435     b435        0     1                 $mh.1476
    b43a     b43a        0     1                 $mh.1477
    b43c     b43c        0     1                 $xh.1478
    b440     b440        0     1                 $xh.1479
    b444     b444        0     1                 $xh.1480
    b448     b448        0     1                 $xh.1481
    b44c     b44c        0     1                 $xh.1482
    b451     b451        0     1                 $xh.1483
    b457     b457        0     1                 $xh.1484
    b45b     b45b        0     1                 $xh.1485
    b45f     b45f        0     1                 $xh.1486
    b465     b465        0     1                 $mh.1487
    b46f     b46f        0     1                 $xh.1488
    b474     b474        0     1                 $xh.1489
    b479     b479        0     1                 $mh.1490
    b47b     b47b        0     1                 $xh.1491
    b47f     b47f        0     1                 $xh.1492
    b483     b483        0     1                 $xh.1493
    b487     b487        0     1                 $xh.1494
    b48c     b48c        0     1                 $xh.1495
    b490     b490        0     1                 $xh.1496
    b494     b494        0     1                 $xh.1497
    b498     b498        0     1                 $xh.1498
    b49c     b49c        0     1                 $xh.1499
    b49e     b49e        0     1                 $mh.1500
    b4a3     b4a3        0     1                 $xh.1501
    b4a7     b4a7        0     1                 $xh.1502
    b4ab     b4ab        0     1                 $xh.1503
    b4af     b4af        0     1                 $xh.1504
    b4b3     b4b3        0     1                 $xh.1505
    b4b5     b4b5        0     1                 $mh.1506
    b4ba     b4ba        0     1                 $mh.1507
    b4bc     b4bc        0     1                 $xh.1508
    b4c0     b4c0        0     1                 $xh.1509
    b4c4     b4c4        0     1                 $xh.1510
    b4c8     b4c8        0     1                 $xh.1511
    b4cc     b4cc        0     1                 $xh.1512
    b4d1     b4d1        0     1                 $xh.1513
    b4d5     b4d5        0     1                 $xh.1514
    b4d9     b4d9        0     1                 $xh.1515
    b4dd     b4dd        0     1                 $xh.1516
    b4e1     b4e1        0     1                 $xh.1517
    b4e3     b4e3        0     1                 $mh.1518
    b4e8     b4e8        0     1                 $xh.1519
    b4f0     b4f0        0     1                 $xh.1520
    b4f5     b4f5        0     1                 $mh.1521
    b4f7     b4f7        0     1                 $xh.1522
    b4fb     b4fb        0     1                 $xh.1523
    b4ff     b4ff        0     1                 $xh.1524
    b503     b503        0     1                 $xh.1525
    b508     b508        0     1                 $xh.1526
    b50c     b50c        0     1                 $xh.1527
    b510     b510        0     1                 $xh.1528
    b514     b514        0     1                 $xh.1529
    b518     b518        0     1                 $xh.1530
    b51a     b51a        0     1                 $mh.1531
    b51f     b51f        0     1                 $xh.1532
    b523     b523        0     1                 $xh.1533
    b527     b527        0     1                 $xh.1534
    b52b     b52b        0     1                 $xh.1535
    b52f     b52f        0     1                 $xh.1536
    b531     b531        0     1                 $mh.1537
    b536     b536        0     1                 $mh.1538
    b538     b538        0     1                 $xh.1539
    b53c     b53c        0     1                 $xh.1540
    b540     b540        0     1                 $xh.1541
    b544     b544        0     1                 $xh.1542
    b548     b548        0     1                 $xh.1543
    b54d     b54d        0     1                 $xh.1544
    b553     b553        0     1                 $xh.1545
    b557     b557        0     1                 $xh.1546
    b55b     b55b        0     1                 $xh.1547
    b55f     b55f        0     1                 $mh.1548
    b564     b564        0     1                 $xh.1549
    b569     b569        0     1                 $xh.1550
    b56e     b56e        0     1                 $xh.1551
    b573     b573        0     1                 $mh.1552
    b575     b575        0     1                 $xh.1553
    b579     b579        0     1                 $xh.1554
    b57d     b57d        0     1                 $xh.1555
    b581     b581        0     1                 $xh.1556
    b586     b586        0     1                 $xh.1557
    b58a     b58a        0     1                 $xh.1558
    b58e     b58e        0     1                 $xh.1559
    b592     b592        0     1                 $xh.1560
    b596     b596        0     1                 $xh.1561
    b598     b598        0     1                 $mh.1562
    b59d     b59d        0     1                 $xh.1563
    b5a1     b5a1        0     1                 $xh.1564
    b5a5     b5a5        0     1                 $xh.1565
    b5a9     b5a9        0     1                 $xh.1566
    b5ad     b5ad        0     1                 $xh.1567
    b5af     b5af        0     1                 $mh.1568
    b5b4     b5b4        0     1                 $mh.1569
    b5b6     b5b6        0     1                 $xh.1570
    b5ba     b5ba        0     1                 $xh.1571
    b5be     b5be        0     1                 $xh.1572
    b5c2     b5c2        0     1                 $xh.1573
    b5c6     b5c6        0     1                 $xh.1574
    b5cb     b5cb        0     1                 $xh.1575
    b5d1     b5d1        0     1                 $xh.1576
    b5d5     b5d5        0     1                 $xh.1577
    b5d9     b5d9        0     1                 $xh.1578
    b5dd     b5dd        0     1                 $mh.1579
    b5e2     b5e2        0     1                 $xh.1580
    b5e7     b5e7        0     1                 $xh.1581
    b5ec     b5ec        0     1                 $xh.1582
    b5f1     b5f1        0     1                 $mh.1583
    b5f3     b5f3        0     1                 $xh.1584
    b5f7     b5f7        0     1                 $xh.1585
    b5fb     b5fb        0     1                 $xh.1586
    b5ff     b5ff        0     1                 $xh.1587
    b604     b604        0     1                 $xh.1588
    b608     b608        0     1                 $xh.1589
    b60c     b60c        0     1                 $xh.1590
    b610     b610        0     1                 $xh.1591
    b614     b614        0     1                 $xh.1592
    b616     b616        0     1                 $mh.1593
    b61b     b61b        0     1                 $xh.1594
    b61f     b61f        0     1                 $xh.1595
    b623     b623        0     1                 $xh.1596
    b627     b627        0     1                 $xh.1597
    b62b     b62b        0     1                 $xh.1598
    b62d     b62d        0     1                 $mh.1599
    b632     b632        0     1                 $mh.1600
    b634     b634        0     1                 $xh.1601
    b638     b638        0     1                 $xh.1602
    b63c     b63c        0     1                 $xh.1603
    b640     b640        0     1                 $xh.1604
    b644     b644        0     1                 $xh.1605
    b649     b649        0     1                 $xh.1606
    b64f     b64f        0     1                 $xh.1607
    b653     b653        0     1                 $xh.1608
    b657     b657        0     1                 $xh.1609
    b65b     b65b        0     1                 $mh.1610
    b660     b660        0     1                 $xh.1611
    b665     b665        0     1                 $xh.1612
    b66a     b66a        0     1                 $xh.1613
    b66f     b66f        0     1                 $mh.1614
    b671     b671        0     1                 $xh.1615
    b675     b675        0     1                 $xh.1616
    b679     b679        0     1                 $xh.1617
    b67d     b67d        0     1                 $xh.1618
    b682     b682        0     1                 $xh.1619
    b686     b686        0     1                 $xh.1620
    b68a     b68a        0     1                 $xh.1621
    b68e     b68e        0     1                 $xh.1622
    b692     b692        0     1                 $xh.1623
    b694     b694        0     1                 $mh.1624
    b699     b699        0     1                 $xh.1625
    b69d     b69d        0     1                 $xh.1626
    b6a1     b6a1        0     1                 $xh.1627
    b6a5     b6a5        0     1                 $xh.1628
    b6a9     b6a9        0     1                 $xh.1629
    b6ab     b6ab        0     1                 $mh.1630
    b6b0     b6b0        0     1                 $mh.1631
    b6b2     b6b2        0     1                 $xh.1632
    b6b6     b6b6        0     1                 $xh.1633
    b6ba     b6ba        0     1                 $xh.1634
    b6be     b6be        0     1                 $xh.1635
    b6c2     b6c2        0     1                 $xh.1636
    b6c7     b6c7        0     1                 $xh.1637
    b6cd     b6cd        0     1                 $xh.1638
    b6d1     b6d1        0     1                 $xh.1639
    b6d5     b6d5        0     1                 $xh.1640
    b6db     b6db        0     1                 $mh.1641
    b6e5     b6e5        0     1                 $xh.1642
    b6ea     b6ea        0     1                 $xh.1643
    b6ef     b6ef        0     1                 $mh.1644
    b6f1     b6f1        0     1                 $xh.1645
    b6f5     b6f5        0     1                 $xh.1646
    b6f9     b6f9        0     1                 $xh.1647
    b6fd     b6fd        0     1                 $xh.1648
    b702     b702        0     1                 $xh.1649
    b706     b706        0     1                 $xh.1650
    b70a     b70a        0     1                 $xh.1651
    b70e     b70e        0     1                 $xh.1652
    b712     b712        0     1                 $xh.1653
    b714     b714        0     1                 $mh.1654
    b719     b719        0     1                 $xh.1655
    b71d     b71d        0     1                 $xh.1656
    b721     b721        0     1                 $xh.1657
    b725     b725        0     1                 $xh.1658
    b729     b729        0     1                 $xh.1659
    b72b     b72b        0     1                 $mh.1660
    b730     b730        0     1                 $mh.1661
    b732     b732        0     1                 $xh.1662
    b736     b736        0     1                 $xh.1663
    b73a     b73a        0     1                 $xh.1664
    b73e     b73e        0     1                 $xh.1665
    b742     b742        0     1                 $xh.1666
    b747     b747        0     1                 $xh.1667
    b74d     b74d        0     1                 $xh.1668
    b751     b751        0     1                 $xh.1669
    b755     b755        0     1                 $xh.1670
    b759     b759        0     1                 $mh.1671
    b761     b761        0     1                 $xh.1672
    b766     b766        0     1                 $xh.1673
    b76b     b76b        0     1                 $mh.1674
    b76d     b76d        0     1                 $xh.1675
    b771     b771        0     1                 $xh.1676
    b775     b775        0     1                 $xh.1677
    b779     b779        0     1                 $xh.1678
    b77e     b77e        0     1                 $xh.1679
    b784     b784        0     1                 $xh.1680
    b788     b788        0     1                 $xh.1681
    b78c     b78c        0     1                 $xh.1682
    b792     b792        0     1                 $mh.1683
    b797     b797        0     1                 $xh.1684
    b79b     b79b        0     1                 $xh.1685
    b79f     b79f        0     1                 $xh.1686
    b7a3     b7a3        0     1                 $xh.1687
    b7a9     b7a9        0     1                 $mh.1688
    b7ae     b7ae        0     1                 $mh.1689
    b7b0     b7b0        0     1                 $xh.1690
    b7b4     b7b4        0     1                 $xh.1691
    b7b8     b7b8        0     1                 $xh.1692
    b7bc     b7bc        0     1                 $xh.1693
    b7c0     b7c0        0     1                 $xh.1694
    b7c5     b7c5        0     1                 $xh.1695
    b7cb     b7cb        0     1                 $xh.1696
    b7cf     b7cf        0     1                 $xh.1697
    b7d3     b7d3        0     1                 $xh.1698
    b7d9     b7d9        0     1                 $mh.1699
    b7e3     b7e3        0     1                 $xh.1700
    b7ed     b7ed        0     1                 $mh.1701
    b7ef     b7ef        0     1                 $xh.1702
    b7f3     b7f3        0     1                 $xh.1703
    b7f7     b7f7        0     1                 $xh.1704
    b7fb     b7fb        0     1                 $xh.1705
    b800     b800        0     1                 $xh.1706
    b804     b804        0     1                 $xh.1707
    b808     b808        0     1                 $xh.1708
    b80c     b80c        0     1                 $xh.1709
    b810     b810        0     1                 $xh.1710
    b812     b812        0     1                 $mh.1711
    b817     b817        0     1                 $xh.1712
    b81b     b81b        0     1                 $xh.1713
    b81f     b81f        0     1                 $xh.1714
    b823     b823        0     1                 $xh.1715
    b827     b827        0     1                 $xh.1716
    b829     b829        0     1                 $mh.1717
    b82e     b82e        0     1                 $mh.1718
    b830     b830        0     1                 $xh.1719
    b834     b834        0     1                 $xh.1720
    b838     b838        0     1                 $xh.1721
    b83c     b83c        0     1                 $xh.1722
    b840     b840        0     1                 $xh.1723
    b845     b845        0     1                 $xh.1724
    b84b     b84b        0     1                 $xh.1725
    b84f     b84f        0     1                 $xh.1726
    b853     b853        0     1                 $xh.1727
    b859     b859        0     1                 $mh.1728
    b863     b863        0     1                 $xh.1729
    b868     b868        0     1                 $xh.1730
    b86d     b86d        0     1                 $mh.1731
    b86f     b86f        0     1                 $xh.1732
    b873     b873        0     1                 $xh.1733
    b877     b877        0     1                 $xh.1734
    b87b     b87b        0     1                 $xh.1735
    b880     b880        0     1                 $xh.1736
    b886     b886        0     1                 $xh.1737
    b88a     b88a        0     1                 $xh.1738
    b88e     b88e        0     1                 $xh.1739
    b894     b894        0     1                 $mh.1740
    b899     b899        0     1                 $xh.1741
    b89d     b89d        0     1                 $xh.1742
    b8a1     b8a1        0     1                 $xh.1743
    b8a5     b8a5        0     1                 $xh.1744
    b8ab     b8ab        0     1                 $mh.1745
    b8b0     b8b0        0     1                 $mh.1746
    b8b2     b8b2        0     1                 $xh.1747
    b8b6     b8b6        0     1                 $xh.1748
    b8ba     b8ba        0     1                 $xh.1749
    b8be     b8be        0     1                 $xh.1750
    b8c2     b8c2        0     1                 $xh.1751
    b8c7     b8c7        0     1                 $xh.1752
    b8cd     b8cd        0     1                 $xh.1753
    b8d1     b8d1        0     1                 $xh.1754
    b8d5     b8d5        0     1                 $xh.1755
    b8d9     b8d9        0     1                 $mh.1756
    b8e3     b8e3        0     1                 $xh.1757
    b8e8     b8e8        0     1                 $xh.1758
    b8ed     b8ed        0     1                 $mh.1759
    b8ef     b8ef        0     1                 $xh.1760
    b8f3     b8f3        0     1                 $xh.1761
    b8f7     b8f7        0     1                 $xh.1762
    b8fb     b8fb        0     1                 $xh.1763
    b900     b900        0     1                 $xh.1764
    b906     b906        0     1                 $xh.1765
    b90a     b90a        0     1                 $xh.1766
    b90e     b90e        0     1                 $xh.1767
    b914     b914        0     1                 $mh.1768
    b919     b919        0     1                 $xh.1769
    b91d     b91d        0     1                 $xh.1770
    b921     b921        0     1                 $xh.1771
    b925     b925        0     1                 $xh.1772
    b92b     b92b        0     1                 $mh.1773
    b930     b930        0     1                 $mh.1774
    b932     b932        0     1                 $xh.1775
    b936     b936        0     1                 $xh.1776
    b93a     b93a        0     1                 $xh.1777
    b93e     b93e        0     1                 $xh.1778
    b942     b942        0     1                 $xh.1779
    b947     b947        0     1                 $xh.1780
    b94d     b94d        0     1                 $xh.1781
    b951     b951        0     1                 $xh.1782
    b955     b955        0     1                 $xh.1783
    b95b     b95b        0     1                 $mh.1784
    b965     b965        0     1                 $xh.1785
    b96f     b96f        0     1                 $mh.1786
    b971     b971        0     1                 $xh.1787
    b975     b975        0     1                 $xh.1788
    b979     b979        0     1                 $xh.1789
    b97d     b97d        0     1                 $xh.1790
    b982     b982        0     1                 $xh.1791
    b986     b986        0     1                 $xh.1792
    b98a     b98a        0     1                 $xh.1793
    b98e     b98e        0     1                 $xh.1794
    b992     b992        0     1                 $xh.1795
    b994     b994        0     1                 $mh.1796
    b999     b999        0     1                 $xh.1797
    b99d     b99d        0     1                 $xh.1798
    b9a1     b9a1        0     1                 $xh.1799
    b9a5     b9a5        0     1                 $xh.1800
    b9a9     b9a9        0     1                 $xh.1801
    b9ab     b9ab        0     1                 $mh.1802
    b9b0     b9b0        0     1                 $mh.1803
    b9b2     b9b2        0     1                 $xh.1804
    b9b6     b9b6        0     1                 $xh.1805
    b9ba     b9ba        0     1                 $xh.1806
    b9be     b9be        0     1                 $xh.1807
    b9c2     b9c2        0     1                 $xh.1808
    b9c7     b9c7        0     1                 $xh.1809
    b9cd     b9cd        0     1                 $xh.1810
    b9d1     b9d1        0     1                 $xh.1811
    b9d5     b9d5        0     1                 $xh.1812
    b9d9     b9d9        0     1                 $mh.1813
    b9e1     b9e1        0     1                 $xh.1814
    b9e6     b9e6        0     1                 $xh.1815
    b9eb     b9eb        0     1                 $mh.1816
    b9ed     b9ed        0     1                 $xh.1817
    b9f1     b9f1        0     1                 $xh.1818
    b9f5     b9f5        0     1                 $xh.1819
    b9f9     b9f9        0     1                 $xh.1820
    b9fe     b9fe        0     1                 $xh.1821
    ba02     ba02        0     1                 $xh.1822
    ba06     ba06        0     1                 $xh.1823
    ba0a     ba0a        0     1                 $xh.1824
    ba0e     ba0e        0     1                 $xh.1825
    ba10     ba10        0     1                 $mh.1826
    ba15     ba15        0     1                 $xh.1827
    ba19     ba19        0     1                 $xh.1828
    ba1d     ba1d        0     1                 $xh.1829
    ba21     ba21        0     1                 $xh.1830
    ba25     ba25        0     1                 $xh.1831
    ba27     ba27        0     1                 $mh.1832
    ba2c     ba2c        0     1                 $mh.1833
    ba2e     ba2e        0     1                 $xh.1834
    ba32     ba32        0     1                 $xh.1835
    ba36     ba36        0     1                 $xh.1836
    ba3a     ba3a        0     1                 $xh.1837
    ba3e     ba3e        0     1                 $xh.1838
    ba43     ba43        0     1                 $xh.1839
    ba49     ba49        0     1                 $xh.1840
    ba4d     ba4d        0     1                 $xh.1841
    ba51     ba51        0     1                 $xh.1842
    ba57     ba57        0     1                 $mh.1843
    ba61     ba61        0     1                 $xh.1844
    ba66     ba66        0     1                 $xh.1845
    ba6b     ba6b        0     1                 $mh.1846
    ba6d     ba6d        0     1                 $xh.1847
    ba71     ba71        0     1                 $xh.1848
    ba75     ba75        0     1                 $xh.1849
    ba79     ba79        0     1                 $xh.1850
    ba7e     ba7e        0     1                 $xh.1851
    ba82     ba82        0     1                 $xh.1852
    ba86     ba86        0     1                 $xh.1853
    ba8a     ba8a        0     1                 $xh.1854
    ba8e     ba8e        0     1                 $xh.1855
    ba90     ba90        0     1                 $mh.1856
    ba95     ba95        0     1                 $xh.1857
    ba99     ba99        0     1                 $xh.1858
    ba9d     ba9d        0     1                 $xh.1859
    baa1     baa1        0     1                 $xh.1860
    baa5     baa5        0     1                 $xh.1861
    baa7     baa7        0     1                 $mh.1862
    baac     baac        0     1                 $mh.1863
    baae     baae        0     1                 $xh.1864
    bab2     bab2        0     1                 $xh.1865
    bab6     bab6        0     1                 $xh.1866
    baba     baba        0     1                 $xh.1867
    babe     babe        0     1                 $xh.1868
    bac3     bac3        0     1                 $xh.1869
    bac9     bac9        0     1                 $xh.1870
    bacd     bacd        0     1                 $xh.1871
    bad1     bad1        0     1                 $xh.1872
    bad7     bad7        0     1                 $mh.1873
    bae1     bae1        0     1                 $xh.1874
    bae6     bae6        0     1                 $xh.1875
    baeb     baeb        0     1                 $mh.1876
    baed     baed        0     1                 $xh.1877
    baf1     baf1        0     1                 $xh.1878
    baf5     baf5        0     1                 $xh.1879
    baf9     baf9        0     1                 $xh.1880
    bafe     bafe        0     1                 $xh.1881
    bb02     bb02        0     1                 $xh.1882
    bb06     bb06        0     1                 $xh.1883
    bb0a     bb0a        0     1                 $xh.1884
    bb0e     bb0e        0     1                 $xh.1885
    bb10     bb10        0     1                 $mh.1886
    bb15     bb15        0     1                 $xh.1887
    bb19     bb19        0     1                 $xh.1888
    bb1d     bb1d        0     1                 $xh.1889
    bb21     bb21        0     1                 $xh.1890
    bb25     bb25        0     1                 $xh.1891
    bb27     bb27        0     1                 $mh.1892
    bb2c     bb2c        0     1                 $mh.1893
    bb2e     bb2e        0     1                 $xh.1894
    bb32     bb32        0     1                 $xh.1895
    bb36     bb36        0     1                 $xh.1896
    bb3a     bb3a        0     1                 $xh.1897
    bb3e     bb3e        0     1                 $xh.1898
    bb43     bb43        0     1                 $xh.1899
    bb47     bb47        0     1                 $xh.1900
    bb4b     bb4b        0     1                 $xh.1901
    bb4f     bb4f        0     1                 $xh.1902
    bb53     bb53        0     1                 $xh.1903
    bb55     bb55        0     1                 $mh.1904
    bb5a     bb5a        0     1                 $xh.1905
    bb5f     bb5f        0     1                 $xh.1906
    bb67     bb67        0     1                 $mh.1907
    bb69     bb69        0     1                 $xh.1908
    bb6d     bb6d        0     1                 $xh.1909
    bb71     bb71        0     1                 $xh.1910
    bb75     bb75        0     1                 $xh.1911
    bb7a     bb7a        0     1                 $xh.1912
    bb7e     bb7e        0     1                 $xh.1913
    bb82     bb82        0     1                 $xh.1914
    bb86     bb86        0     1                 $xh.1915
    bb8a     bb8a        0     1                 $xh.1916
    bb8c     bb8c        0     1                 $mh.1917
    bb91     bb91        0     1                 $xh.1918
    bb95     bb95        0     1                 $xh.1919
    bb99     bb99        0     1                 $xh.1920
    bb9d     bb9d        0     1                 $xh.1921
    bba1     bba1        0     1                 $xh.1922
    bba3     bba3        0     1                 $mh.1923
    bba8     bba8        0     1                 $mh.1924
    bbaa     bbaa        0     1                 $xh.1925
    bbae     bbae        0     1                 $xh.1926
    bbb2     bbb2        0     1                 $xh.1927
    bbb6     bbb6        0     1                 $xh.1928
    bbba     bbba        0     1                 $xh.1929
    bbbf     bbbf        0     1                 $xh.1930
    bbc5     bbc5        0     1                 $xh.1931
    bbc9     bbc9        0     1                 $xh.1932
    bbcd     bbcd        0     1                 $xh.1933
    bbd1     bbd1        0     1                 $mh.1934
    bbdf     bbdf        0     1                 $xh.1935
    bbe3     bbe3        0     1                 $xh.1936
    bbe7     bbe7        0     1                 $xh.1937
    bbeb     bbeb        0     1                 $xh.1938
    bbef     bbef        0     1                 $xh.1939
    bbf5     bbf5        0     1                 $xh.1940
    bbf9     bbf9        0     1                 $xh.1941
    bbfd     bbfd        0     1                 $xh.1942
    bc01     bc01        0     1                 $xh.1943
    bc05     bc05        0     1                 $xh.1944
    bc07     bc07        0     1                 $mh.1945
    bc0c     bc0c        0     1                 $xh.1946
    bc10     bc10        0     1                 $xh.1947
    bc14     bc14        0     1                 $xh.1948
    bc18     bc18        0     1                 $xh.1949
    bc1c     bc1c        0     1                 $xh.1950
    bc1e     bc1e        0     1                 $mh.1951
    bc23     bc23        0     1                 $mh.1952
    bc25     bc25        0     1                 $xh.1953
    bc29     bc29        0     1                 $xh.1954
    bc2d     bc2d        0     1                 $xh.1955
    bc31     bc31        0     1                 $xh.1956
    bc35     bc35        0     1                 $xh.1957
    bc3a     bc3a        0     1                 $xh.1958
    bc40     bc40        0     1                 $xh.1959
    bc44     bc44        0     1                 $xh.1960
    bc48     bc48        0     1                 $xh.1961
    bc4e     bc4e        0     1                 $mh.1962
    bc58     bc58        0     1                 $xh.1963
    bc5d     bc5d        0     1                 $xh.1964
    bc62     bc62        0     1                 $mh.1965
    bc64     bc64        0     1                 $xh.1966
    bc68     bc68        0     1                 $xh.1967
    bc6c     bc6c        0     1                 $xh.1968
    bc70     bc70        0     1                 $xh.1969
    bc75     bc75        0     1                 $xh.1970
    bc79     bc79        0     1                 $xh.1971
    bc7d     bc7d        0     1                 $xh.1972
    bc81     bc81        0     1                 $xh.1973
    bc85     bc85        0     1                 $xh.1974
    bc87     bc87        0     1                 $mh.1975
    bc8c     bc8c        0     1                 $xh.1976
    bc90     bc90        0     1                 $xh.1977
    bc94     bc94        0     1                 $xh.1978
    bc98     bc98        0     1                 $xh.1979
    bc9c     bc9c        0     1                 $xh.1980
    bc9e     bc9e        0     1                 $mh.1981
    bca3     bca3        0     1                 $mh.1982
    bca5     bca5        0     1                 $xh.1983
    bca9     bca9        0     1                 $xh.1984
    bcad     bcad        0     1                 $xh.1985
    bcb1     bcb1        0     1                 $xh.1986
    bcb5     bcb5        0     1                 $xh.1987
    bcba     bcba        0     1                 $xh.1988
    bcc0     bcc0        0     1                 $xh.1989
    bcc4     bcc4        0     1                 $xh.1990
    bcc8     bcc8        0     1                 $xh.1991
    bcce     bcce        0     1                 $mh.1992
    bcd8     bcd8        0     1                 $xh.1993
    bce0     bce0        0     1                 $mh.1994
    bce2     bce2        0     1                 $xh.1995
    bce6     bce6        0     1                 $xh.1996
    bcea     bcea        0     1                 $xh.1997
    bcee     bcee        0     1                 $xh.1998
    bcf3     bcf3        0     1                 $xh.1999
    bcf7     bcf7        0     1                 $xh.2000
    bcfb     bcfb        0     1                 $xh.2001
    bcff     bcff        0     1                 $xh.2002
    bd03     bd03        0     1                 $xh.2003
    bd05     bd05        0     1                 $mh.2004
    bd0a     bd0a        0     1                 $xh.2005
    bd0e     bd0e        0     1                 $xh.2006
    bd12     bd12        0     1                 $xh.2007
    bd16     bd16        0     1                 $xh.2008
    bd1a     bd1a        0     1                 $xh.2009
    bd1c     bd1c        0     1                 $mh.2010
    bd21     bd21        0     1                 $mh.2011
    bd23     bd23        0     1                 $xh.2012
    bd27     bd27        0     1                 $xh.2013
    bd2b     bd2b        0     1                 $xh.2014
    bd2f     bd2f        0     1                 $xh.2015
    bd33     bd33        0     1                 $xh.2016
    bd38     bd38        0     1                 $xh.2017
    bd3c     bd3c        0     1                 $xh.2018
    bd40     bd40        0     1                 $xh.2019
    bd44     bd44        0     1                 $xh.2020
    bd48     bd48        0     1                 $xh.2021
    bd4a     bd4a        0     1                 $mh.2022
    bd4f     bd4f        0     1                 $xh.2023
    bd54     bd54        0     1                 $xh.2024
    bd5c     bd5c        0     1                 $mh.2025
    bd5e     bd5e        0     1                 $xh.2026
    bd62     bd62        0     1                 $xh.2027
    bd66     bd66        0     1                 $xh.2028
    bd6a     bd6a        0     1                 $xh.2029
    bd6f     bd6f        0     1                 $xh.2030
    bd73     bd73        0     1                 $xh.2031
    bd77     bd77        0     1                 $xh.2032
    bd7b     bd7b        0     1                 $xh.2033
    bd7f     bd7f        0     1                 $xh.2034
    bd81     bd81        0     1                 $mh.2035
    bd86     bd86        0     1                 $xh.2036
    bd8a     bd8a        0     1                 $xh.2037
    bd8e     bd8e        0     1                 $xh.2038
    bd92     bd92        0     1                 $xh.2039
    bd96     bd96        0     1                 $xh.2040
    bd98     bd98        0     1                 $mh.2041
    bd9d     bd9d        0     1                 $mh.2042
    bd9f     bd9f        0     1                 $xh.2043
    bda3     bda3        0     1                 $xh.2044
    bda7     bda7        0     1                 $xh.2045
    bdab     bdab        0     1                 $xh.2046
    bdaf     bdaf        0     1                 $xh.2047
    bdb4     bdb4        0     1                 $xh.2048
    bdba     bdba        0     1                 $xh.2049
    bdbe     bdbe        0     1                 $xh.2050
    bdc2     bdc2        0     1                 $xh.2051
    bdc6     bdc6        0     1                 $mh.2052
    bdcb     bdcb        0     1                 $xh.2053
    bdd0     bdd0        0     1                 $xh.2054
    bdd8     bdd8        0     1                 $mh.2055
    bdda     bdda        0     1                 $xh.2056
    bdde     bdde        0     1                 $xh.2057
    bde2     bde2        0     1                 $xh.2058
    bde6     bde6        0     1                 $xh.2059
    bdeb     bdeb        0     1                 $xh.2060
    bdf1     bdf1        0     1                 $xh.2061
    bdf5     bdf5        0     1                 $xh.2062
    bdf9     bdf9        0     1                 $xh.2063
    bdff     bdff        0     1                 $mh.2064
    be04     be04        0     1                 $xh.2065
    be08     be08        0     1                 $xh.2066
    be0c     be0c        0     1                 $xh.2067
    be10     be10        0     1                 $xh.2068
    be16     be16        0     1                 $mh.2069
    be1b     be1b        0     1                 $mh.2070
    be1d     be1d        0     1                 $xh.2071
    be21     be21        0     1                 $xh.2072
    be25     be25        0     1                 $xh.2073
    be29     be29        0     1                 $xh.2074
    be2d     be2d        0     1                 $xh.2075
    be32     be32        0     1                 $xh.2076
    be38     be38        0     1                 $xh.2077
    be3c     be3c        0     1                 $xh.2078
    be40     be40        0     1                 $xh.2079
    be44     be44        0     1                 $mh.2080
    be4c     be4c        0     1                 $xh.2081
    be56     be56        0     1                 $mh.2082
    be58     be58        0     1                 $xh.2083
    be5c     be5c        0     1                 $xh.2084
    be60     be60        0     1                 $xh.2085
    be64     be64        0     1                 $xh.2086
    be69     be69        0     1                 $xh.2087
    be6d     be6d        0     1                 $xh.2088
    be71     be71        0     1                 $xh.2089
    be75     be75        0     1                 $xh.2090
    be79     be79        0     1                 $xh.2091
    be7b     be7b        0     1                 $mh.2092
    be80     be80        0     1                 $xh.2093
    be84     be84        0     1                 $xh.2094
    be88     be88        0     1                 $xh.2095
    be8c     be8c        0     1                 $xh.2096
    be90     be90        0     1                 $xh.2097
    be92     be92        0     1                 $mh.2098
    be97     be97        0     1                 $mh.2099
    be99     be99        0     1                 $xh.2100
    be9d     be9d        0     1                 $xh.2101
    bea1     bea1        0     1                 $xh.2102
    bea5     bea5        0     1                 $xh.2103
    bea9     bea9        0     1                 $xh.2104
    beae     beae        0     1                 $xh.2105
    beb4     beb4        0     1                 $xh.2106
    beb8     beb8        0     1                 $xh.2107
    bebc     bebc        0     1                 $xh.2108
    bec0     bec0        0     1                 $mh.2109
    bec5     bec5        0     1                 $xh.2110
    beca     beca        0     1                 $xh.2111
    becf     becf        0     1                 $xh.2112
    bed4     bed4        0     1                 $mh.2113
    bed6     bed6        0     1                 $xh.2114
    beda     beda        0     1                 $xh.2115
    bede     bede        0     1                 $xh.2116
    bee2     bee2        0     1                 $xh.2117
    bee7     bee7        0     1                 $xh.2118
    beeb     beeb        0     1                 $xh.2119
    beef     beef        0     1                 $xh.2120
    bef3     bef3        0     1                 $xh.2121
    bef7     bef7        0     1                 $xh.2122
    bef9     bef9        0     1                 $mh.2123
    befe     befe        0     1                 $xh.2124
    bf02     bf02        0     1                 $xh.2125
    bf06     bf06        0     1                 $xh.2126
    bf0a     bf0a        0     1                 $xh.2127
    bf0e     bf0e        0     1                 $xh.2128
    bf10     bf10        0     1                 $mh.2129
    bf15     bf15        0     1                 $mh.2130
    bf17     bf17        0     1                 $xh.2131
    bf1b     bf1b        0     1                 $xh.2132
    bf1f     bf1f        0     1                 $xh.2133
    bf23     bf23        0     1                 $xh.2134
    bf27     bf27        0     1                 $xh.2135
    bf2c     bf2c        0     1                 $xh.2136
    bf32     bf32        0     1                 $xh.2137
    bf36     bf36        0     1                 $xh.2138
    bf3a     bf3a        0     1                 $xh.2139
    bf3e     bf3e        0     1                 $mh.2140
    bf46     bf46        0     1                 $xh.2141
    bf4b     bf4b        0     1                 $xh.2142
    bf50     bf50        0     1                 $mh.2143
    bf52     bf52        0     1                 $xh.2144
    bf56     bf56        0     1                 $xh.2145
    bf5a     bf5a        0     1                 $xh.2146
    bf5e     bf5e        0     1                 $xh.2147
    bf63     bf63        0     1                 $xh.2148
    bf67     bf67        0     1                 $xh.2149
    bf6b     bf6b        0     1                 $xh.2150
    bf6f     bf6f        0     1                 $xh.2151
    bf73     bf73        0     1                 $xh.2152
    bf75     bf75        0     1                 $mh.2153
    bf7a     bf7a        0     1                 $xh.2154
    bf7e     bf7e        0     1                 $xh.2155
    bf82     bf82        0     1                 $xh.2156
    bf86     bf86        0     1                 $xh.2157
    bf8a     bf8a        0     1                 $xh.2158
    bf8c     bf8c        0     1                 $mh.2159
    bf91     bf91        0     1                 $mh.2160
    bf93     bf93        0     1                 $xh.2161
    bf97     bf97        0     1                 $xh.2162
    bf9b     bf9b        0     1                 $xh.2163
    bf9f     bf9f        0     1                 $xh.2164
    bfa3     bfa3        0     1                 $xh.2165
    bfa8     bfa8        0     1                 $xh.2166
    bfae     bfae        0     1                 $xh.2167
    bfb2     bfb2        0     1                 $xh.2168
    bfb6     bfb6        0     1                 $xh.2169
    bfbc     bfbc        0     1                 $mh.2170
    bfc6     bfc6        0     1                 $xh.2171
    bfcb     bfcb        0     1                 $xh.2172
    bfd0     bfd0        0     1                 $mh.2173
    bfd2     bfd2        0     1                 $xh.2174
    bfd6     bfd6        0     1                 $xh.2175
    bfda     bfda        0     1                 $xh.2176
    bfde     bfde        0     1                 $xh.2177
    bfe3     bfe3        0     1                 $xh.2178
    bfe7     bfe7        0     1                 $xh.2179
    bfeb     bfeb        0     1                 $xh.2180
    bfef     bfef        0     1                 $xh.2181
    bff3     bff3        0     1                 $xh.2182
    bff5     bff5        0     1                 $mh.2183
    bffa     bffa        0     1                 $xh.2184
    bffe     bffe        0     1                 $xh.2185
    c002     c002        0     1                 $xh.2186
    c006     c006        0     1                 $xh.2187
    c00a     c00a        0     1                 $xh.2188
    c00c     c00c        0     1                 $mh.2189
    c011     c011        0     1                 $mh.2190
    c013     c013        0     1                 $xh.2191
    c017     c017        0     1                 $xh.2192
    c01b     c01b        0     1                 $xh.2193
    c01f     c01f        0     1                 $xh.2194
    c023     c023        0     1                 $xh.2195
    c028     c028        0     1                 $xh.2196
    c02e     c02e        0     1                 $xh.2197
    c032     c032        0     1                 $xh.2198
    c036     c036        0     1                 $xh.2199
    c03a     c03a        0     1                 $mh.2200
    c03f     c03f        0     1                 $xh.2201
    c044     c044        0     1                 $xh.2202
    c049     c049        0     1                 $xh.2203
    c04e     c04e        0     1                 $mh.2204
    c050     c050        0     1                 $xh.2205
    c054     c054        0     1                 $xh.2206
    c058     c058        0     1                 $xh.2207
    c05c     c05c        0     1                 $xh.2208
    c061     c061        0     1                 $xh.2209
    c065     c065        0     1                 $xh.2210
    c069     c069        0     1                 $xh.2211
    c06d     c06d        0     1                 $xh.2212
    c071     c071        0     1                 $xh.2213
    c073     c073        0     1                 $mh.2214
    c078     c078        0     1                 $xh.2215
    c07c     c07c        0     1                 $xh.2216
    c080     c080        0     1                 $xh.2217
    c084     c084        0     1                 $xh.2218
    c088     c088        0     1                 $xh.2219
    c08a     c08a        0     1                 $mh.2220
    c08f     c08f        0     1                 $mh.2221
    c091     c091        0     1                 $xh.2222
    c095     c095        0     1                 $xh.2223
    c099     c099        0     1                 $xh.2224
    c09d     c09d        0     1                 $xh.2225
    c0a1     c0a1        0     1                 $xh.2226
    c0a6     c0a6        0     1                 $xh.2227
    c0ac     c0ac        0     1                 $xh.2228
    c0b0     c0b0        0     1                 $xh.2229
    c0b4     c0b4        0     1                 $xh.2230
    c0ba     c0ba        0     1                 $mh.2231
    c0c2     c0c2        0     1                 $xh.2232
    c0cc     c0cc        0     1                 $mh.2233
    c0ce     c0ce        0     1                 $xh.2234
    c0d2     c0d2        0     1                 $xh.2235
    c0d6     c0d6        0     1                 $xh.2236
    c0da     c0da        0     1                 $xh.2237
    c0df     c0df        0     1                 $xh.2238
    c0e5     c0e5        0     1                 $xh.2239
    c0e9     c0e9        0     1                 $xh.2240
    c0ed     c0ed        0     1                 $xh.2241
    c0f3     c0f3        0     1                 $mh.2242
    c0f8     c0f8        0     1                 $xh.2243
    c0fc     c0fc        0     1                 $xh.2244
    c100     c100        0     1                 $xh.2245
    c104     c104        0     1                 $xh.2246
    c10a     c10a        0     1                 $mh.2247
    c10f     c10f        0     1                 $mh.2248
    c111     c111        0     1                 $xh.2249
    c115     c115        0     1                 $xh.2250
    c119     c119        0     1                 $xh.2251
    c11d     c11d        0     1                 $xh.2252
    c121     c121        0     1                 $xh.2253
    c126     c126        0     1                 $xh.2254
    c12c     c12c        0     1                 $xh.2255
    c130     c130        0     1                 $xh.2256
    c134     c134        0     1                 $xh.2257
    c13a     c13a        0     1                 $mh.2258
    c144     c144        0     1                 $xh.2259
    c14e     c14e        0     1                 $mh.2260
    c150     c150        0     1                 $xh.2261
    c154     c154        0     1                 $xh.2262
    c158     c158        0     1                 $xh.2263
    c15c     c15c        0     1                 $xh.2264
    c161     c161        0     1                 $xh.2265
    c165     c165        0     1                 $xh.2266
    c169     c169        0     1                 $xh.2267
    c16d     c16d        0     1                 $xh.2268
    c171     c171        0     1                 $xh.2269
    c173     c173        0     1                 $mh.2270
    c178     c178        0     1                 $xh.2271
    c17c     c17c        0     1                 $xh.2272
    c180     c180        0     1                 $xh.2273
    c184     c184        0     1                 $xh.2274
    c188     c188        0     1                 $xh.2275
    c18a     c18a        0     1                 $mh.2276
    c18f     c18f        0     1                 $mh.2277
    c191     c191        0     1                 $xh.2278
    c195     c195        0     1                 $xh.2279
    c199     c199        0     1                 $xh.2280
    c19d     c19d        0     1                 $xh.2281
    c1a1     c1a1        0     1                 $xh.2282
    c1a6     c1a6        0     1                 $xh.2283
    c1ac     c1ac        0     1                 $xh.2284
    c1b0     c1b0        0     1                 $xh.2285
    c1b4     c1b4        0     1                 $xh.2286
    c1ba     c1ba        0     1                 $mh.2287
    c1c4     c1c4        0     1                 $xh.2288
    c1c9     c1c9        0     1                 $xh.2289
    c1ce     c1ce        0     1                 $mh.2290
    c1d0     c1d0        0     1                 $xh.2291
    c1d4     c1d4        0     1                 $xh.2292
    c1d8     c1d8        0     1                 $xh.2293
    c1dc     c1dc        0     1                 $xh.2294
    c1e1     c1e1        0     1                 $xh.2295
    c1e5     c1e5        0     1                 $xh.2296
    c1e9     c1e9        0     1                 $xh.2297
    c1ed     c1ed        0     1                 $xh.2298
    c1f1     c1f1        0     1                 $xh.2299
    c1f3     c1f3        0     1                 $mh.2300
    c1f8     c1f8        0     1                 $xh.2301
    c1fc     c1fc        0     1                 $xh.2302
    c200     c200        0     1                 $xh.2303
    c204     c204        0     1                 $xh.2304
    c208     c208        0     1                 $xh.2305
    c20a     c20a        0     1                 $mh.2306
    c20f     c20f        0     1                 $mh.2307
    c211     c211        0     1                 $xh.2308
    c215     c215        0     1                 $xh.2309
    c219     c219        0     1                 $xh.2310
    c21d     c21d        0     1                 $xh.2311
    c221     c221        0     1                 $xh.2312
    c226     c226        0     1                 $xh.2313
    c22a     c22a        0     1                 $xh.2314
    c22e     c22e        0     1                 $xh.2315
    c232     c232        0     1                 $xh.2316
    c236     c236        0     1                 $xh.2317
    c238     c238        0     1                 $mh.2318
    c23d     c23d        0     1                 $xh.2319
    c242     c242        0     1                 $xh.2320
    c24a     c24a        0     1                 $mh.2321
    c24c     c24c        0     1                 $xh.2322
    c250     c250        0     1                 $xh.2323
    c254     c254        0     1                 $xh.2324
    c258     c258        0     1                 $xh.2325
    c25d     c25d        0     1                 $xh.2326
    c261     c261        0     1                 $xh.2327
    c265     c265        0     1                 $xh.2328
    c269     c269        0     1                 $xh.2329
    c26d     c26d        0     1                 $xh.2330
    c26f     c26f        0     1                 $mh.2331
    c274     c274        0     1                 $xh.2332
    c278     c278        0     1                 $xh.2333
    c27c     c27c        0     1                 $xh.2334
    c280     c280        0     1                 $xh.2335
    c284     c284        0     1                 $xh.2336
    c286     c286        0     1                 $mh.2337
    c28b     c28b        0     1                 $mh.2338
    c28d     c28d        0     1                 $xh.2339
    c291     c291        0     1                 $xh.2340
    c295     c295        0     1                 $xh.2341
    c299     c299        0     1                 $xh.2342
    c29d     c29d        0     1                 $xh.2343
    c2a2     c2a2        0     1                 $xh.2344
    c2a8     c2a8        0     1                 $xh.2345
    c2ac     c2ac        0     1                 $xh.2346
    c2b0     c2b0        0     1                 $xh.2347
    c2b4     c2b4        0     1                 $mh.2348
    c2bc     c2bc        0     1                 $xh.2349
    c2c1     c2c1        0     1                 $xh.2350
    c2c6     c2c6        0     1                 $mh.2351
    c2c8     c2c8        0     1                 $xh.2352
    c2cc     c2cc        0     1                 $xh.2353
    c2d0     c2d0        0     1                 $xh.2354
    c2d4     c2d4        0     1                 $xh.2355
    c2d9     c2d9        0     1                 $xh.2356
    c2dd     c2dd        0     1                 $xh.2357
    c2e1     c2e1        0     1                 $xh.2358
    c2e5     c2e5        0     1                 $xh.2359
    c2e9     c2e9        0     1                 $xh.2360
    c2eb     c2eb        0     1                 $mh.2361
    c2f0     c2f0        0     1                 $xh.2362
    c2f4     c2f4        0     1                 $xh.2363
    c2f8     c2f8        0     1                 $xh.2364
    c2fc     c2fc        0     1                 $xh.2365
    c300     c300        0     1                 $xh.2366
    c302     c302        0     1                 $mh.2367
    c307     c307        0     1                 $mh.2368
    c309     c309        0     1                 $xh.2369
    c30d     c30d        0     1                 $xh.2370
    c311     c311        0     1                 $xh.2371
    c315     c315        0     1                 $xh.2372
    c319     c319        0     1                 $xh.2373
    c31e     c31e        0     1                 $xh.2374
    c324     c324        0     1                 $xh.2375
    c328     c328        0     1                 $xh.2376
    c32c     c32c        0     1                 $xh.2377
    c332     c332        0     1                 $mh.2378
    c33c     c33c        0     1                 $xh.2379
    c341     c341        0     1                 $xh.2380
    c346     c346        0     1                 $mh.2381
    c348     c348        0     1                 $xh.2382
    c34c     c34c        0     1                 $xh.2383
    c350     c350        0     1                 $xh.2384
    c354     c354        0     1                 $xh.2385
    c359     c359        0     1                 $xh.2386
    c35d     c35d        0     1                 $xh.2387
    c361     c361        0     1                 $xh.2388
    c365     c365        0     1                 $xh.2389
    c369     c369        0     1                 $xh.2390
    c36b     c36b        0     1                 $mh.2391
    c370     c370        0     1                 $xh.2392
    c374     c374        0     1                 $xh.2393
    c378     c378        0     1                 $xh.2394
    c37c     c37c        0     1                 $xh.2395
    c380     c380        0     1                 $xh.2396
    c382     c382        0     1                 $mh.2397
    c387     c387        0     1                 $mh.2398
    c389     c389        0     1                 $xh.2399
    c38d     c38d        0     1                 $xh.2400
    c391     c391        0     1                 $xh.2401
    c395     c395        0     1                 $xh.2402
    c399     c399        0     1                 $xh.2403
    c39e     c39e        0     1                 $xh.2404
    c3a4     c3a4        0     1                 $xh.2405
    c3a8     c3a8        0     1                 $xh.2406
    c3ac     c3ac        0     1                 $xh.2407
    c3b0     c3b0        0     1                 $mh.2408
    c3b8     c3b8        0     1                 $xh.2409
    c3bd     c3bd        0     1                 $xh.2410
    c3c2     c3c2        0     1                 $mh.2411
    c3c4     c3c4        0     1                 $xh.2412
    c3c8     c3c8        0     1                 $xh.2413
    c3cc     c3cc        0     1                 $xh.2414
    c3d0     c3d0        0     1                 $xh.2415
    c3d4     c3d4        0     1                 $xh.2416
    c3d9     c3d9        0     1                 $xh.2417
    c3ff     c3ff        0     1                 $xh.2418
    c409     c409        0     1                 $xh.2419
    c40e     c40e        0     1                 $xh.2420
    c415     c415        0     1                 $xh.2421
    c41c     c41c        0     1                 $xh.2422
    c421     c421        0     1                 $xh.2423
    c45f     c45f        0     1                 $xh.2424
    c46e     c46e        0     1                 $xh.2425
    c473     c473        0     1                 $xh.2426
    c490     c490        0     1                 $xh.2427
    c49d     c49d        0     1                 $xh.2428
    c4bd     c4bd        0     1                 $xh.2429
    c4c1     c4c1        0     1                 $xh.2430
    c4c5     c4c5        0     1                 $xh.2431
    c4cd     c4cd        0     1                 $xh.2432
    c4da     c4da        0     1                 $xh.2433
    c4fa     c4fa        0     1                 $xh.2434
    c4fe     c4fe        0     1                 $xh.2435
    c502     c502        0     1                 $xh.2436
    c50b     c50b        0     1                 $xh.2437
    c512     c512        0     1                 $xh.2438
    c517     c517        0     1                 $xh.2439
    c52b     c52b        0     1                 $xh.2440
    c533     c533        0     1                 $xh.2441
    c560     c560        0     1                 $xh.2442
    c56b     c56b        0     1                 $xh.2443
    c570     c570        0     1                 $xh.2444
    c57a     c57a        0     1                 $xh.2445
    c587     c587        0     1                 $xh.2446
    c58b     c58b        0     1                 $xh.2447
    c58f     c58f        0     1                 $xh.2448
    c59b     c59b        0     1                 $xh.2449
    c59f     c59f        0     1                 $xh.2450
    c5a9     c5a9        0     1                 $mh.2451
    c5ae     c5ae        0     1                 $xh.2452
    c5b2     c5b2        0     1                 $xh.2453
    c5b6     c5b6        0     1                 $xh.2454
    c5ba     c5ba        0     1                 $mh.2455
    c5bf     c5bf        0     1                 $xh.2456
    c5c3     c5c3        0     1                 $xh.2457
    c5c7     c5c7        0     1                 $xh.2458
    c5cb     c5cb        0     1                 $mh.2459
    c5d9     c5d9        0     1                 $xh.2460
    c5dd     c5dd        0     1                 $xh.2461
    c5e1     c5e1        0     1                 $xh.2462
    c5e5     c5e5        0     1                 $mh.2463
    c5ea     c5ea        0     1                 $xh.2464
    c5ee     c5ee        0     1                 $xh.2465
    c5f6     c5f6        0     1                 $xh.2466
    c5f8     c5f8        0     1                 $mh.2467
    c5fd     c5fd        0     1                 $mh.2468
    c60d     c60d        0     1                 $xh.2469
    c62c     c62c        0     1                 $xh.2470
    c630     c630        0     1                 $xh.2471
    c634     c634        0     1                 $xh.2472
    c63b     c63b        0     1                 $xh.2473
    c641     c641        0     1                 $mh.2474
    c645     c645        0     1                 $mh.2475
    c64a     c64a        0     1                 $xh.2476
    c665     c665        0     1                 $mh.2477
    c669     c669        0     1                 $mh.2478
    c66e     c66e        0     1                 $xh.2479
    c672     c672        0     1                 $xh.2480
    c676     c676        0     1                 $xh.2481
    c689     c689        0     1                 $xh.2482
    c68d     c68d        0     1                 $xh.2483
    c691     c691        0     1                 $xh.2484
    c6a8     c6a8        0     1                 $mh.2485
    c6ae     c6ae        0     1                 $mh.2486
    c6b4     c6b4        0     1                 $xh.2487
    c6ce     c6ce        0     1                 $mh.2488
    c6f3     c6f3        0     1                 $mh.2489
    c6fa     c6fa        0     1                 $mh.2490
    c706     c706        0     1                 $mh.2491
    c70e     c70e        0     1                 $mh.2492
    c714     c714        0     1                 $mh.2493
    c71e     c71e        0     1                 $mh.2494
    c74e     c74e     126d     1         build/mainBankZero_llvm-mos.smc.lto.o:(.text.main)
    c74e     c74e        0     1                 $xh.2541
    c74e     c74e     126d     1                 main
    c752     c752        0     1                 $xh.2542
    c760     c760        0     1                 $xh.2543
    c764     c764        0     1                 $xh.2544
    c782     c782        0     1                 $xh.2545
    c787     c787        0     1                 $xh.2546
    c825     c825        0     1                 $xh.2547
    c82d     c82d        0     1                 $xh.2548
    c841     c841        0     1                 $xh.2549
    c845     c845        0     1                 $xh.2550
    c849     c849        0     1                 $xh.2551
    c857     c857        0     1                 $xh.2552
    c85b     c85b        0     1                 $xh.2553
    c869     c869        0     1                 $xh.2554
    c86d     c86d        0     1                 $xh.2555
    c87b     c87b        0     1                 $xh.2556
    c88c     c88c        0     1                 $xh.2557
    c890     c890        0     1                 $xh.2558
    c89e     c89e        0     1                 $xh.2559
    c8a2     c8a2        0     1                 $xh.2560
    c8b0     c8b0        0     1                 $xh.2561
    c8b4     c8b4        0     1                 $xh.2562
    c8e6     c8e6        0     1                 $xh.2563
    c8f7     c8f7        0     1                 $xh.2564
    c8ff     c8ff        0     1                 $xh.2565
    c909     c909        0     1                 $mh.2566
    c90e     c90e        0     1                 $mh.2567
    c913     c913        0     1                 $mh.2568
    c91d     c91d        0     1                 $mh.2569
    c92b     c92b        0     1                 $xh.2570
    c93c     c93c        0     1                 $xh.2571
    c940     c940        0     1                 $xh.2572
    c955     c955        0     1                 $xh.2573
    c95a     c95a        0     1                 $xh.2574
    c95f     c95f        0     1                 $xh.2575
    c964     c964        0     1                 $xh.2576
    c971     c971        0     1                 $xh.2577
    c978     c978        0     1                 $xh.2578
    c98a     c98a        0     1                 $xh.2579
    c9aa     c9aa        0     1                 $xh.2580
    c9ae     c9ae        0     1                 $xh.2581
    c9b7     c9b7        0     1                 $xh.2582
    c9bb     c9bb        0     1                 $xh.2583
    c9bf     c9bf        0     1                 $xh.2584
    c9c4     c9c4        0     1                 $mh.2585
    c9ca     c9ca        0     1                 $mh.2586
    c9ce     c9ce        0     1                 $mh.2587
    c9e7     c9e7        0     1                 $mh.2588
    c9e9     c9e9        0     1                 $xh.2589
    c9fe     c9fe        0     1                 $xh.2590
    ca0f     ca0f        0     1                 $xh.2591
    ca14     ca14        0     1                 $xh.2592
    ca18     ca18        0     1                 $xh.2593
    ca1c     ca1c        0     1                 $xh.2594
    ca20     ca20        0     1                 $xh.2595
    ca2a     ca2a        0     1                 $mh.2596
    ca2f     ca2f        0     1                 $xh.2597
    ca33     ca33        0     1                 $xh.2598
    ca3d     ca3d        0     1                 $mh.2599
    ca42     ca42        0     1                 $xh.2600
    ca46     ca46        0     1                 $xh.2601
    ca4a     ca4a        0     1                 $xh.2602
    ca50     ca50        0     1                 $mh.2603
    ca55     ca55        0     1                 $xh.2604
    ca59     ca59        0     1                 $xh.2605
    ca5d     ca5d        0     1                 $xh.2606
    ca61     ca61        0     1                 $mh.2607
    ca6f     ca6f        0     1                 $xh.2608
    ca73     ca73        0     1                 $xh.2609
    ca77     ca77        0     1                 $mh.2610
    ca79     ca79        0     1                 $xh.2611
    ca82     ca82        0     1                 $xh.2612
    ca86     ca86        0     1                 $xh.2613
    ca8a     ca8a        0     1                 $xh.2614
    ca9d     ca9d        0     1                 $xh.2615
    caa1     caa1        0     1                 $xh.2616
    caa5     caa5        0     1                 $xh.2617
    caa9     caa9        0     1                 $mh.2618
    cab3     cab3        0     1                 $xh.2619
    cac0     cac0        0     1                 $xh.2620
    cac5     cac5        0     1                 $mh.2621
    caca     caca        0     1                 $xh.2622
    cad1     cad1        0     1                 $xh.2623
    cad6     cad6        0     1                 $xh.2624
    cae3     cae3        0     1                 $xh.2625
    caeb     caeb        0     1                 $xh.2626
    caf3     caf3        0     1                 $xh.2627
    cafa     cafa        0     1                 $xh.2628
    caff     caff        0     1                 $xh.2629
    cb09     cb09        0     1                 $xh.2630
    cb27     cb27        0     1                 $xh.2631
    cb2c     cb2c        0     1                 $xh.2632
    cb56     cb56        0     1                 $xh.2633
    cb5b     cb5b        0     1                 $xh.2634
    cb76     cb76        0     1                 $xh.2635
    cb83     cb83        0     1                 $xh.2636
    cb88     cb88        0     1                 $xh.2637
    cb97     cb97        0     1                 $xh.2638
    cba5     cba5        0     1                 $xh.2639
    cbb2     cbb2        0     1                 $xh.2640
    cbb7     cbb7        0     1                 $xh.2641
    cbd2     cbd2        0     1                 $xh.2642
    cbdf     cbdf        0     1                 $xh.2643
    cbe4     cbe4        0     1                 $xh.2644
    cbee     cbee        0     1                 $xh.2645
    cc07     cc07        0     1                 $xh.2646
    cc0e     cc0e        0     1                 $xh.2647
    cc27     cc27        0     1                 $xh.2648
    cc4f     cc4f        0     1                 $xh.2649
    cc5c     cc5c        0     1                 $xh.2650
    cc61     cc61        0     1                 $xh.2651
    cc74     cc74        0     1                 $xh.2652
    cc81     cc81        0     1                 $xh.2653
    cc86     cc86        0     1                 $xh.2654
    cc99     cc99        0     1                 $xh.2655
    cca6     cca6        0     1                 $xh.2656
    ccab     ccab        0     1                 $xh.2657
    ccbe     ccbe        0     1                 $xh.2658
    cccb     cccb        0     1                 $xh.2659
    ccd0     ccd0        0     1                 $xh.2660
    cce3     cce3        0     1                 $xh.2661
    ccf2     ccf2        0     1                 $xh.2662
    ccf7     ccf7        0     1                 $xh.2663
    cd0a     cd0a        0     1                 $xh.2664
    cd1b     cd1b        0     1                 $xh.2665
    cd20     cd20        0     1                 $xh.2666
    cd37     cd37        0     1                 $xh.2667
    cd3b     cd3b        0     1                 $xh.2668
    cd44     cd44        0     1                 $mh.2669
    cd4e     cd4e        0     1                 $xh.2670
    cd62     cd62        0     1                 $xh.2671
    cd67     cd67        0     1                 $xh.2672
    cd80     cd80        0     1                 $xh.2673
    cd8b     cd8b        0     1                 $xh.2674
    cd90     cd90        0     1                 $xh.2675
    cd9a     cd9a        0     1                 $xh.2676
    cda5     cda5        0     1                 $mh.2677
    cdb7     cdb7        0     1                 $xh.2678
    cdbe     cdbe        0     1                 $xh.2679
    cdc3     cdc3        0     1                 $xh.2680
    cdcd     cdcd        0     1                 $xh.2681
    cdd2     cdd2        0     1                 $xh.2682
    cdd7     cdd7        0     1                 $xh.2683
    cddc     cddc        0     1                 $xh.2684
    cde1     cde1        0     1                 $xh.2685
    ce15     ce15        0     1                 $xh.2686
    ce1e     ce1e        0     1                 $xh.2687
    ce28     ce28        0     1                 $xh.2688
    ce2d     ce2d        0     1                 $xh.2689
    ce31     ce31        0     1                 $xh.2690
    ce43     ce43        0     1                 $xh.2691
    ce4a     ce4a        0     1                 $xh.2692
    ce4f     ce4f        0     1                 $xh.2693
    ce59     ce59        0     1                 $xh.2694
    ce5e     ce5e        0     1                 $xh.2695
    ce79     ce79        0     1                 $xh.2696
    ce7e     ce7e        0     1                 $xh.2697
    ce8b     ce8b        0     1                 $xh.2698
    cea0     cea0        0     1                 $xh.2699
    cea5     cea5        0     1                 $xh.2700
    cebd     cebd        0     1                 $xh.2701
    cece     cece        0     1                 $mh.2702
    ceda     ceda        0     1                 $xh.2703
    cee5     cee5        0     1                 $xh.2704
    ceec     ceec        0     1                 $mh.2705
    ceee     ceee        0     1                 $xh.2706
    cef2     cef2        0     1                 $xh.2707
    cf0d     cf0d        0     1                 $xh.2708
    cf3e     cf3e        0     1                 $mh.2709
    cf40     cf40        0     1                 $xh.2710
    cf53     cf53        0     1                 $mh.2711
[...]
   4ace6    4ace6        0     1                 $mh.4649
   4acf3    4acf3        0     1                 $xh.4650
   4ad00    4ad00        0     1                 $xh.4651
   4ad0c    4ad0c        0     1                 $mh.4652
   4ad22    4ad22        0     1                 $mh.4653
   4ad3b    4ad3b        0     1                 $mh.4654
   4ad3d    4ad3d        0     1                 $xh.4655
   4ad79    4ad79       31     1                 bg1TextCoverByte
   4ad7b    4ad7b        0     1                 $xh.4656
   4ad92    4ad92        0     1                 $mh.4657
   4ad98    4ad98        0     1                 $mh.4658
   4adaa    4adaa       2a     1                 bg1TextOverlayByte
   4adba    4adba        0     1                 $mh.4659
   4adbf    4adbf        0     1                 $mh.4660
   4adc4    4adc4        0     1                 $mh.4661
   4adca    4adca        0     1                 $xh.4662
   4add4    4add4       a4     1 rom_bank_4_rodata
   4add4    4add4       a4     1         build/mainBankZero_llvm-mos.smc.lto.o:(rom_bank_4_rodata)
   4add4    4add4       4b     1                 balloonStringFrames
   4ae1f    4ae1f       17     1                 monumentTextLine0
   4ae36    4ae36       17     1                 monumentTextLine1
   4ae4d    4ae4d       17     1                 monumentTextLine2
   4ae64    4ae64        3     1                 monumentTextLength
   4ae67    4ae67       11     1                 flagBlankLine
   58000    58000      100     1 rom_bank_5
   58000    58000      100     1         build/mainBankZero_llvm-mos.smc.lto.o:(rom_bank_5)
   58000    58000      100     1                 syncCameraFromPlayer
   58000    58000        0     1                 $xh.3297
   58004    58004        0     1                 $xh.3298
   5801d    5801d        0     1                 $mh.3299
   58021    58021        0     1                 $mh.3300
   5802f    5802f        0     1                 $mh.3301
   58033    58033        0     1                 $xh.3302
   58037    58037        0     1                 $xh.3303
   5803b    5803b        0     1                 $xh.3304
   58044    58044        0     1                 $mh.3305
   58049    58049        0     1                 $mh.3306
   58055    58055        0     1                 $mh.3307
   58059    58059        0     1                 $xh.3308
   5805d    5805d        0     1                 $xh.3309
   58069    58069        0     1                 $xh.3310
   5807b    5807b        0     1                 $mh.3311
   58082    58082        0     1                 $mh.3312
   580a5    580a5        0     1                 $xh.3313
   580ba    580ba        0     1                 $mh.3314
   580c3    580c3        0     1                 $xh.3315
   580f6    580f6        0     1                 $mh.3316
   78000    78000       44     1 rom_bank_7
   78000    78000       44     1         build/mainBankZero_llvm-mos.smc.lto.o:(rom_bank_7)
   78000    78000       44     1                 updateRoomMusic
   78002    78002        0     1                 $xh.2530
   78006    78006        0     1                 $mh.2531
   7800a    7800a        0     1                 $mh.2532
   78014    78014        0     1                 $xh.2533
   78018    78018        0     1                 $mh.2534
   7801f    7801f        0     1                 $xh.2535
   78026    78026        0     1                 $xh.2536
   7802f    7802f        0     1                 $xh.2537
   78033    78033        0     1                 $mh.2538
   7803a    7803a        0     1                 $xh.2539
   7803e    7803e        0     1                 $mh.2540
   88000    88000     6990     1 rom_data_bank_1
   88000    88000     6990     1         build/mainBankZero_llvm-mos.smc.lto.o:(rom_data_bank_1)
   88000    88000        8     1                 clouds_palette
   88008    88008        8     1                 clouds_palette_2
   88010    88010     1a80     1                 clouds_tiles
   89a90    89a90     2000     1                 clouds_map
   8ba90    8ba90     1580     1                 sprite_gfx_2bpp
   8d010    8d010     1800     1                 sprite_gfx_4bpp
   8e810    8e810       80     1                 sprite_palettes_4bpp
   8e890    8e890       80     1                 score_1000_sprite_top_4bpp
   8e910    8e910       80     1                 score_1000_sprite_bottom_4bpp
   98000    98000     6f21     1 rom_data_bank_2
   98000    98000     6f21     1         build/mainBankZero_llvm-mos.smc.lto.o:(rom_data_bank_2)
   98000    98000      400     1                 tilemap_level1_bg2
   98400    98400      400     1                 tilemap_level1_bg3
   98800    98800       28     1                 palette_level1
   98828    98828      100     1                 collision_level1
   98928    98928        6     1                 object_level1
   9892e    9892e      400     1                 tilemap_level2_bg2
   98d2e    98d2e      400     1                 tilemap_level2_bg3
   9912e    9912e       38     1                 palette_level2
   99166    99166      100     1                 collision_level2
   99266    99266        3     1                 object_level2
   99269    99269      400     1                 tilemap_level3_bg2
   99669    99669      400     1                 tilemap_level3_bg3
   99a69    99a69       40     1                 palette_level3
   99aa9    99aa9      100     1                 collision_level3
   99ba9    99ba9        c     1                 object_level3
   99bb5    99bb5      400     1                 tilemap_level4_bg2
   99fb5    99fb5      400     1                 tilemap_level4_bg3
   9a3b5    9a3b5       20     1                 palette_level4
   9a3d5    9a3d5      100     1                 collision_level4
   9a4d5    9a4d5       2a     1                 object_level4
   9a4ff    9a4ff      400     1                 tilemap_level5_bg2
   9a8ff    9a8ff      400     1                 tilemap_level5_bg3
   9acff    9acff       30     1                 palette_level5
   9ad2f    9ad2f      100     1                 collision_level5
   9ae2f    9ae2f        9     1                 object_level5
   9ae38    9ae38      400     1                 tilemap_level6_bg2
   9b238    9b238      400     1                 tilemap_level6_bg3
   9b638    9b638       38     1                 palette_level6
   9b670    9b670      100     1                 collision_level6
   9b770    9b770        3     1                 object_level6
   9b773    9b773      400     1                 tilemap_level7_bg2
   9bb73    9bb73      400     1                 tilemap_level7_bg3
   9bf73    9bf73       38     1                 palette_level7
   9bfab    9bfab      100     1                 collision_level7
   9c0ab    9c0ab       21     1                 object_level7
   9c0cc    9c0cc      400     1                 tilemap_level8_bg2
   9c4cc    9c4cc      400     1                 tilemap_level8_bg3
   9c8cc    9c8cc       30     1                 palette_level8
   9c8fc    9c8fc      100     1                 collision_level8
   9c9fc    9c9fc       1b     1                 object_level8
   9ca17    9ca17      400     1                 tilemap_level9_bg2
   9ce17    9ce17      400     1                 tilemap_level9_bg3
   9d217    9d217       30     1                 palette_level9
   9d247    9d247      100     1                 collision_level9
   9d347    9d347        f     1                 object_level9
   9d356    9d356      400     1                 tilemap_level10_bg2
   9d756    9d756      400     1                 tilemap_level10_bg3
   9db56    9db56       30     1                 palette_level10
   9db86    9db86      100     1                 collision_level10
   9dc86    9dc86        c     1                 object_level10
   9dc92    9dc92      400     1                 tilemap_level11_bg2
   9e092    9e092      400     1                 tilemap_level11_bg3
   9e492    9e492       30     1                 palette_level11
   9e4c2    9e4c2      100     1                 collision_level11
   9e5c2    9e5c2       12     1                 object_level11
   9e5d4    9e5d4      400     1                 tilemap_level12_bg2
   9e9d4    9e9d4      400     1                 tilemap_level12_bg3
   9edd4    9edd4       38     1                 palette_level12
   9ee0c    9ee0c      100     1                 collision_level12
   9ef0c    9ef0c       15     1                 object_level12
   a8000    a8000     6eda     1 rom_data_bank_3
   a8000    a8000     6eda     1         build/mainBankZero_llvm-mos.smc.lto.o:(rom_data_bank_3)
   a8000    a8000      400     1                 tilemap_level13_bg2
   a8400    a8400      400     1                 tilemap_level13_bg3
   a8800    a8800       40     1                 palette_level13
   a8840    a8840      100     1                 collision_level13
   a8940    a8940       12     1                 object_level13
   a8952    a8952      400     1                 tilemap_level14_bg2
   a8d52    a8d52      400     1                 tilemap_level14_bg3
   a9152    a9152       30     1                 palette_level14
   a9182    a9182      100     1                 collision_level14
   a9282    a9282        c     1                 object_level14
   a928e    a928e      400     1                 tilemap_level15_bg2
   a968e    a968e      400     1                 tilemap_level15_bg3
   a9a8e    a9a8e       30     1                 palette_level15
   a9abe    a9abe      100     1                 collision_level15
   a9bbe    a9bbe       1e     1                 object_level15
   a9bdc    a9bdc      400     1                 tilemap_level16_bg2
   a9fdc    a9fdc      400     1                 tilemap_level16_bg3
   aa3dc    aa3dc       30     1                 palette_level16
   aa40c    aa40c      100     1                 collision_level16
   aa50c    aa50c       15     1                 object_level16
   aa521    aa521      400     1                 tilemap_level17_bg2
   aa921    aa921      400     1                 tilemap_level17_bg3
   aad21    aad21       28     1                 palette_level17
   aad49    aad49      100     1                 collision_level17
   aae49    aae49        9     1                 object_level17
   aae52    aae52      400     1                 tilemap_level18_bg2
   ab252    ab252      400     1                 tilemap_level18_bg3
   ab652    ab652       20     1                 palette_level18
   ab672    ab672      100     1                 collision_level18
   ab772    ab772       12     1                 object_level18
   ab784    ab784      400     1                 tilemap_level19_bg2
   abb84    abb84      400     1                 tilemap_level19_bg3
   abf84    abf84       20     1                 palette_level19
   abfa4    abfa4      100     1                 collision_level19
   ac0a4    ac0a4        6     1                 object_level19
   ac0aa    ac0aa      400     1                 tilemap_level20_bg2
   ac4aa    ac4aa      400     1                 tilemap_level20_bg3
   ac8aa    ac8aa       30     1                 palette_level20
   ac8da    ac8da      100     1                 collision_level20
   ac9da    ac9da        f     1                 object_level20
   ac9e9    ac9e9      400     1                 tilemap_level21_bg2
   acde9    acde9      400     1                 tilemap_level21_bg3
   ad1e9    ad1e9       20     1                 palette_level21
   ad209    ad209      100     1                 collision_level21
   ad309    ad309       15     1                 object_level21
   ad31e    ad31e      400     1                 tilemap_level22_bg2
   ad71e    ad71e      400     1                 tilemap_level22_bg3
   adb1e    adb1e       40     1                 palette_level22
   adb5e    adb5e      100     1                 collision_level22
   adc5e    adc5e        6     1                 object_level22
   adc64    adc64      400     1                 tilemap_level23_bg2
   ae064    ae064      400     1                 tilemap_level23_bg3
   ae464    ae464       38     1                 palette_level23
   ae49c    ae49c      100     1                 collision_level23
   ae59c    ae59c        3     1                 object_level23
   ae59f    ae59f      400     1                 tilemap_level24_bg2
   ae99f    ae99f      400     1                 tilemap_level24_bg3
   aed9f    aed9f       38     1                 palette_level24
   aedd7    aedd7      100     1                 collision_level24
   aeed7    aeed7        3     1                 object_level24
   b8000    b8000     49d3     1 rom_data_bank_4
   b8000    b8000     49d3     1         build/mainBankZero_llvm-mos.smc.lto.o:(rom_data_bank_4)
   b8000    b8000      400     1                 tilemap_level25_bg2
   b8400    b8400      400     1                 tilemap_level25_bg3
   b8800    b8800       30     1                 palette_level25
   b8830    b8830      100     1                 collision_level25
   b8930    b8930       15     1                 object_level25
   b8945    b8945      400     1                 tilemap_level26_bg2
   b8d45    b8d45      400     1                 tilemap_level26_bg3
   b9145    b9145       30     1                 palette_level26
   b9175    b9175      100     1                 collision_level26
   b9275    b9275        9     1                 object_level26
   b927e    b927e      400     1                 tilemap_level27_bg2
   b967e    b967e      400     1                 tilemap_level27_bg3
   b9a7e    b9a7e       30     1                 palette_level27
   b9aae    b9aae      100     1                 collision_level27
   b9bae    b9bae        6     1                 object_level27
   b9bb4    b9bb4      400     1                 tilemap_level28_bg2
   b9fb4    b9fb4      400     1                 tilemap_level28_bg3
   ba3b4    ba3b4       30     1                 palette_level28
   ba3e4    ba3e4      100     1                 collision_level28
   ba4e4    ba4e4       12     1                 object_level28
   ba4f6    ba4f6      400     1                 tilemap_level29_bg2
   ba8f6    ba8f6      400     1                 tilemap_level29_bg3
   bacf6    bacf6       30     1                 palette_level29
   bad26    bad26      100     1                 collision_level29
   bae26    bae26        f     1                 object_level29
   bae35    bae35      400     1                 tilemap_level30_bg2
   bb235    bb235      400     1                 tilemap_level30_bg3
   bb635    bb635       30     1                 palette_level30
   bb665    bb665      100     1                 collision_level30
   bb765    bb765       12     1                 object_level30
   bb777    bb777      400     1                 tilemap_level31_bg2
   bbb77    bbb77      400     1                 tilemap_level31_bg3
   bbf77    bbf77       20     1                 palette_level31
   bbf97    bbf97      100     1                 collision_level31
   bc097    bc097        3     1                 object_level31
   bc09a    bc09a      400     1                 tilemap_level32_bg2
   bc49a    bc49a      400     1                 tilemap_level32_bg3
   bc89a    bc89a       38     1                 palette_level32
   bc8d2    bc8d2      100     1                 collision_level32
   bc9d2    bc9d2        1     1                 object_level32
   c8000    c8000     1540     1 rom_data_bank_5
   c8000    c8000      400     1         C:\Users\Admin\AppData\Local\Temp\bg1_text_glyph_fetch-9754ee.o:(rom_data_bank_5)
   c8000    c8000        0     1                 pico8_font_rows_bank4
   c8400    c8400     1140     1         build/mainBankZero_llvm-mos.smc.lto.o:(rom_data_bank_5)
   c8400    c8400      920     1                 title_tiledata_snes_2bpp
   c8d20    c8d20      800     1                 title_tilemap_bg3_snes
   c9520    c9520       20     1                 title_palette_snes_bgr15
   d8000    d8000     3500     1 rom_data_bank_6
   d8000    d8000     3500     1         build/mainBankZero_llvm-mos.smc.lto.o:(rom_data_bank_6)
   d8000    d8000      100     1                 spc_chunk_000
   d8100    d8100      100     1                 spc_chunk_001
   d8200    d8200      100     1                 spc_chunk_002
   d8300    d8300      100     1                 spc_chunk_003
   d8400    d8400      100     1                 spc_chunk_004
   d8500    d8500      100     1                 spc_chunk_005
   d8600    d8600      100     1                 spc_chunk_006
   d8700    d8700      100     1                 spc_chunk_007
   d8800    d8800      100     1                 spc_chunk_008
   d8900    d8900      100     1                 spc_chunk_009
   d8a00    d8a00      100     1                 spc_chunk_010
   d8b00    d8b00      100     1                 spc_chunk_011
   d8c00    d8c00      100     1                 spc_chunk_012
   d8d00    d8d00      100     1                 spc_chunk_013
   d8e00    d8e00      100     1                 spc_chunk_014
   d8f00    d8f00      100     1                 spc_chunk_015
   d9000    d9000      100     1                 spc_chunk_016
   d9100    d9100      100     1                 spc_chunk_017
   d9200    d9200      100     1                 spc_chunk_018
   d9300    d9300      100     1                 spc_chunk_019
   d9400    d9400      100     1                 spc_chunk_020
   d9500    d9500      100     1                 spc_chunk_021
   d9600    d9600      100     1                 spc_chunk_022
   d9700    d9700      100     1                 spc_chunk_023
   d9800    d9800      100     1                 spc_chunk_024
   d9900    d9900      100     1                 spc_chunk_025
   d9a00    d9a00      100     1                 spc_chunk_026
   d9b00    d9b00      100     1                 spc_chunk_027
   d9c00    d9c00      100     1                 spc_chunk_028
   d9d00    d9d00      100     1                 spc_chunk_029
   d9e00    d9e00      100     1                 spc_chunk_030
   d9f00    d9f00      100     1                 spc_chunk_031
   da000    da000      100     1                 spc_chunk_032
   da100    da100      100     1                 spc_chunk_033
   da200    da200      100     1                 spc_chunk_034
   da300    da300      100     1                 spc_chunk_035
   da400    da400      100     1                 spc_chunk_036
   da500    da500      100     1                 spc_chunk_037
   da600    da600      100     1                 spc_chunk_038
   da700    da700      100     1                 spc_chunk_039
   da800    da800      100     1                 spc_chunk_040
   da900    da900      100     1                 spc_chunk_041
   daa00    daa00      100     1                 spc_chunk_042
   dab00    dab00      100     1                 spc_chunk_043
   dac00    dac00      100     1                 spc_chunk_044
   dad00    dad00      100     1                 spc_chunk_045
   dae00    dae00      100     1                 spc_chunk_046
   daf00    daf00      100     1                 spc_chunk_047
   db000    db000      100     1                 spc_chunk_048
   db100    db100      100     1                 spc_chunk_049
   db200    db200      100     1                 spc_chunk_050
   db300    db300      100     1                 spc_chunk_051
   db400    db400      100     1                 spc_chunk_052
       0        0      1ac     1 .comment
       0        0      1ac     1         <internal>:(.comment)
       0        0    14db0     4 .symtab
       0        0    14db0     4         <internal>:(.symtab)
       0        0      161     1 .shstrtab
       0        0      161     1         <internal>:(.shstrtab)
       0        0     c79c     1 .strtab
       0        0     c79c     1         <internal>:(.strtab)
