     VMA      LMA     Size Align Out     In      Symbol
       0        0        0     1 __rc0 = 0x00
       0        0        0     1 __rc1 = __rc0 + 1
       0        0        0     1 PROVIDE(__rc2 = __rc1 + 1)
       0        0        0     1 __rc3 = __rc2 + 1
       0        0        0     1 PROVIDE(__rc4 = __rc3 + 1)
       0        0        0     1 __rc5 = __rc4 + 1
       0        0        0     1 PROVIDE(__rc6 = __rc5 + 1)
       0        0        0     1 __rc7 = __rc6 + 1
       0        0        0     1 PROVIDE(__rc8 = __rc7 + 1)
       0        0        0     1 __rc9 = __rc8 + 1
       0        0        0     1 PROVIDE(__rc10 = __rc9 + 1)
       0        0        0     1 __rc11 = __rc10 + 1
       0        0        0     1 PROVIDE(__rc12 = __rc11 + 1)
       0        0        0     1 __rc13 = __rc12 + 1
       0        0        0     1 PROVIDE(__rc14 = __rc13 + 1)
       0        0        0     1 __rc15 = __rc14 + 1
       0        0        0     1 PROVIDE(__rc16 = __rc15 + 1)
       0        0        0     1 __rc17 = __rc16 + 1
       0        0        0     1 PROVIDE(__rc18 = __rc17 + 1)
       0        0        0     1 __rc19 = __rc18 + 1
       0        0        0     1 PROVIDE(__rc20 = __rc19 + 1)
       0        0        0     1 __rc21 = __rc20 + 1
       0        0        0     1 PROVIDE(__rc22 = __rc21 + 1)
       0        0        0     1 __rc23 = __rc22 + 1
       0        0        0     1 PROVIDE(__rc24 = __rc23 + 1)
       0        0        0     1 __rc25 = __rc24 + 1
       0        0        0     1 PROVIDE(__rc26 = __rc25 + 1)
       0        0        0     1 __rc27 = __rc26 + 1
       0        0        0     1 PROVIDE(__rc28 = __rc27 + 1)
       0        0        0     1 __rc29 = __rc28 + 1
       0        0        0     1 PROVIDE(__rc30 = __rc29 + 1)
       0        0        0     1 __rc31 = __rc30 + 1
       0        0        0     1 
       0        0        0     1 __stack = 0x0200
      20       20        0     1 .zp.data
      20       20        0     1         __zp_data_start = .
      20       20        0     1 __zp_data_load_start = LOADADDR(.zp.data)
      20       20        0     1 __zp_data_size = SIZEOF(.zp.data)
      20       20        0     1 .zp.bss
      20       20        0     1         __zp_bss_start = .
      20       20        0     1 __zp_bss_size = SIZEOF(.zp.bss)
    b000     b000     48d7     1 .text
    b000     b000        0     1         _init = .
    b000     b000        0     1         _start = .
    b000     b000        8     1         C:\llvm-mos\bin/../mos-platform/common/lib\libinit-stack.a(init-stack.S.obj):(.init.100)
    b000     b000        0     1                 __do_init_stack
    b008     b008        3     1         C:\llvm-mos\bin/../mos-platform/common/lib\libcopy-data.a(copy-zp-data.c.obj):(.init.200)
    b008     b008        0     1                 __do_copy_zp_data
    b00b     b00b        3     1         C:\llvm-mos\bin/../mos-platform/common/lib\libcopy-data.a(copy-data.c.obj):(.init.200)
    b00b     b00b        0     1                 __do_copy_data
    b00e     b00e        3     1         C:\llvm-mos\bin/../mos-platform/common/lib\libzero-bss.a(zero-bss.c.obj):(.init.200)
    b00e     b00e        0     1                 __do_zero_bss
    b011     b011        3     1         C:\llvm-mos\bin/../mos-platform/common/lib\crt0.o:(.call_main)
    b014     b014        3     1         C:\llvm-mos\bin/../mos-platform/common/lib\libexit-loop.a(exit-custom.S.obj):(.after_main)
    b014     b014        0     1                 __after_main
    b017     b017        0     1         _fini = .
    b017     b017        1     1         C:\llvm-mos\bin/../mos-platform/common/lib\crt0.o:(.fini_rts)
    b018     b018       17     1         C:\llvm-mos\bin/../mos-platform/common/lib\libcopy-data.a(copy-zp-data.c.obj):(.text.__copy_zp_data)
    b018     b018       17     1                 __copy_zp_data
    b02f     b02f       17     1         C:\llvm-mos\bin/../mos-platform/common/lib\libcopy-data.a(copy-data.c.obj):(.text.__copy_data)
    b02f     b02f       17     1                 __copy_data
    b046     b046       13     1         C:\llvm-mos\bin/../mos-platform/common/lib\libzero-bss.a(zero-bss.c.obj):(.text.__zero_bss)
    b046     b046       13     1                 __zero_bss
    b059     b059      257     1         build/mainBankZero_llvm-mos.smc.lto.o:(.text.initObject)
    b059     b059      257     1                 initObject
    b074     b074        0     1                 $mh.179
    b07a     b07a        0     1                 $xh.180
    b07e     b07e        0     1                 $mh.181
    b083     b083        0     1                 $mh.182
    b088     b088        0     1                 $mh.183
    b092     b092        0     1                 $xh.184
    b098     b098        0     1                 $xh.185
    b0ae     b0ae        0     1                 $mh.186
    b0b4     b0b4        0     1                 $xh.187
    b0cc     b0cc        0     1                 $mh.188
    b0cf     b0cf        0     1                 $mh.189
    b0df     b0df        0     1                 $xh.190
    b0e3     b0e3        0     1                 $xh.191
    b0e7     b0e7        0     1                 $xh.192
    b0f3     b0f3        0     1                 $mh.193
    b0f9     b0f9        0     1                 $mh.194
    b0fd     b0fd        0     1                 $xh.195
    b104     b104        0     1                 $xh.196
    b112     b112        0     1                 $xh.197
    b126     b126        0     1                 $mh.198
    b12c     b12c        0     1                 $mh.199
    b138     b138        0     1                 $xh.200
    b13a     b13a        0     1                 $mh.201
    b13f     b13f        0     1                 $mh.202
    b151     b151        0     1                 $mh.203
    b155     b155        0     1                 $mh.204
    b160     b160        0     1                 $mh.205
    b16e     b16e        0     1                 $mh.206
    b180     b180        0     1                 $mh.207
    b184     b184        0     1                 $mh.208
    b18b     b18b        0     1                 $xh.209
    b195     b195        0     1                 $xh.210
    b19c     b19c        0     1                 $xh.211
    b1a3     b1a3        0     1                 $mh.212
    b1b4     b1b4        0     1                 $xh.213
    b1be     b1be        0     1                 $xh.214
    b1c5     b1c5        0     1                 $xh.215
    b1cc     b1cc        0     1                 $mh.216
    b1db     b1db        0     1                 $mh.217
    b1ea     b1ea        0     1                 $mh.218
    b1f9     b1f9        0     1                 $mh.219
    b208     b208        0     1                 $mh.220
    b217     b217        0     1                 $mh.221
    b226     b226        0     1                 $mh.222
    b235     b235        0     1                 $mh.223
    b243     b243        0     1                 $mh.224
    b251     b251        0     1                 $mh.225
    b25f     b25f        0     1                 $mh.226
    b26d     b26d        0     1                 $mh.227
    b27b     b27b        0     1                 $mh.228
    b289     b289        0     1                 $mh.229
    b29f     b29f        0     1                 $xh.230
    b2a1     b2a1        0     1                 $mh.231
    b2a5     b2a5        0     1                 $xh.232
    b2b0     b2b0       4d     1         build/mainBankZero_llvm-mos.smc.lto.o:(.text.collectCurrentRoomFruit)
    b2b0     b2b0       4d     1                 collectCurrentRoomFruit
    b2be     b2be        0     1                 $xh.1224
    b2c3     b2c3        0     1                 $xh.1225
    b2ce     b2ce        0     1                 $mh.1226
    b2d1     b2d1        0     1                 $mh.1227
    b2ee     b2ee        0     1                 $mh.1228
    b2fd     b2fd     1415     1         build/mainBankZero_llvm-mos.smc.lto.o:(.text.LoadRoomData)
    b2fd     b2fd     1415     1                 LoadRoomData
    b324     b324        0     1                 $xh.1397
    b338     b338        0     1                 $xh.1398
    b34f     b34f        0     1                 $xh.1399
    b362     b362        0     1                 $xh.1400
    b368     b368        0     1                 $xh.1401
    b371     b371        0     1                 $xh.1402
    b379     b379        0     1                 $xh.1403
    b385     b385        0     1                 $xh.1404
    b38d     b38d        0     1                 $xh.1405
    b399     b399        0     1                 $xh.1406
    b3a3     b3a3        0     1                 $xh.1407
    b3aa     b3aa        0     1                 $mh.1408
    b3b2     b3b2        0     1                 $mh.1409
    b3b9     b3b9        0     1                 $xh.1410
    b3c5     b3c5        0     1                 $xh.1411
    b3c9     b3c9        0     1                 $xh.1412
    b3cd     b3cd        0     1                 $xh.1413
    b3d1     b3d1        0     1                 $xh.1414
    b3d5     b3d5        0     1                 $xh.1415
    b3d7     b3d7        0     1                 $mh.1416
    b3dc     b3dc        0     1                 $xh.1417
    b3e0     b3e0        0     1                 $xh.1418
    b3e4     b3e4        0     1                 $xh.1419
    b3e8     b3e8        0     1                 $xh.1420
    b3ec     b3ec        0     1                 $xh.1421
    b3ee     b3ee        0     1                 $mh.1422
    b3f3     b3f3        0     1                 $mh.1423
    b3f5     b3f5        0     1                 $xh.1424
    b3f9     b3f9        0     1                 $xh.1425
    b3fd     b3fd        0     1                 $xh.1426
    b401     b401        0     1                 $xh.1427
    b405     b405        0     1                 $xh.1428
    b40a     b40a        0     1                 $xh.1429
    b410     b410        0     1                 $xh.1430
    b414     b414        0     1                 $xh.1431
    b418     b418        0     1                 $xh.1432
    b41e     b41e        0     1                 $mh.1433
    b428     b428        0     1                 $xh.1434
    b42d     b42d        0     1                 $xh.1435
    b432     b432        0     1                 $mh.1436
    b434     b434        0     1                 $xh.1437
    b438     b438        0     1                 $xh.1438
    b43c     b43c        0     1                 $xh.1439
    b440     b440        0     1                 $xh.1440
    b445     b445        0     1                 $xh.1441
    b449     b449        0     1                 $xh.1442
    b44d     b44d        0     1                 $xh.1443
    b451     b451        0     1                 $xh.1444
    b455     b455        0     1                 $xh.1445
    b457     b457        0     1                 $mh.1446
    b45c     b45c        0     1                 $xh.1447
    b460     b460        0     1                 $xh.1448
    b464     b464        0     1                 $xh.1449
    b468     b468        0     1                 $xh.1450
    b46c     b46c        0     1                 $xh.1451
    b46e     b46e        0     1                 $mh.1452
    b473     b473        0     1                 $mh.1453
    b475     b475        0     1                 $xh.1454
    b479     b479        0     1                 $xh.1455
    b47d     b47d        0     1                 $xh.1456
    b481     b481        0     1                 $xh.1457
    b485     b485        0     1                 $xh.1458
    b48a     b48a        0     1                 $xh.1459
    b48e     b48e        0     1                 $xh.1460
    b492     b492        0     1                 $xh.1461
    b496     b496        0     1                 $xh.1462
    b49a     b49a        0     1                 $xh.1463
    b49c     b49c        0     1                 $mh.1464
    b4a1     b4a1        0     1                 $xh.1465
    b4a9     b4a9        0     1                 $xh.1466
    b4ae     b4ae        0     1                 $mh.1467
    b4b0     b4b0        0     1                 $xh.1468
    b4b4     b4b4        0     1                 $xh.1469
    b4b8     b4b8        0     1                 $xh.1470
    b4bc     b4bc        0     1                 $xh.1471
    b4c1     b4c1        0     1                 $xh.1472
    b4c5     b4c5        0     1                 $xh.1473
    b4c9     b4c9        0     1                 $xh.1474
    b4cd     b4cd        0     1                 $xh.1475
    b4d1     b4d1        0     1                 $xh.1476
    b4d3     b4d3        0     1                 $mh.1477
    b4d8     b4d8        0     1                 $xh.1478
    b4dc     b4dc        0     1                 $xh.1479
    b4e0     b4e0        0     1                 $xh.1480
    b4e4     b4e4        0     1                 $xh.1481
    b4e8     b4e8        0     1                 $xh.1482
    b4ea     b4ea        0     1                 $mh.1483
    b4ef     b4ef        0     1                 $mh.1484
    b4f1     b4f1        0     1                 $xh.1485
    b4f5     b4f5        0     1                 $xh.1486
    b4f9     b4f9        0     1                 $xh.1487
    b4fd     b4fd        0     1                 $xh.1488
    b501     b501        0     1                 $xh.1489
    b506     b506        0     1                 $xh.1490
    b50c     b50c        0     1                 $xh.1491
    b510     b510        0     1                 $xh.1492
    b514     b514        0     1                 $xh.1493
    b518     b518        0     1                 $mh.1494
    b51d     b51d        0     1                 $xh.1495
    b522     b522        0     1                 $xh.1496
    b527     b527        0     1                 $xh.1497
    b52c     b52c        0     1                 $mh.1498
    b52e     b52e        0     1                 $xh.1499
    b532     b532        0     1                 $xh.1500
    b536     b536        0     1                 $xh.1501
    b53a     b53a        0     1                 $xh.1502
    b53f     b53f        0     1                 $xh.1503
    b543     b543        0     1                 $xh.1504
    b547     b547        0     1                 $xh.1505
    b54b     b54b        0     1                 $xh.1506
    b54f     b54f        0     1                 $xh.1507
    b551     b551        0     1                 $mh.1508
    b556     b556        0     1                 $xh.1509
    b55a     b55a        0     1                 $xh.1510
    b55e     b55e        0     1                 $xh.1511
    b562     b562        0     1                 $xh.1512
    b566     b566        0     1                 $xh.1513
    b568     b568        0     1                 $mh.1514
    b56d     b56d        0     1                 $mh.1515
    b56f     b56f        0     1                 $xh.1516
    b573     b573        0     1                 $xh.1517
    b577     b577        0     1                 $xh.1518
    b57b     b57b        0     1                 $xh.1519
    b57f     b57f        0     1                 $xh.1520
    b584     b584        0     1                 $xh.1521
    b58a     b58a        0     1                 $xh.1522
    b58e     b58e        0     1                 $xh.1523
    b592     b592        0     1                 $xh.1524
    b596     b596        0     1                 $mh.1525
    b59b     b59b        0     1                 $xh.1526
    b5a0     b5a0        0     1                 $xh.1527
    b5a5     b5a5        0     1                 $xh.1528
    b5aa     b5aa        0     1                 $mh.1529
    b5ac     b5ac        0     1                 $xh.1530
    b5b0     b5b0        0     1                 $xh.1531
    b5b4     b5b4        0     1                 $xh.1532
    b5b8     b5b8        0     1                 $xh.1533
    b5bd     b5bd        0     1                 $xh.1534
    b5c1     b5c1        0     1                 $xh.1535
    b5c5     b5c5        0     1                 $xh.1536
    b5c9     b5c9        0     1                 $xh.1537
    b5cd     b5cd        0     1                 $xh.1538
    b5cf     b5cf        0     1                 $mh.1539
    b5d4     b5d4        0     1                 $xh.1540
    b5d8     b5d8        0     1                 $xh.1541
    b5dc     b5dc        0     1                 $xh.1542
    b5e0     b5e0        0     1                 $xh.1543
    b5e4     b5e4        0     1                 $xh.1544
    b5e6     b5e6        0     1                 $mh.1545
    b5eb     b5eb        0     1                 $mh.1546
    b5ed     b5ed        0     1                 $xh.1547
    b5f1     b5f1        0     1                 $xh.1548
    b5f5     b5f5        0     1                 $xh.1549
    b5f9     b5f9        0     1                 $xh.1550
    b5fd     b5fd        0     1                 $xh.1551
    b602     b602        0     1                 $xh.1552
    b608     b608        0     1                 $xh.1553
    b60c     b60c        0     1                 $xh.1554
    b610     b610        0     1                 $xh.1555
    b614     b614        0     1                 $mh.1556
    b619     b619        0     1                 $xh.1557
    b61e     b61e        0     1                 $xh.1558
    b623     b623        0     1                 $xh.1559
    b628     b628        0     1                 $mh.1560
    b62a     b62a        0     1                 $xh.1561
    b62e     b62e        0     1                 $xh.1562
    b632     b632        0     1                 $xh.1563
    b636     b636        0     1                 $xh.1564
    b63b     b63b        0     1                 $xh.1565
    b63f     b63f        0     1                 $xh.1566
    b643     b643        0     1                 $xh.1567
    b647     b647        0     1                 $xh.1568
    b64b     b64b        0     1                 $xh.1569
    b64d     b64d        0     1                 $mh.1570
    b652     b652        0     1                 $xh.1571
    b656     b656        0     1                 $xh.1572
    b65a     b65a        0     1                 $xh.1573
    b65e     b65e        0     1                 $xh.1574
    b662     b662        0     1                 $xh.1575
    b664     b664        0     1                 $mh.1576
    b669     b669        0     1                 $mh.1577
    b66b     b66b        0     1                 $xh.1578
    b66f     b66f        0     1                 $xh.1579
    b673     b673        0     1                 $xh.1580
    b677     b677        0     1                 $xh.1581
    b67b     b67b        0     1                 $xh.1582
    b680     b680        0     1                 $xh.1583
    b686     b686        0     1                 $xh.1584
    b68a     b68a        0     1                 $xh.1585
    b68e     b68e        0     1                 $xh.1586
    b694     b694        0     1                 $mh.1587
    b69e     b69e        0     1                 $xh.1588
    b6a3     b6a3        0     1                 $xh.1589
    b6a8     b6a8        0     1                 $mh.1590
    b6aa     b6aa        0     1                 $xh.1591
    b6ae     b6ae        0     1                 $xh.1592
    b6b2     b6b2        0     1                 $xh.1593
    b6b6     b6b6        0     1                 $xh.1594
    b6bb     b6bb        0     1                 $xh.1595
    b6bf     b6bf        0     1                 $xh.1596
    b6c3     b6c3        0     1                 $xh.1597
    b6c7     b6c7        0     1                 $xh.1598
    b6cb     b6cb        0     1                 $xh.1599
    b6cd     b6cd        0     1                 $mh.1600
    b6d2     b6d2        0     1                 $xh.1601
    b6d6     b6d6        0     1                 $xh.1602
    b6da     b6da        0     1                 $xh.1603
    b6de     b6de        0     1                 $xh.1604
    b6e2     b6e2        0     1                 $xh.1605
    b6e4     b6e4        0     1                 $mh.1606
    b6e9     b6e9        0     1                 $mh.1607
    b6eb     b6eb        0     1                 $xh.1608
    b6ef     b6ef        0     1                 $xh.1609
    b6f3     b6f3        0     1                 $xh.1610
    b6f7     b6f7        0     1                 $xh.1611
    b6fb     b6fb        0     1                 $xh.1612
    b700     b700        0     1                 $xh.1613
    b706     b706        0     1                 $xh.1614
    b70a     b70a        0     1                 $xh.1615
    b70e     b70e        0     1                 $xh.1616
    b712     b712        0     1                 $mh.1617
    b71a     b71a        0     1                 $xh.1618
    b71f     b71f        0     1                 $xh.1619
    b724     b724        0     1                 $mh.1620
    b726     b726        0     1                 $xh.1621
    b72a     b72a        0     1                 $xh.1622
    b72e     b72e        0     1                 $xh.1623
    b732     b732        0     1                 $xh.1624
    b737     b737        0     1                 $xh.1625
    b73d     b73d        0     1                 $xh.1626
    b741     b741        0     1                 $xh.1627
    b745     b745        0     1                 $xh.1628
    b74b     b74b        0     1                 $mh.1629
    b750     b750        0     1                 $xh.1630
    b754     b754        0     1                 $xh.1631
    b758     b758        0     1                 $xh.1632
    b75c     b75c        0     1                 $xh.1633
    b762     b762        0     1                 $mh.1634
    b767     b767        0     1                 $mh.1635
    b769     b769        0     1                 $xh.1636
    b76d     b76d        0     1                 $xh.1637
    b771     b771        0     1                 $xh.1638
    b775     b775        0     1                 $xh.1639
    b779     b779        0     1                 $xh.1640
    b77e     b77e        0     1                 $xh.1641
    b784     b784        0     1                 $xh.1642
    b788     b788        0     1                 $xh.1643
    b78c     b78c        0     1                 $xh.1644
    b792     b792        0     1                 $mh.1645
    b79c     b79c        0     1                 $xh.1646
    b7a6     b7a6        0     1                 $mh.1647
    b7a8     b7a8        0     1                 $xh.1648
    b7ac     b7ac        0     1                 $xh.1649
    b7b0     b7b0        0     1                 $xh.1650
    b7b4     b7b4        0     1                 $xh.1651
    b7b9     b7b9        0     1                 $xh.1652
    b7bd     b7bd        0     1                 $xh.1653
    b7c1     b7c1        0     1                 $xh.1654
    b7c5     b7c5        0     1                 $xh.1655
    b7c9     b7c9        0     1                 $xh.1656
    b7cb     b7cb        0     1                 $mh.1657
    b7d0     b7d0        0     1                 $xh.1658
    b7d4     b7d4        0     1                 $xh.1659
    b7d8     b7d8        0     1                 $xh.1660
    b7dc     b7dc        0     1                 $xh.1661
    b7e0     b7e0        0     1                 $xh.1662
    b7e2     b7e2        0     1                 $mh.1663
    b7e7     b7e7        0     1                 $mh.1664
    b7e9     b7e9        0     1                 $xh.1665
    b7ed     b7ed        0     1                 $xh.1666
    b7f1     b7f1        0     1                 $xh.1667
    b7f5     b7f5        0     1                 $xh.1668
    b7f9     b7f9        0     1                 $xh.1669
    b7fe     b7fe        0     1                 $xh.1670
    b804     b804        0     1                 $xh.1671
    b808     b808        0     1                 $xh.1672
    b80c     b80c        0     1                 $xh.1673
    b812     b812        0     1                 $mh.1674
    b81c     b81c        0     1                 $xh.1675
    b821     b821        0     1                 $xh.1676
    b826     b826        0     1                 $mh.1677
    b828     b828        0     1                 $xh.1678
    b82c     b82c        0     1                 $xh.1679
    b830     b830        0     1                 $xh.1680
    b834     b834        0     1                 $xh.1681
    b839     b839        0     1                 $xh.1682
    b83f     b83f        0     1                 $xh.1683
    b843     b843        0     1                 $xh.1684
    b847     b847        0     1                 $xh.1685
    b84d     b84d        0     1                 $mh.1686
    b852     b852        0     1                 $xh.1687
    b856     b856        0     1                 $xh.1688
    b85a     b85a        0     1                 $xh.1689
    b85e     b85e        0     1                 $xh.1690
    b864     b864        0     1                 $mh.1691
    b869     b869        0     1                 $mh.1692
    b86b     b86b        0     1                 $xh.1693
    b86f     b86f        0     1                 $xh.1694
    b873     b873        0     1                 $xh.1695
    b877     b877        0     1                 $xh.1696
    b87b     b87b        0     1                 $xh.1697
    b880     b880        0     1                 $xh.1698
    b886     b886        0     1                 $xh.1699
    b88a     b88a        0     1                 $xh.1700
    b88e     b88e        0     1                 $xh.1701
    b892     b892        0     1                 $mh.1702
    b89c     b89c        0     1                 $xh.1703
    b8a1     b8a1        0     1                 $xh.1704
    b8a6     b8a6        0     1                 $mh.1705
    b8a8     b8a8        0     1                 $xh.1706
    b8ac     b8ac        0     1                 $xh.1707
    b8b0     b8b0        0     1                 $xh.1708
    b8b4     b8b4        0     1                 $xh.1709
    b8b9     b8b9        0     1                 $xh.1710
    b8bf     b8bf        0     1                 $xh.1711
    b8c3     b8c3        0     1                 $xh.1712
    b8c7     b8c7        0     1                 $xh.1713
    b8cd     b8cd        0     1                 $mh.1714
    b8d2     b8d2        0     1                 $xh.1715
    b8d6     b8d6        0     1                 $xh.1716
    b8da     b8da        0     1                 $xh.1717
    b8de     b8de        0     1                 $xh.1718
    b8e4     b8e4        0     1                 $mh.1719
    b8e9     b8e9        0     1                 $mh.1720
    b8eb     b8eb        0     1                 $xh.1721
    b8ef     b8ef        0     1                 $xh.1722
    b8f3     b8f3        0     1                 $xh.1723
    b8f7     b8f7        0     1                 $xh.1724
    b8fb     b8fb        0     1                 $xh.1725
    b900     b900        0     1                 $xh.1726
    b906     b906        0     1                 $xh.1727
    b90a     b90a        0     1                 $xh.1728
    b90e     b90e        0     1                 $xh.1729
    b914     b914        0     1                 $mh.1730
    b91e     b91e        0     1                 $xh.1731
    b928     b928        0     1                 $mh.1732
    b92a     b92a        0     1                 $xh.1733
    b92e     b92e        0     1                 $xh.1734
    b932     b932        0     1                 $xh.1735
    b936     b936        0     1                 $xh.1736
    b93b     b93b        0     1                 $xh.1737
    b93f     b93f        0     1                 $xh.1738
    b943     b943        0     1                 $xh.1739
    b947     b947        0     1                 $xh.1740
    b94b     b94b        0     1                 $xh.1741
    b94d     b94d        0     1                 $mh.1742
    b952     b952        0     1                 $xh.1743
    b956     b956        0     1                 $xh.1744
    b95a     b95a        0     1                 $xh.1745
    b95e     b95e        0     1                 $xh.1746
    b962     b962        0     1                 $xh.1747
    b964     b964        0     1                 $mh.1748
    b969     b969        0     1                 $mh.1749
    b96b     b96b        0     1                 $xh.1750
    b96f     b96f        0     1                 $xh.1751
    b973     b973        0     1                 $xh.1752
    b977     b977        0     1                 $xh.1753
    b97b     b97b        0     1                 $xh.1754
    b980     b980        0     1                 $xh.1755
    b986     b986        0     1                 $xh.1756
    b98a     b98a        0     1                 $xh.1757
    b98e     b98e        0     1                 $xh.1758
    b992     b992        0     1                 $mh.1759
    b99a     b99a        0     1                 $xh.1760
    b99f     b99f        0     1                 $xh.1761
    b9a4     b9a4        0     1                 $mh.1762
    b9a6     b9a6        0     1                 $xh.1763
    b9aa     b9aa        0     1                 $xh.1764
    b9ae     b9ae        0     1                 $xh.1765
    b9b2     b9b2        0     1                 $xh.1766
    b9b7     b9b7        0     1                 $xh.1767
    b9bb     b9bb        0     1                 $xh.1768
    b9bf     b9bf        0     1                 $xh.1769
    b9c3     b9c3        0     1                 $xh.1770
    b9c7     b9c7        0     1                 $xh.1771
    b9c9     b9c9        0     1                 $mh.1772
    b9ce     b9ce        0     1                 $xh.1773
    b9d2     b9d2        0     1                 $xh.1774
    b9d6     b9d6        0     1                 $xh.1775
    b9da     b9da        0     1                 $xh.1776
    b9de     b9de        0     1                 $xh.1777
    b9e0     b9e0        0     1                 $mh.1778
    b9e5     b9e5        0     1                 $mh.1779
    b9e7     b9e7        0     1                 $xh.1780
    b9eb     b9eb        0     1                 $xh.1781
    b9ef     b9ef        0     1                 $xh.1782
    b9f3     b9f3        0     1                 $xh.1783
    b9f7     b9f7        0     1                 $xh.1784
    b9fc     b9fc        0     1                 $xh.1785
    ba02     ba02        0     1                 $xh.1786
    ba06     ba06        0     1                 $xh.1787
    ba0a     ba0a        0     1                 $xh.1788
    ba10     ba10        0     1                 $mh.1789
    ba1a     ba1a        0     1                 $xh.1790
    ba1f     ba1f        0     1                 $xh.1791
    ba24     ba24        0     1                 $mh.1792
    ba26     ba26        0     1                 $xh.1793
    ba2a     ba2a        0     1                 $xh.1794
    ba2e     ba2e        0     1                 $xh.1795
    ba32     ba32        0     1                 $xh.1796
    ba37     ba37        0     1                 $xh.1797
    ba3b     ba3b        0     1                 $xh.1798
    ba3f     ba3f        0     1                 $xh.1799
    ba43     ba43        0     1                 $xh.1800
    ba47     ba47        0     1                 $xh.1801
    ba49     ba49        0     1                 $mh.1802
    ba4e     ba4e        0     1                 $xh.1803
    ba52     ba52        0     1                 $xh.1804
    ba56     ba56        0     1                 $xh.1805
    ba5a     ba5a        0     1                 $xh.1806
    ba5e     ba5e        0     1                 $xh.1807
    ba60     ba60        0     1                 $mh.1808
    ba65     ba65        0     1                 $mh.1809
    ba67     ba67        0     1                 $xh.1810
    ba6b     ba6b        0     1                 $xh.1811
    ba6f     ba6f        0     1                 $xh.1812
    ba73     ba73        0     1                 $xh.1813
    ba77     ba77        0     1                 $xh.1814
    ba7c     ba7c        0     1                 $xh.1815
    ba82     ba82        0     1                 $xh.1816
    ba86     ba86        0     1                 $xh.1817
    ba8a     ba8a        0     1                 $xh.1818
    ba90     ba90        0     1                 $mh.1819
    ba9a     ba9a        0     1                 $xh.1820
    ba9f     ba9f        0     1                 $xh.1821
    baa4     baa4        0     1                 $mh.1822
    baa6     baa6        0     1                 $xh.1823
    baaa     baaa        0     1                 $xh.1824
    baae     baae        0     1                 $xh.1825
    bab2     bab2        0     1                 $xh.1826
    bab7     bab7        0     1                 $xh.1827
    babb     babb        0     1                 $xh.1828
    babf     babf        0     1                 $xh.1829
    bac3     bac3        0     1                 $xh.1830
    bac7     bac7        0     1                 $xh.1831
    bac9     bac9        0     1                 $mh.1832
    bace     bace        0     1                 $xh.1833
    bad2     bad2        0     1                 $xh.1834
    bad6     bad6        0     1                 $xh.1835
    bada     bada        0     1                 $xh.1836
    bade     bade        0     1                 $xh.1837
    bae0     bae0        0     1                 $mh.1838
    bae5     bae5        0     1                 $mh.1839
    bae7     bae7        0     1                 $xh.1840
    baeb     baeb        0     1                 $xh.1841
    baef     baef        0     1                 $xh.1842
    baf3     baf3        0     1                 $xh.1843
    baf7     baf7        0     1                 $xh.1844
    bafc     bafc        0     1                 $xh.1845
    bb00     bb00        0     1                 $xh.1846
    bb04     bb04        0     1                 $xh.1847
    bb08     bb08        0     1                 $xh.1848
    bb0c     bb0c        0     1                 $xh.1849
    bb0e     bb0e        0     1                 $mh.1850
    bb13     bb13        0     1                 $xh.1851
    bb18     bb18        0     1                 $xh.1852
    bb20     bb20        0     1                 $mh.1853
    bb22     bb22        0     1                 $xh.1854
    bb26     bb26        0     1                 $xh.1855
    bb2a     bb2a        0     1                 $xh.1856
    bb2e     bb2e        0     1                 $xh.1857
    bb33     bb33        0     1                 $xh.1858
    bb37     bb37        0     1                 $xh.1859
    bb3b     bb3b        0     1                 $xh.1860
    bb3f     bb3f        0     1                 $xh.1861
    bb43     bb43        0     1                 $xh.1862
    bb45     bb45        0     1                 $mh.1863
    bb4a     bb4a        0     1                 $xh.1864
    bb4e     bb4e        0     1                 $xh.1865
    bb52     bb52        0     1                 $xh.1866
    bb56     bb56        0     1                 $xh.1867
    bb5a     bb5a        0     1                 $xh.1868
    bb5c     bb5c        0     1                 $mh.1869
    bb61     bb61        0     1                 $mh.1870
    bb63     bb63        0     1                 $xh.1871
    bb67     bb67        0     1                 $xh.1872
    bb6b     bb6b        0     1                 $xh.1873
    bb6f     bb6f        0     1                 $xh.1874
    bb73     bb73        0     1                 $xh.1875
    bb78     bb78        0     1                 $xh.1876
    bb7e     bb7e        0     1                 $xh.1877
    bb82     bb82        0     1                 $xh.1878
    bb86     bb86        0     1                 $xh.1879
    bb8a     bb8a        0     1                 $mh.1880
    bb98     bb98        0     1                 $xh.1881
    bb9c     bb9c        0     1                 $xh.1882
    bba0     bba0        0     1                 $xh.1883
    bba4     bba4        0     1                 $xh.1884
    bba8     bba8        0     1                 $xh.1885
    bbae     bbae        0     1                 $xh.1886
    bbb2     bbb2        0     1                 $xh.1887
    bbb6     bbb6        0     1                 $xh.1888
    bbba     bbba        0     1                 $xh.1889
    bbbe     bbbe        0     1                 $xh.1890
    bbc0     bbc0        0     1                 $mh.1891
    bbc5     bbc5        0     1                 $xh.1892
    bbc9     bbc9        0     1                 $xh.1893
    bbcd     bbcd        0     1                 $xh.1894
    bbd1     bbd1        0     1                 $xh.1895
    bbd5     bbd5        0     1                 $xh.1896
    bbd7     bbd7        0     1                 $mh.1897
    bbdc     bbdc        0     1                 $mh.1898
    bbde     bbde        0     1                 $xh.1899
    bbe2     bbe2        0     1                 $xh.1900
    bbe6     bbe6        0     1                 $xh.1901
    bbea     bbea        0     1                 $xh.1902
    bbee     bbee        0     1                 $xh.1903
    bbf3     bbf3        0     1                 $xh.1904
    bbf9     bbf9        0     1                 $xh.1905
    bbfd     bbfd        0     1                 $xh.1906
    bc01     bc01        0     1                 $xh.1907
    bc07     bc07        0     1                 $mh.1908
    bc11     bc11        0     1                 $xh.1909
    bc16     bc16        0     1                 $xh.1910
    bc1b     bc1b        0     1                 $mh.1911
    bc1d     bc1d        0     1                 $xh.1912
    bc21     bc21        0     1                 $xh.1913
    bc25     bc25        0     1                 $xh.1914
    bc29     bc29        0     1                 $xh.1915
    bc2e     bc2e        0     1                 $xh.1916
    bc32     bc32        0     1                 $xh.1917
    bc36     bc36        0     1                 $xh.1918
    bc3a     bc3a        0     1                 $xh.1919
    bc3e     bc3e        0     1                 $xh.1920
    bc40     bc40        0     1                 $mh.1921
    bc45     bc45        0     1                 $xh.1922
    bc49     bc49        0     1                 $xh.1923
    bc4d     bc4d        0     1                 $xh.1924
    bc51     bc51        0     1                 $xh.1925
    bc55     bc55        0     1                 $xh.1926
    bc57     bc57        0     1                 $mh.1927
    bc5c     bc5c        0     1                 $mh.1928
    bc5e     bc5e        0     1                 $xh.1929
    bc62     bc62        0     1                 $xh.1930
    bc66     bc66        0     1                 $xh.1931
    bc6a     bc6a        0     1                 $xh.1932
    bc6e     bc6e        0     1                 $xh.1933
    bc73     bc73        0     1                 $xh.1934
    bc79     bc79        0     1                 $xh.1935
    bc7d     bc7d        0     1                 $xh.1936
    bc81     bc81        0     1                 $xh.1937
    bc87     bc87        0     1                 $mh.1938
    bc91     bc91        0     1                 $xh.1939
    bc99     bc99        0     1                 $mh.1940
    bc9b     bc9b        0     1                 $xh.1941
    bc9f     bc9f        0     1                 $xh.1942
    bca3     bca3        0     1                 $xh.1943
    bca7     bca7        0     1                 $xh.1944
    bcac     bcac        0     1                 $xh.1945
    bcb0     bcb0        0     1                 $xh.1946
    bcb4     bcb4        0     1                 $xh.1947
    bcb8     bcb8        0     1                 $xh.1948
    bcbc     bcbc        0     1                 $xh.1949
    bcbe     bcbe        0     1                 $mh.1950
    bcc3     bcc3        0     1                 $xh.1951
    bcc7     bcc7        0     1                 $xh.1952
    bccb     bccb        0     1                 $xh.1953
    bccf     bccf        0     1                 $xh.1954
    bcd3     bcd3        0     1                 $xh.1955
    bcd5     bcd5        0     1                 $mh.1956
    bcda     bcda        0     1                 $mh.1957
    bcdc     bcdc        0     1                 $xh.1958
    bce0     bce0        0     1                 $xh.1959
    bce4     bce4        0     1                 $xh.1960
    bce8     bce8        0     1                 $xh.1961
    bcec     bcec        0     1                 $xh.1962
    bcf1     bcf1        0     1                 $xh.1963
    bcf5     bcf5        0     1                 $xh.1964
    bcf9     bcf9        0     1                 $xh.1965
    bcfd     bcfd        0     1                 $xh.1966
    bd01     bd01        0     1                 $xh.1967
    bd03     bd03        0     1                 $mh.1968
    bd08     bd08        0     1                 $xh.1969
    bd0d     bd0d        0     1                 $xh.1970
    bd15     bd15        0     1                 $mh.1971
    bd17     bd17        0     1                 $xh.1972
    bd1b     bd1b        0     1                 $xh.1973
    bd1f     bd1f        0     1                 $xh.1974
    bd23     bd23        0     1                 $xh.1975
    bd28     bd28        0     1                 $xh.1976
    bd2c     bd2c        0     1                 $xh.1977
    bd30     bd30        0     1                 $xh.1978
    bd34     bd34        0     1                 $xh.1979
    bd38     bd38        0     1                 $xh.1980
    bd3a     bd3a        0     1                 $mh.1981
    bd3f     bd3f        0     1                 $xh.1982
    bd43     bd43        0     1                 $xh.1983
    bd47     bd47        0     1                 $xh.1984
    bd4b     bd4b        0     1                 $xh.1985
    bd4f     bd4f        0     1                 $xh.1986
    bd51     bd51        0     1                 $mh.1987
    bd56     bd56        0     1                 $mh.1988
    bd58     bd58        0     1                 $xh.1989
    bd5c     bd5c        0     1                 $xh.1990
    bd60     bd60        0     1                 $xh.1991
    bd64     bd64        0     1                 $xh.1992
    bd68     bd68        0     1                 $xh.1993
    bd6d     bd6d        0     1                 $xh.1994
    bd73     bd73        0     1                 $xh.1995
    bd77     bd77        0     1                 $xh.1996
    bd7b     bd7b        0     1                 $xh.1997
    bd7f     bd7f        0     1                 $mh.1998
    bd84     bd84        0     1                 $xh.1999
    bd89     bd89        0     1                 $xh.2000
    bd91     bd91        0     1                 $mh.2001
    bd93     bd93        0     1                 $xh.2002
    bd97     bd97        0     1                 $xh.2003
    bd9b     bd9b        0     1                 $xh.2004
    bd9f     bd9f        0     1                 $xh.2005
    bda4     bda4        0     1                 $xh.2006
    bdaa     bdaa        0     1                 $xh.2007
    bdae     bdae        0     1                 $xh.2008
    bdb2     bdb2        0     1                 $xh.2009
    bdb8     bdb8        0     1                 $mh.2010
    bdbd     bdbd        0     1                 $xh.2011
    bdc1     bdc1        0     1                 $xh.2012
    bdc5     bdc5        0     1                 $xh.2013
    bdc9     bdc9        0     1                 $xh.2014
    bdcf     bdcf        0     1                 $mh.2015
    bdd4     bdd4        0     1                 $mh.2016
    bdd6     bdd6        0     1                 $xh.2017
    bdda     bdda        0     1                 $xh.2018
    bdde     bdde        0     1                 $xh.2019
    bde2     bde2        0     1                 $xh.2020
    bde6     bde6        0     1                 $xh.2021
    bdeb     bdeb        0     1                 $xh.2022
    bdf1     bdf1        0     1                 $xh.2023
    bdf5     bdf5        0     1                 $xh.2024
    bdf9     bdf9        0     1                 $xh.2025
    bdfd     bdfd        0     1                 $mh.2026
    be05     be05        0     1                 $xh.2027
    be0f     be0f        0     1                 $mh.2028
    be11     be11        0     1                 $xh.2029
    be15     be15        0     1                 $xh.2030
    be19     be19        0     1                 $xh.2031
    be1d     be1d        0     1                 $xh.2032
    be22     be22        0     1                 $xh.2033
    be26     be26        0     1                 $xh.2034
    be2a     be2a        0     1                 $xh.2035
    be2e     be2e        0     1                 $xh.2036
    be32     be32        0     1                 $xh.2037
    be34     be34        0     1                 $mh.2038
    be39     be39        0     1                 $xh.2039
    be3d     be3d        0     1                 $xh.2040
    be41     be41        0     1                 $xh.2041
    be45     be45        0     1                 $xh.2042
    be49     be49        0     1                 $xh.2043
    be4b     be4b        0     1                 $mh.2044
    be50     be50        0     1                 $mh.2045
    be52     be52        0     1                 $xh.2046
    be56     be56        0     1                 $xh.2047
    be5a     be5a        0     1                 $xh.2048
    be5e     be5e        0     1                 $xh.2049
    be62     be62        0     1                 $xh.2050
    be67     be67        0     1                 $xh.2051
    be6d     be6d        0     1                 $xh.2052
    be71     be71        0     1                 $xh.2053
    be75     be75        0     1                 $xh.2054
    be79     be79        0     1                 $mh.2055
    be7e     be7e        0     1                 $xh.2056
    be83     be83        0     1                 $xh.2057
    be88     be88        0     1                 $xh.2058
    be8d     be8d        0     1                 $mh.2059
    be8f     be8f        0     1                 $xh.2060
    be93     be93        0     1                 $xh.2061
    be97     be97        0     1                 $xh.2062
    be9b     be9b        0     1                 $xh.2063
    bea0     bea0        0     1                 $xh.2064
    bea4     bea4        0     1                 $xh.2065
    bea8     bea8        0     1                 $xh.2066
    beac     beac        0     1                 $xh.2067
    beb0     beb0        0     1                 $xh.2068
    beb2     beb2        0     1                 $mh.2069
    beb7     beb7        0     1                 $xh.2070
    bebb     bebb        0     1                 $xh.2071
    bebf     bebf        0     1                 $xh.2072
    bec3     bec3        0     1                 $xh.2073
    bec7     bec7        0     1                 $xh.2074
    bec9     bec9        0     1                 $mh.2075
    bece     bece        0     1                 $mh.2076
    bed0     bed0        0     1                 $xh.2077
    bed4     bed4        0     1                 $xh.2078
    bed8     bed8        0     1                 $xh.2079
    bedc     bedc        0     1                 $xh.2080
    bee0     bee0        0     1                 $xh.2081
    bee5     bee5        0     1                 $xh.2082
    beeb     beeb        0     1                 $xh.2083
    beef     beef        0     1                 $xh.2084
    bef3     bef3        0     1                 $xh.2085
    bef7     bef7        0     1                 $mh.2086
    beff     beff        0     1                 $xh.2087
    bf04     bf04        0     1                 $xh.2088
    bf09     bf09        0     1                 $mh.2089
    bf0b     bf0b        0     1                 $xh.2090
    bf0f     bf0f        0     1                 $xh.2091
    bf13     bf13        0     1                 $xh.2092
    bf17     bf17        0     1                 $xh.2093
    bf1c     bf1c        0     1                 $xh.2094
    bf20     bf20        0     1                 $xh.2095
    bf24     bf24        0     1                 $xh.2096
    bf28     bf28        0     1                 $xh.2097
    bf2c     bf2c        0     1                 $xh.2098
    bf2e     bf2e        0     1                 $mh.2099
    bf33     bf33        0     1                 $xh.2100
    bf37     bf37        0     1                 $xh.2101
    bf3b     bf3b        0     1                 $xh.2102
    bf3f     bf3f        0     1                 $xh.2103
    bf43     bf43        0     1                 $xh.2104
    bf45     bf45        0     1                 $mh.2105
    bf4a     bf4a        0     1                 $mh.2106
    bf4c     bf4c        0     1                 $xh.2107
    bf50     bf50        0     1                 $xh.2108
    bf54     bf54        0     1                 $xh.2109
    bf58     bf58        0     1                 $xh.2110
    bf5c     bf5c        0     1                 $xh.2111
    bf61     bf61        0     1                 $xh.2112
    bf67     bf67        0     1                 $xh.2113
    bf6b     bf6b        0     1                 $xh.2114
    bf6f     bf6f        0     1                 $xh.2115
    bf75     bf75        0     1                 $mh.2116
    bf7f     bf7f        0     1                 $xh.2117
    bf84     bf84        0     1                 $xh.2118
    bf89     bf89        0     1                 $mh.2119
    bf8b     bf8b        0     1                 $xh.2120
    bf8f     bf8f        0     1                 $xh.2121
    bf93     bf93        0     1                 $xh.2122
    bf97     bf97        0     1                 $xh.2123
    bf9c     bf9c        0     1                 $xh.2124
    bfa0     bfa0        0     1                 $xh.2125
    bfa4     bfa4        0     1                 $xh.2126
    bfa8     bfa8        0     1                 $xh.2127
    bfac     bfac        0     1                 $xh.2128
    bfae     bfae        0     1                 $mh.2129
    bfb3     bfb3        0     1                 $xh.2130
    bfb7     bfb7        0     1                 $xh.2131
    bfbb     bfbb        0     1                 $xh.2132
    bfbf     bfbf        0     1                 $xh.2133
    bfc3     bfc3        0     1                 $xh.2134
    bfc5     bfc5        0     1                 $mh.2135
    bfca     bfca        0     1                 $mh.2136
    bfcc     bfcc        0     1                 $xh.2137
    bfd0     bfd0        0     1                 $xh.2138
    bfd4     bfd4        0     1                 $xh.2139
    bfd8     bfd8        0     1                 $xh.2140
    bfdc     bfdc        0     1                 $xh.2141
    bfe1     bfe1        0     1                 $xh.2142
    bfe7     bfe7        0     1                 $xh.2143
    bfeb     bfeb        0     1                 $xh.2144
    bfef     bfef        0     1                 $xh.2145
    bff3     bff3        0     1                 $mh.2146
    bff8     bff8        0     1                 $xh.2147
    bffd     bffd        0     1                 $xh.2148
    c002     c002        0     1                 $xh.2149
    c007     c007        0     1                 $mh.2150
    c009     c009        0     1                 $xh.2151
    c00d     c00d        0     1                 $xh.2152
    c011     c011        0     1                 $xh.2153
    c015     c015        0     1                 $xh.2154
    c01a     c01a        0     1                 $xh.2155
    c01e     c01e        0     1                 $xh.2156
    c022     c022        0     1                 $xh.2157
    c026     c026        0     1                 $xh.2158
    c02a     c02a        0     1                 $xh.2159
    c02c     c02c        0     1                 $mh.2160
    c031     c031        0     1                 $xh.2161
    c035     c035        0     1                 $xh.2162
    c039     c039        0     1                 $xh.2163
    c03d     c03d        0     1                 $xh.2164
    c041     c041        0     1                 $xh.2165
    c043     c043        0     1                 $mh.2166
    c048     c048        0     1                 $mh.2167
    c04a     c04a        0     1                 $xh.2168
    c04e     c04e        0     1                 $xh.2169
    c052     c052        0     1                 $xh.2170
    c056     c056        0     1                 $xh.2171
    c05a     c05a        0     1                 $xh.2172
    c05f     c05f        0     1                 $xh.2173
    c065     c065        0     1                 $xh.2174
    c069     c069        0     1                 $xh.2175
    c06d     c06d        0     1                 $xh.2176
    c073     c073        0     1                 $mh.2177
    c07b     c07b        0     1                 $xh.2178
    c085     c085        0     1                 $mh.2179
    c087     c087        0     1                 $xh.2180
    c08b     c08b        0     1                 $xh.2181
    c08f     c08f        0     1                 $xh.2182
    c093     c093        0     1                 $xh.2183
    c098     c098        0     1                 $xh.2184
    c09e     c09e        0     1                 $xh.2185
    c0a2     c0a2        0     1                 $xh.2186
    c0a6     c0a6        0     1                 $xh.2187
    c0ac     c0ac        0     1                 $mh.2188
    c0b1     c0b1        0     1                 $xh.2189
    c0b5     c0b5        0     1                 $xh.2190
    c0b9     c0b9        0     1                 $xh.2191
    c0bd     c0bd        0     1                 $xh.2192
    c0c3     c0c3        0     1                 $mh.2193
    c0c8     c0c8        0     1                 $mh.2194
    c0ca     c0ca        0     1                 $xh.2195
    c0ce     c0ce        0     1                 $xh.2196
    c0d2     c0d2        0     1                 $xh.2197
    c0d6     c0d6        0     1                 $xh.2198
    c0da     c0da        0     1                 $xh.2199
    c0df     c0df        0     1                 $xh.2200
    c0e5     c0e5        0     1                 $xh.2201
    c0e9     c0e9        0     1                 $xh.2202
    c0ed     c0ed        0     1                 $xh.2203
    c0f3     c0f3        0     1                 $mh.2204
    c0fd     c0fd        0     1                 $xh.2205
    c107     c107        0     1                 $mh.2206
    c109     c109        0     1                 $xh.2207
    c10d     c10d        0     1                 $xh.2208
    c111     c111        0     1                 $xh.2209
    c115     c115        0     1                 $xh.2210
    c11a     c11a        0     1                 $xh.2211
    c11e     c11e        0     1                 $xh.2212
    c122     c122        0     1                 $xh.2213
    c126     c126        0     1                 $xh.2214
    c12a     c12a        0     1                 $xh.2215
    c12c     c12c        0     1                 $mh.2216
    c131     c131        0     1                 $xh.2217
    c135     c135        0     1                 $xh.2218
    c139     c139        0     1                 $xh.2219
    c13d     c13d        0     1                 $xh.2220
    c141     c141        0     1                 $xh.2221
    c143     c143        0     1                 $mh.2222
    c148     c148        0     1                 $mh.2223
    c14a     c14a        0     1                 $xh.2224
    c14e     c14e        0     1                 $xh.2225
    c152     c152        0     1                 $xh.2226
    c156     c156        0     1                 $xh.2227
    c15a     c15a        0     1                 $xh.2228
    c15f     c15f        0     1                 $xh.2229
    c165     c165        0     1                 $xh.2230
    c169     c169        0     1                 $xh.2231
    c16d     c16d        0     1                 $xh.2232
    c173     c173        0     1                 $mh.2233
    c17d     c17d        0     1                 $xh.2234
    c182     c182        0     1                 $xh.2235
    c187     c187        0     1                 $mh.2236
    c189     c189        0     1                 $xh.2237
    c18d     c18d        0     1                 $xh.2238
    c191     c191        0     1                 $xh.2239
    c195     c195        0     1                 $xh.2240
    c19a     c19a        0     1                 $xh.2241
    c19e     c19e        0     1                 $xh.2242
    c1a2     c1a2        0     1                 $xh.2243
    c1a6     c1a6        0     1                 $xh.2244
    c1aa     c1aa        0     1                 $xh.2245
    c1ac     c1ac        0     1                 $mh.2246
    c1b1     c1b1        0     1                 $xh.2247
    c1b5     c1b5        0     1                 $xh.2248
    c1b9     c1b9        0     1                 $xh.2249
    c1bd     c1bd        0     1                 $xh.2250
    c1c1     c1c1        0     1                 $xh.2251
    c1c3     c1c3        0     1                 $mh.2252
    c1c8     c1c8        0     1                 $mh.2253
    c1ca     c1ca        0     1                 $xh.2254
    c1ce     c1ce        0     1                 $xh.2255
    c1d2     c1d2        0     1                 $xh.2256
    c1d6     c1d6        0     1                 $xh.2257
    c1da     c1da        0     1                 $xh.2258
    c1df     c1df        0     1                 $xh.2259
    c1e3     c1e3        0     1                 $xh.2260
    c1e7     c1e7        0     1                 $xh.2261
    c1eb     c1eb        0     1                 $xh.2262
    c1ef     c1ef        0     1                 $xh.2263
    c1f1     c1f1        0     1                 $mh.2264
    c1f6     c1f6        0     1                 $xh.2265
    c1fb     c1fb        0     1                 $xh.2266
    c203     c203        0     1                 $mh.2267
    c205     c205        0     1                 $xh.2268
    c209     c209        0     1                 $xh.2269
    c20d     c20d        0     1                 $xh.2270
    c211     c211        0     1                 $xh.2271
    c216     c216        0     1                 $xh.2272
    c21a     c21a        0     1                 $xh.2273
    c21e     c21e        0     1                 $xh.2274
    c222     c222        0     1                 $xh.2275
    c226     c226        0     1                 $xh.2276
    c228     c228        0     1                 $mh.2277
    c22d     c22d        0     1                 $xh.2278
    c231     c231        0     1                 $xh.2279
    c235     c235        0     1                 $xh.2280
    c239     c239        0     1                 $xh.2281
    c23d     c23d        0     1                 $xh.2282
    c23f     c23f        0     1                 $mh.2283
    c244     c244        0     1                 $mh.2284
    c246     c246        0     1                 $xh.2285
    c24a     c24a        0     1                 $xh.2286
    c24e     c24e        0     1                 $xh.2287
    c252     c252        0     1                 $xh.2288
    c256     c256        0     1                 $xh.2289
    c25b     c25b        0     1                 $xh.2290
    c261     c261        0     1                 $xh.2291
    c265     c265        0     1                 $xh.2292
    c269     c269        0     1                 $xh.2293
    c26d     c26d        0     1                 $mh.2294
    c275     c275        0     1                 $xh.2295
    c27a     c27a        0     1                 $xh.2296
    c27f     c27f        0     1                 $mh.2297
    c281     c281        0     1                 $xh.2298
    c285     c285        0     1                 $xh.2299
    c289     c289        0     1                 $xh.2300
    c28d     c28d        0     1                 $xh.2301
    c292     c292        0     1                 $xh.2302
    c296     c296        0     1                 $xh.2303
    c29a     c29a        0     1                 $xh.2304
    c29e     c29e        0     1                 $xh.2305
    c2a2     c2a2        0     1                 $xh.2306
    c2a4     c2a4        0     1                 $mh.2307
    c2a9     c2a9        0     1                 $xh.2308
    c2ad     c2ad        0     1                 $xh.2309
    c2b1     c2b1        0     1                 $xh.2310
    c2b5     c2b5        0     1                 $xh.2311
    c2b9     c2b9        0     1                 $xh.2312
    c2bb     c2bb        0     1                 $mh.2313
    c2c0     c2c0        0     1                 $mh.2314
    c2c2     c2c2        0     1                 $xh.2315
    c2c6     c2c6        0     1                 $xh.2316
    c2ca     c2ca        0     1                 $xh.2317
    c2ce     c2ce        0     1                 $xh.2318
    c2d2     c2d2        0     1                 $xh.2319
    c2d7     c2d7        0     1                 $xh.2320
    c2dd     c2dd        0     1                 $xh.2321
    c2e1     c2e1        0     1                 $xh.2322
    c2e5     c2e5        0     1                 $xh.2323
    c2eb     c2eb        0     1                 $mh.2324
    c2f5     c2f5        0     1                 $xh.2325
    c2fa     c2fa        0     1                 $xh.2326
    c2ff     c2ff        0     1                 $mh.2327
    c301     c301        0     1                 $xh.2328
    c305     c305        0     1                 $xh.2329
    c309     c309        0     1                 $xh.2330
    c30d     c30d        0     1                 $xh.2331
    c312     c312        0     1                 $xh.2332
    c316     c316        0     1                 $xh.2333
    c31a     c31a        0     1                 $xh.2334
    c31e     c31e        0     1                 $xh.2335
    c322     c322        0     1                 $xh.2336
    c324     c324        0     1                 $mh.2337
    c329     c329        0     1                 $xh.2338
    c32d     c32d        0     1                 $xh.2339
    c331     c331        0     1                 $xh.2340
    c335     c335        0     1                 $xh.2341
    c339     c339        0     1                 $xh.2342
    c33b     c33b        0     1                 $mh.2343
    c340     c340        0     1                 $mh.2344
    c342     c342        0     1                 $xh.2345
    c346     c346        0     1                 $xh.2346
    c34a     c34a        0     1                 $xh.2347
    c34e     c34e        0     1                 $xh.2348
    c352     c352        0     1                 $xh.2349
    c357     c357        0     1                 $xh.2350
    c35d     c35d        0     1                 $xh.2351
    c361     c361        0     1                 $xh.2352
    c365     c365        0     1                 $xh.2353
    c369     c369        0     1                 $mh.2354
    c371     c371        0     1                 $xh.2355
    c376     c376        0     1                 $xh.2356
    c37b     c37b        0     1                 $mh.2357
    c37d     c37d        0     1                 $xh.2358
    c381     c381        0     1                 $xh.2359
    c385     c385        0     1                 $xh.2360
    c389     c389        0     1                 $xh.2361
    c38d     c38d        0     1                 $xh.2362
    c392     c392        0     1                 $xh.2363
    c3b9     c3b9        0     1                 $xh.2364
    c3c3     c3c3        0     1                 $xh.2365
    c3c8     c3c8        0     1                 $xh.2366
    c3cf     c3cf        0     1                 $xh.2367
    c3d6     c3d6        0     1                 $xh.2368
    c3db     c3db        0     1                 $xh.2369
    c41c     c41c        0     1                 $xh.2370
    c42d     c42d        0     1                 $xh.2371
    c432     c432        0     1                 $xh.2372
    c450     c450        0     1                 $xh.2373
    c45d     c45d        0     1                 $xh.2374
    c47d     c47d        0     1                 $xh.2375
    c481     c481        0     1                 $xh.2376
    c485     c485        0     1                 $xh.2377
    c48d     c48d        0     1                 $xh.2378
    c49a     c49a        0     1                 $xh.2379
    c4ba     c4ba        0     1                 $xh.2380
    c4be     c4be        0     1                 $xh.2381
    c4c2     c4c2        0     1                 $xh.2382
    c4cb     c4cb        0     1                 $xh.2383
    c4d2     c4d2        0     1                 $xh.2384
    c4d7     c4d7        0     1                 $xh.2385
    c4ec     c4ec        0     1                 $xh.2386
    c4f4     c4f4        0     1                 $xh.2387
    c523     c523        0     1                 $xh.2388
    c52e     c52e        0     1                 $xh.2389
    c533     c533        0     1                 $xh.2390
    c53e     c53e        0     1                 $xh.2391
    c54b     c54b        0     1                 $xh.2392
    c54f     c54f        0     1                 $xh.2393
    c553     c553        0     1                 $xh.2394
    c55f     c55f        0     1                 $xh.2395
    c563     c563        0     1                 $xh.2396
    c56d     c56d        0     1                 $mh.2397
    c572     c572        0     1                 $xh.2398
    c576     c576        0     1                 $xh.2399
    c57a     c57a        0     1                 $xh.2400
    c57e     c57e        0     1                 $mh.2401
    c583     c583        0     1                 $xh.2402
    c587     c587        0     1                 $xh.2403
    c58b     c58b        0     1                 $xh.2404
    c58f     c58f        0     1                 $mh.2405
    c59d     c59d        0     1                 $xh.2406
    c5a1     c5a1        0     1                 $xh.2407
    c5a5     c5a5        0     1                 $xh.2408
    c5a9     c5a9        0     1                 $mh.2409
    c5ae     c5ae        0     1                 $xh.2410
    c5b2     c5b2        0     1                 $xh.2411
    c5ba     c5ba        0     1                 $xh.2412
    c5bc     c5bc        0     1                 $mh.2413
    c5c1     c5c1        0     1                 $mh.2414
    c5d1     c5d1        0     1                 $xh.2415
    c5f0     c5f0        0     1                 $xh.2416
    c5f4     c5f4        0     1                 $xh.2417
    c5f8     c5f8        0     1                 $xh.2418
    c5ff     c5ff        0     1                 $xh.2419
    c605     c605        0     1                 $mh.2420
    c609     c609        0     1                 $mh.2421
    c60e     c60e        0     1                 $xh.2422
    c629     c629        0     1                 $mh.2423
    c62d     c62d        0     1                 $mh.2424
    c632     c632        0     1                 $xh.2425
    c636     c636        0     1                 $xh.2426
    c63a     c63a        0     1                 $xh.2427
    c64d     c64d        0     1                 $xh.2428
    c651     c651        0     1                 $xh.2429
    c655     c655        0     1                 $xh.2430
    c66c     c66c        0     1                 $mh.2431
    c672     c672        0     1                 $mh.2432
    c678     c678        0     1                 $xh.2433
    c692     c692        0     1                 $mh.2434
    c6b7     c6b7        0     1                 $mh.2435
    c6be     c6be        0     1                 $mh.2436
    c6ca     c6ca        0     1                 $mh.2437
    c6d2     c6d2        0     1                 $mh.2438
    c6d8     c6d8        0     1                 $mh.2439
    c6e2     c6e2        0     1                 $mh.2440
    c712     c712     10f6     1         build/mainBankZero_llvm-mos.smc.lto.o:(.text.main)
    c712     c712        0     1                 $xh.2487
    c712     c712     10f6     1                 main
    c716     c716        0     1                 $xh.2488
    c724     c724        0     1                 $xh.2489
    c728     c728        0     1                 $xh.2490
    c746     c746        0     1                 $xh.2491
    c74b     c74b        0     1                 $xh.2492
    c7e9     c7e9        0     1                 $xh.2493
    c7f1     c7f1        0     1                 $xh.2494
    c805     c805        0     1                 $xh.2495
    c809     c809        0     1                 $xh.2496
    c80d     c80d        0     1                 $xh.2497
    c81b     c81b        0     1                 $xh.2498
    c81f     c81f        0     1                 $xh.2499
    c82d     c82d        0     1                 $xh.2500
    c83e     c83e        0     1                 $xh.2501
    c842     c842        0     1                 $xh.2502
    c850     c850        0     1                 $xh.2503
    c854     c854        0     1                 $xh.2504
    c862     c862        0     1                 $xh.2505
    c866     c866        0     1                 $xh.2506
    c874     c874        0     1                 $xh.2507
    c878     c878        0     1                 $xh.2508
    c8aa     c8aa        0     1                 $xh.2509
    c8bb     c8bb        0     1                 $xh.2510
    c8c3     c8c3        0     1                 $xh.2511
    c8cd     c8cd        0     1                 $mh.2512
    c8d2     c8d2        0     1                 $mh.2513
    c8d7     c8d7        0     1                 $mh.2514
    c8e3     c8e3        0     1                 $mh.2515
    c8f1     c8f1        0     1                 $xh.2516
    c902     c902        0     1                 $xh.2517
    c906     c906        0     1                 $xh.2518
    c91b     c91b        0     1                 $xh.2519
    c920     c920        0     1                 $xh.2520
    c925     c925        0     1                 $xh.2521
    c92a     c92a        0     1                 $xh.2522
    c938     c938        0     1                 $xh.2523
    c93f     c93f        0     1                 $xh.2524
    c951     c951        0     1                 $xh.2525
    c972     c972        0     1                 $xh.2526
    c976     c976        0     1                 $xh.2527
    c97f     c97f        0     1                 $xh.2528
    c983     c983        0     1                 $xh.2529
    c987     c987        0     1                 $xh.2530
    c98c     c98c        0     1                 $mh.2531
    c992     c992        0     1                 $mh.2532
    c996     c996        0     1                 $mh.2533
    c9af     c9af        0     1                 $mh.2534
    c9b1     c9b1        0     1                 $xh.2535
    c9c6     c9c6        0     1                 $xh.2536
    c9d7     c9d7        0     1                 $xh.2537
    c9dc     c9dc        0     1                 $xh.2538
    c9e1     c9e1        0     1                 $xh.2539
    c9e5     c9e5        0     1                 $xh.2540
    c9e9     c9e9        0     1                 $xh.2541
    c9f3     c9f3        0     1                 $mh.2542
    c9f8     c9f8        0     1                 $xh.2543
    c9fc     c9fc        0     1                 $xh.2544
    ca06     ca06        0     1                 $mh.2545
    ca0b     ca0b        0     1                 $xh.2546
    ca0f     ca0f        0     1                 $xh.2547
    ca13     ca13        0     1                 $xh.2548
    ca19     ca19        0     1                 $mh.2549
    ca1e     ca1e        0     1                 $xh.2550
    ca22     ca22        0     1                 $xh.2551
    ca26     ca26        0     1                 $xh.2552
    ca2a     ca2a        0     1                 $mh.2553
    ca38     ca38        0     1                 $xh.2554
    ca3c     ca3c        0     1                 $xh.2555
    ca40     ca40        0     1                 $mh.2556
    ca42     ca42        0     1                 $xh.2557
    ca4b     ca4b        0     1                 $xh.2558
    ca4f     ca4f        0     1                 $xh.2559
    ca53     ca53        0     1                 $xh.2560
    ca66     ca66        0     1                 $xh.2561
    ca6a     ca6a        0     1                 $xh.2562
    ca6e     ca6e        0     1                 $xh.2563
    ca72     ca72        0     1                 $mh.2564
    ca7c     ca7c        0     1                 $xh.2565
    ca89     ca89        0     1                 $xh.2566
    ca8e     ca8e        0     1                 $mh.2567
    ca93     ca93        0     1                 $xh.2568
    ca9a     ca9a        0     1                 $xh.2569
    ca9f     ca9f        0     1                 $xh.2570
    caad     caad        0     1                 $xh.2571
    cab5     cab5        0     1                 $xh.2572
    cabd     cabd        0     1                 $xh.2573
    cac4     cac4        0     1                 $xh.2574
    cac9     cac9        0     1                 $xh.2575
    cad4     cad4        0     1                 $xh.2576
    caf2     caf2        0     1                 $xh.2577
    caf7     caf7        0     1                 $xh.2578
    cb22     cb22        0     1                 $xh.2579
    cb27     cb27        0     1                 $xh.2580
    cb43     cb43        0     1                 $xh.2581
    cb50     cb50        0     1                 $xh.2582
    cb55     cb55        0     1                 $xh.2583
    cb65     cb65        0     1                 $xh.2584
    cb73     cb73        0     1                 $xh.2585
    cb80     cb80        0     1                 $xh.2586
    cb85     cb85        0     1                 $xh.2587
    cba1     cba1        0     1                 $xh.2588
    cbae     cbae        0     1                 $xh.2589
    cbb3     cbb3        0     1                 $xh.2590
    cbbe     cbbe        0     1                 $xh.2591
    cbd7     cbd7        0     1                 $xh.2592
    cbde     cbde        0     1                 $xh.2593
    cbf8     cbf8        0     1                 $xh.2594
    cc21     cc21        0     1                 $xh.2595
    cc2e     cc2e        0     1                 $xh.2596
    cc33     cc33        0     1                 $xh.2597
    cc47     cc47        0     1                 $xh.2598
    cc54     cc54        0     1                 $xh.2599
    cc59     cc59        0     1                 $xh.2600
    cc6d     cc6d        0     1                 $xh.2601
    cc7a     cc7a        0     1                 $xh.2602
    cc7f     cc7f        0     1                 $xh.2603
    cc93     cc93        0     1                 $xh.2604
    cca0     cca0        0     1                 $xh.2605
    cca5     cca5        0     1                 $xh.2606
    ccb9     ccb9        0     1                 $xh.2607
    ccc8     ccc8        0     1                 $xh.2608
    cccd     cccd        0     1                 $xh.2609
    cce1     cce1        0     1                 $xh.2610
    ccf2     ccf2        0     1                 $xh.2611
    ccf7     ccf7        0     1                 $xh.2612
    cd0f     cd0f        0     1                 $xh.2613
    cd13     cd13        0     1                 $xh.2614
    cd1c     cd1c        0     1                 $mh.2615
    cd26     cd26        0     1                 $xh.2616
    cd3b     cd3b        0     1                 $xh.2617
    cd40     cd40        0     1                 $xh.2618
    cd5b     cd5b        0     1                 $xh.2619
    cd66     cd66        0     1                 $xh.2620
    cd6b     cd6b        0     1                 $xh.2621
    cd76     cd76        0     1                 $xh.2622
    cd83     cd83        0     1                 $mh.2623
    cd95     cd95        0     1                 $xh.2624
    cd9c     cd9c        0     1                 $xh.2625
    cda1     cda1        0     1                 $xh.2626
    cdab     cdab        0     1                 $xh.2627
    cdb0     cdb0        0     1                 $xh.2628
    cdb5     cdb5        0     1                 $xh.2629
    cdbf     cdbf        0     1                 $xh.2630
    cded     cded        0     1                 $xh.2631
    cdf6     cdf6        0     1                 $xh.2632
    ce00     ce00        0     1                 $xh.2633
    ce05     ce05        0     1                 $xh.2634
    ce0a     ce0a        0     1                 $xh.2635
    ce1c     ce1c        0     1                 $xh.2636
    ce23     ce23        0     1                 $xh.2637
    ce28     ce28        0     1                 $xh.2638
    ce33     ce33        0     1                 $xh.2639
    ce38     ce38        0     1                 $xh.2640
    ce53     ce53        0     1                 $xh.2641
    ce58     ce58        0     1                 $xh.2642
    ce66     ce66        0     1                 $xh.2643
    ce7b     ce7b        0     1                 $xh.2644
    ce80     ce80        0     1                 $xh.2645
    ce9a     ce9a        0     1                 $xh.2646
    ceab     ceab        0     1                 $mh.2647
    ceb0     ceb0        0     1                 $xh.2648
    ceb7     ceb7        0     1                 $xh.2649
    ceb9     ceb9        0     1                 $mh.2650
    cec8     cec8        0     1                 $xh.2651
    cecc     cecc        0     1                 $xh.2652
    ced2     ced2        0     1                 $xh.2653
    ced4     ced4        0     1                 $mh.2654
    ced9     ced9        0     1                 $xh.2655
    cede     cede        0     1                 $xh.2656
    cee5     cee5        0     1                 $mh.2657
    cee9     cee9        0     1                 $xh.2658
    ceee     ceee        0     1                 $xh.2659
    cf01     cf01        0     1                 $mh.2660
    cf09     cf09        0     1                 $xh.2661
    cf15     cf15        0     1                 $mh.2662
    cf2e     cf2e        0     1                 $xh.2663
    cf32     cf32        0     1                 $xh.2664
    cf3a     cf3a        0     1                 $mh.2665
    cf49     cf49        0     1                 $xh.2666
    cf51     cf51        0     1                 $mh.2667
    cf64     cf64        0     1                 $mh.2668
    cf91     cf91        0     1                 $xh.2669
    cf99     cf99        0     1                 $xh.2670
    cfa4     cfa4        0     1                 $xh.2671
    cfac     cfac        0     1                 $xh.2672
    cfb1     cfb1        0     1                 $xh.2673
    cfbc     cfbc        0     1                 $xh.2674
    d021     d021        0     1                 $xh.2675
    d036     d036        0     1                 $mh.2676
    d048     d048        0     1                 $xh.2677
[...]
   4a697    4a697        0     1                 $mh.4270
   4a6a4    4a6a4        0     1                 $xh.4271
   4a6b3    4a6b3        0     1                 $mh.4272
   4a6c9    4a6c9        0     1                 $xh.4273
   4a6d5    4a6d5        0     1                 $xh.4274
   4a701    4a701        0     1                 $mh.4275
   4a718    4a718        0     1                 $xh.4276
   4a720    4a720        0     1                 $mh.4277
   4a724    4a724        0     1                 $xh.4278
   4a72e    4a72e        0     1                 $xh.4279
   4a736    4a736        0     1                 $mh.4280
   4a73d    4a73d        0     1                 $mh.4281
   4a74a    4a74a        0     1                 $xh.4282
   4a757    4a757        0     1                 $xh.4283
   4a763    4a763        0     1                 $mh.4284
   4a779    4a779        0     1                 $mh.4285
   4a792    4a792        0     1                 $mh.4286
   4a794    4a794        0     1                 $xh.4287
   4a7d0    4a7d0       31     1                 bg1TextCoverByte
   4a7d2    4a7d2        0     1                 $xh.4288
   4a7e9    4a7e9        0     1                 $mh.4289
   4a7ef    4a7ef        0     1                 $mh.4290
   4a801    4a801       2a     1                 bg1TextOverlayByte
   4a811    4a811        0     1                 $mh.4291
   4a816    4a816        0     1                 $mh.4292
   4a81b    4a81b        0     1                 $mh.4293
   4a821    4a821        0     1                 $xh.4294
   58000    58000       fd     1 rom_bank_5
   58000    58000       fd     1         build/mainBankZero_llvm-mos.smc.lto.o:(rom_bank_5)
   58000    58000       fd     1                 syncCameraFromPlayer
   58000    58000        0     1                 $xh.3201
   58004    58004        0     1                 $xh.3202
   5801d    5801d        0     1                 $mh.3203
   58021    58021        0     1                 $mh.3204
   58028    58028        0     1                 $mh.3205
   58030    58030        0     1                 $xh.3206
   58034    58034        0     1                 $xh.3207
   58038    58038        0     1                 $xh.3208
   58041    58041        0     1                 $mh.3209
   58046    58046        0     1                 $mh.3210
   58052    58052        0     1                 $mh.3211
   58056    58056        0     1                 $xh.3212
   5805a    5805a        0     1                 $xh.3213
   58066    58066        0     1                 $xh.3214
   58078    58078        0     1                 $mh.3215
   5807f    5807f        0     1                 $mh.3216
   580a2    580a2        0     1                 $xh.3217
   580b7    580b7        0     1                 $mh.3218
   580c0    580c0        0     1                 $xh.3219
   580f3    580f3        0     1                 $mh.3220
   78000    78000       44     1 rom_bank_7
   78000    78000       44     1         build/mainBankZero_llvm-mos.smc.lto.o:(rom_bank_7)
   78000    78000       44     1                 updateRoomMusic
   78002    78002        0     1                 $xh.2476
   78006    78006        0     1                 $mh.2477
   7800a    7800a        0     1                 $mh.2478
   78014    78014        0     1                 $xh.2479
   78018    78018        0     1                 $mh.2480
   7801f    7801f        0     1                 $xh.2481
   78026    78026        0     1                 $xh.2482
   7802f    7802f        0     1                 $xh.2483
   78033    78033        0     1                 $mh.2484
   7803a    7803a        0     1                 $xh.2485
   7803e    7803e        0     1                 $mh.2486
   88000    88000     6d90     1 rom_data_bank_1
   88000    88000     6d90     1         build/mainBankZero_llvm-mos.smc.lto.o:(rom_data_bank_1)
   88000    88000        8     1                 clouds_palette
   88008    88008        8     1                 clouds_palette_2
   88010    88010     1a80     1                 clouds_tiles
   89a90    89a90     2000     1                 clouds_map
   8ba90    8ba90     1580     1                 sprite_gfx_2bpp
   8d010    8d010     1800     1                 sprite_gfx_4bpp
   8e810    8e810       80     1                 sprite_palettes_4bpp
   8e890    8e890       80     1                 score_1000_sprite_top_4bpp
   8e910    8e910       80     1                 score_1000_sprite_bottom_4bpp
   8e990    8e990      400     1                 pico8_font_rows
   98000    98000     6f21     1 rom_data_bank_2
   98000    98000     6f21     1         build/mainBankZero_llvm-mos.smc.lto.o:(rom_data_bank_2)
   98000    98000      400     1                 tilemap_level1_bg2
   98400    98400      400     1                 tilemap_level1_bg3
   98800    98800       28     1                 palette_level1
   98828    98828      100     1                 collision_level1
   98928    98928        6     1                 object_level1
   9892e    9892e      400     1                 tilemap_level2_bg2
   98d2e    98d2e      400     1                 tilemap_level2_bg3
   9912e    9912e       38     1                 palette_level2
   99166    99166      100     1                 collision_level2
   99266    99266        3     1                 object_level2
   99269    99269      400     1                 tilemap_level3_bg2
   99669    99669      400     1                 tilemap_level3_bg3
   99a69    99a69       40     1                 palette_level3
   99aa9    99aa9      100     1                 collision_level3
   99ba9    99ba9        c     1                 object_level3
   99bb5    99bb5      400     1                 tilemap_level4_bg2
   99fb5    99fb5      400     1                 tilemap_level4_bg3
   9a3b5    9a3b5       20     1                 palette_level4
   9a3d5    9a3d5      100     1                 collision_level4
   9a4d5    9a4d5       2a     1                 object_level4
   9a4ff    9a4ff      400     1                 tilemap_level5_bg2
   9a8ff    9a8ff      400     1                 tilemap_level5_bg3
   9acff    9acff       30     1                 palette_level5
   9ad2f    9ad2f      100     1                 collision_level5
   9ae2f    9ae2f        9     1                 object_level5
   9ae38    9ae38      400     1                 tilemap_level6_bg2
   9b238    9b238      400     1                 tilemap_level6_bg3
   9b638    9b638       38     1                 palette_level6
   9b670    9b670      100     1                 collision_level6
   9b770    9b770        3     1                 object_level6
   9b773    9b773      400     1                 tilemap_level7_bg2
   9bb73    9bb73      400     1                 tilemap_level7_bg3
   9bf73    9bf73       38     1                 palette_level7
   9bfab    9bfab      100     1                 collision_level7
   9c0ab    9c0ab       21     1                 object_level7
   9c0cc    9c0cc      400     1                 tilemap_level8_bg2
   9c4cc    9c4cc      400     1                 tilemap_level8_bg3
   9c8cc    9c8cc       30     1                 palette_level8
   9c8fc    9c8fc      100     1                 collision_level8
   9c9fc    9c9fc       1b     1                 object_level8
   9ca17    9ca17      400     1                 tilemap_level9_bg2
   9ce17    9ce17      400     1                 tilemap_level9_bg3
   9d217    9d217       30     1                 palette_level9
   9d247    9d247      100     1                 collision_level9
   9d347    9d347        f     1                 object_level9
   9d356    9d356      400     1                 tilemap_level10_bg2
   9d756    9d756      400     1                 tilemap_level10_bg3
   9db56    9db56       30     1                 palette_level10
   9db86    9db86      100     1                 collision_level10
   9dc86    9dc86        c     1                 object_level10
   9dc92    9dc92      400     1                 tilemap_level11_bg2
   9e092    9e092      400     1                 tilemap_level11_bg3
   9e492    9e492       30     1                 palette_level11
   9e4c2    9e4c2      100     1                 collision_level11
   9e5c2    9e5c2       12     1                 object_level11
   9e5d4    9e5d4      400     1                 tilemap_level12_bg2
   9e9d4    9e9d4      400     1                 tilemap_level12_bg3
   9edd4    9edd4       38     1                 palette_level12
   9ee0c    9ee0c      100     1                 collision_level12
   9ef0c    9ef0c       15     1                 object_level12
   a8000    a8000     6eda     1 rom_data_bank_3
   a8000    a8000     6eda     1         build/mainBankZero_llvm-mos.smc.lto.o:(rom_data_bank_3)
   a8000    a8000      400     1                 tilemap_level13_bg2
   a8400    a8400      400     1                 tilemap_level13_bg3
   a8800    a8800       40     1                 palette_level13
   a8840    a8840      100     1                 collision_level13
   a8940    a8940       12     1                 object_level13
   a8952    a8952      400     1                 tilemap_level14_bg2
   a8d52    a8d52      400     1                 tilemap_level14_bg3
   a9152    a9152       30     1                 palette_level14
   a9182    a9182      100     1                 collision_level14
   a9282    a9282        c     1                 object_level14
   a928e    a928e      400     1                 tilemap_level15_bg2
   a968e    a968e      400     1                 tilemap_level15_bg3
   a9a8e    a9a8e       30     1                 palette_level15
   a9abe    a9abe      100     1                 collision_level15
   a9bbe    a9bbe       1e     1                 object_level15
   a9bdc    a9bdc      400     1                 tilemap_level16_bg2
   a9fdc    a9fdc      400     1                 tilemap_level16_bg3
   aa3dc    aa3dc       30     1                 palette_level16
   aa40c    aa40c      100     1                 collision_level16
   aa50c    aa50c       15     1                 object_level16
   aa521    aa521      400     1                 tilemap_level17_bg2
   aa921    aa921      400     1                 tilemap_level17_bg3
   aad21    aad21       28     1                 palette_level17
   aad49    aad49      100     1                 collision_level17
   aae49    aae49        9     1                 object_level17
   aae52    aae52      400     1                 tilemap_level18_bg2
   ab252    ab252      400     1                 tilemap_level18_bg3
   ab652    ab652       20     1                 palette_level18
   ab672    ab672      100     1                 collision_level18
   ab772    ab772       12     1                 object_level18
   ab784    ab784      400     1                 tilemap_level19_bg2
   abb84    abb84      400     1                 tilemap_level19_bg3
   abf84    abf84       20     1                 palette_level19
   abfa4    abfa4      100     1                 collision_level19
   ac0a4    ac0a4        6     1                 object_level19
   ac0aa    ac0aa      400     1                 tilemap_level20_bg2
   ac4aa    ac4aa      400     1                 tilemap_level20_bg3
   ac8aa    ac8aa       30     1                 palette_level20
   ac8da    ac8da      100     1                 collision_level20
   ac9da    ac9da        f     1                 object_level20
   ac9e9    ac9e9      400     1                 tilemap_level21_bg2
   acde9    acde9      400     1                 tilemap_level21_bg3
   ad1e9    ad1e9       20     1                 palette_level21
   ad209    ad209      100     1                 collision_level21
   ad309    ad309       15     1                 object_level21
   ad31e    ad31e      400     1                 tilemap_level22_bg2
   ad71e    ad71e      400     1                 tilemap_level22_bg3
   adb1e    adb1e       40     1                 palette_level22
   adb5e    adb5e      100     1                 collision_level22
   adc5e    adc5e        6     1                 object_level22
   adc64    adc64      400     1                 tilemap_level23_bg2
   ae064    ae064      400     1                 tilemap_level23_bg3
   ae464    ae464       38     1                 palette_level23
   ae49c    ae49c      100     1                 collision_level23
   ae59c    ae59c        3     1                 object_level23
   ae59f    ae59f      400     1                 tilemap_level24_bg2
   ae99f    ae99f      400     1                 tilemap_level24_bg3
   aed9f    aed9f       38     1                 palette_level24
   aedd7    aedd7      100     1                 collision_level24
   aeed7    aeed7        3     1                 object_level24
   b8000    b8000     49d3     1 rom_data_bank_4
   b8000    b8000     49d3     1         build/mainBankZero_llvm-mos.smc.lto.o:(rom_data_bank_4)
   b8000    b8000      400     1                 tilemap_level25_bg2
   b8400    b8400      400     1                 tilemap_level25_bg3
   b8800    b8800       30     1                 palette_level25
   b8830    b8830      100     1                 collision_level25
   b8930    b8930       15     1                 object_level25
   b8945    b8945      400     1                 tilemap_level26_bg2
   b8d45    b8d45      400     1                 tilemap_level26_bg3
   b9145    b9145       30     1                 palette_level26
   b9175    b9175      100     1                 collision_level26
   b9275    b9275        9     1                 object_level26
   b927e    b927e      400     1                 tilemap_level27_bg2
   b967e    b967e      400     1                 tilemap_level27_bg3
   b9a7e    b9a7e       30     1                 palette_level27
   b9aae    b9aae      100     1                 collision_level27
   b9bae    b9bae        6     1                 object_level27
   b9bb4    b9bb4      400     1                 tilemap_level28_bg2
   b9fb4    b9fb4      400     1                 tilemap_level28_bg3
   ba3b4    ba3b4       30     1                 palette_level28
   ba3e4    ba3e4      100     1                 collision_level28
   ba4e4    ba4e4       12     1                 object_level28
   ba4f6    ba4f6      400     1                 tilemap_level29_bg2
   ba8f6    ba8f6      400     1                 tilemap_level29_bg3
   bacf6    bacf6       30     1                 palette_level29
   bad26    bad26      100     1                 collision_level29
   bae26    bae26        f     1                 object_level29
   bae35    bae35      400     1                 tilemap_level30_bg2
   bb235    bb235      400     1                 tilemap_level30_bg3
   bb635    bb635       30     1                 palette_level30
   bb665    bb665      100     1                 collision_level30
   bb765    bb765       12     1                 object_level30
   bb777    bb777      400     1                 tilemap_level31_bg2
   bbb77    bbb77      400     1                 tilemap_level31_bg3
   bbf77    bbf77       20     1                 palette_level31
   bbf97    bbf97      100     1                 collision_level31
   bc097    bc097        3     1                 object_level31
   bc09a    bc09a      400     1                 tilemap_level32_bg2
   bc49a    bc49a      400     1                 tilemap_level32_bg3
   bc89a    bc89a       38     1                 palette_level32
   bc8d2    bc8d2      100     1                 collision_level32
   bc9d2    bc9d2        1     1                 object_level32
   c8000    c8000     1140     1 rom_data_bank_5
   c8000    c8000     1140     1         build/mainBankZero_llvm-mos.smc.lto.o:(rom_data_bank_5)
   c8000    c8000      920     1                 title_tiledata_snes_2bpp
   c8920    c8920      800     1                 title_tilemap_bg3_snes
   c9120    c9120       20     1                 title_palette_snes_bgr15
   d8000    d8000     3500     1 rom_data_bank_6
   d8000    d8000     3500     1         build/mainBankZero_llvm-mos.smc.lto.o:(rom_data_bank_6)
   d8000    d8000      100     1                 spc_chunk_000
   d8100    d8100      100     1                 spc_chunk_001
   d8200    d8200      100     1                 spc_chunk_002
   d8300    d8300      100     1                 spc_chunk_003
   d8400    d8400      100     1                 spc_chunk_004
   d8500    d8500      100     1                 spc_chunk_005
   d8600    d8600      100     1                 spc_chunk_006
   d8700    d8700      100     1                 spc_chunk_007
   d8800    d8800      100     1                 spc_chunk_008
   d8900    d8900      100     1                 spc_chunk_009
   d8a00    d8a00      100     1                 spc_chunk_010
   d8b00    d8b00      100     1                 spc_chunk_011
   d8c00    d8c00      100     1                 spc_chunk_012
   d8d00    d8d00      100     1                 spc_chunk_013
   d8e00    d8e00      100     1                 spc_chunk_014
   d8f00    d8f00      100     1                 spc_chunk_015
   d9000    d9000      100     1                 spc_chunk_016
   d9100    d9100      100     1                 spc_chunk_017
   d9200    d9200      100     1                 spc_chunk_018
   d9300    d9300      100     1                 spc_chunk_019
   d9400    d9400      100     1                 spc_chunk_020
   d9500    d9500      100     1                 spc_chunk_021
   d9600    d9600      100     1                 spc_chunk_022
   d9700    d9700      100     1                 spc_chunk_023
   d9800    d9800      100     1                 spc_chunk_024
   d9900    d9900      100     1                 spc_chunk_025
   d9a00    d9a00      100     1                 spc_chunk_026
   d9b00    d9b00      100     1                 spc_chunk_027
   d9c00    d9c00      100     1                 spc_chunk_028
   d9d00    d9d00      100     1                 spc_chunk_029
   d9e00    d9e00      100     1                 spc_chunk_030
   d9f00    d9f00      100     1                 spc_chunk_031
   da000    da000      100     1                 spc_chunk_032
   da100    da100      100     1                 spc_chunk_033
   da200    da200      100     1                 spc_chunk_034
   da300    da300      100     1                 spc_chunk_035
   da400    da400      100     1                 spc_chunk_036
   da500    da500      100     1                 spc_chunk_037
   da600    da600      100     1                 spc_chunk_038
   da700    da700      100     1                 spc_chunk_039
   da800    da800      100     1                 spc_chunk_040
   da900    da900      100     1                 spc_chunk_041
   daa00    daa00      100     1                 spc_chunk_042
   dab00    dab00      100     1                 spc_chunk_043
   dac00    dac00      100     1                 spc_chunk_044
   dad00    dad00      100     1                 spc_chunk_045
   dae00    dae00      100     1                 spc_chunk_046
   daf00    daf00      100     1                 spc_chunk_047
   db000    db000      100     1                 spc_chunk_048
   db100    db100      100     1                 spc_chunk_049
   db200    db200      100     1                 spc_chunk_050
   db300    db300      100     1                 spc_chunk_051
   db400    db400      100     1                 spc_chunk_052
       0        0      1ac     1 .comment
       0        0      1ac     1         <internal>:(.comment)
       0        0    13640     4 .symtab
       0        0    13640     4         <internal>:(.symtab)
       0        0      14e     1 .shstrtab
       0        0      14e     1         <internal>:(.shstrtab)
       0        0     b9f7     1 .strtab
       0        0     b9f7     1         <internal>:(.strtab)
