     VMA      LMA     Size Align Out     In      Symbol
       0        0        0     1 
       0        0        0     1 
       0        0        0     1 __rc0 = 0x00
       0        0        0     1 __rc1 = __rc0 + 1
       0        0        0     1 PROVIDE(__rc2 = __rc1 + 1)
       0        0        0     1 __rc3 = __rc2 + 1
       0        0        0     1 PROVIDE(__rc4 = __rc3 + 1)
       0        0        0     1 __rc5 = __rc4 + 1
       0        0        0     1 PROVIDE(__rc6 = __rc5 + 1)
       0        0        0     1 __rc7 = __rc6 + 1
       0        0        0     1 PROVIDE(__rc8 = __rc7 + 1)
       0        0        0     1 __rc9 = __rc8 + 1
       0        0        0     1 PROVIDE(__rc10 = __rc9 + 1)
       0        0        0     1 __rc11 = __rc10 + 1
       0        0        0     1 PROVIDE(__rc12 = __rc11 + 1)
       0        0        0     1 __rc13 = __rc12 + 1
       0        0        0     1 PROVIDE(__rc14 = __rc13 + 1)
       0        0        0     1 __rc15 = __rc14 + 1
       0        0        0     1 PROVIDE(__rc16 = __rc15 + 1)
       0        0        0     1 __rc17 = __rc16 + 1
       0        0        0     1 PROVIDE(__rc18 = __rc17 + 1)
       0        0        0     1 __rc19 = __rc18 + 1
       0        0        0     1 PROVIDE(__rc20 = __rc19 + 1)
       0        0        0     1 __rc21 = __rc20 + 1
       0        0        0     1 PROVIDE(__rc22 = __rc21 + 1)
       0        0        0     1 __rc23 = __rc22 + 1
       0        0        0     1 PROVIDE(__rc24 = __rc23 + 1)
       0        0        0     1 __rc25 = __rc24 + 1
       0        0        0     1 PROVIDE(__rc26 = __rc25 + 1)
       0        0        0     1 __rc27 = __rc26 + 1
       0        0        0     1 PROVIDE(__rc28 = __rc27 + 1)
       0        0        0     1 __rc29 = __rc28 + 1
       0        0        0     1 PROVIDE(__rc30 = __rc29 + 1)
       0        0        0     1 __rc31 = __rc30 + 1
       0        0        0     1 
       0        0        0     1 
       0        0        0     1 
       0        0        0     1 
       0        0        0     1 
       0        0        0     1 
       0        0        0     1 
    c000     c000     3a16     1 .text
    c000     c000        0     1         _init = .
    c000     c000        0     1         _start = .
    c000     c000        7     1         C:/llvm-mos/bin/../mos-platform/nes-unrom-512/lib\crt0.o:(.init.50)
    c007     c007       1d     1         C:/llvm-mos/bin/../mos-platform/nes/lib\libneslib.a(neslib.s.obj):(.init.100)
    c007     c007        0     1                 clearRAM
    c024     c024        8     1         C:/llvm-mos/bin/../mos-platform/nes/lib\libcrt0.a(init-stack.S.obj):(.init.100)
    c024     c024        0     1                 __do_init_stack
    c02c     c02c        3     1         C:/llvm-mos/bin/../mos-platform/nes/lib\libcrt0.a(zero-bss.c.obj):(.init.200)
    c02c     c02c        0     1                 __do_zero_bss
    c02f     c02f        3     1         C:/llvm-mos/bin/../mos-platform/nes/lib\libcrt0.a(zero-zp-bss.c.obj):(.init.200)
    c02f     c02f        0     1                 __do_zero_zp_bss
    c032     c032        3     1         C:/llvm-mos/bin/../mos-platform/nes/lib\libcrt0.a(copy-zp-data.c.obj):(.init.200)
    c032     c032        0     1                 __do_copy_zp_data
    c035     c035        3     1         C:/llvm-mos/bin/../mos-platform/nes-unrom-512/lib\crt0.o:(.init.250)
    c038     c038       26     1         C:/llvm-mos/bin/../mos-platform/nes/lib\libneslib.a(neslib.s.obj):(.init.255)
    c038     c038        0     1                 clearPalette
    c04a     c04a        0     1                 clearVRAM
    c05e     c05e        5     1         C:/llvm-mos/bin/../mos-platform/nes/lib\libneslib.a(pal_bright.s.obj):(.init.260)
    c05e     c05e        0     1                 pal_bright_init
    c063     c063        3     1         C:/llvm-mos/bin/../mos-platform/nes/lib\libneslib.a(pal_update.s.obj):(.init.265)
    c063     c063        0     1                 pal_update_init
    c066     c066        3     1         C:/llvm-mos/bin/../mos-platform/nes/lib\libneslib.a(oam_update.s.obj):(.init.270)
    c066     c066        0     1                 oam_update_init
    c069     c069       25     1         C:/llvm-mos/bin/../mos-platform/nes/lib\libneslib.a(ntsc.s.obj):(.init.275)
    c069     c069        0     1                 __do_init_ntsc_mode
    c074     c074        0     1                 waitSync3
    c07a     c07a        0     1                 detectNTSC
    c08e     c08e        8     1         C:/llvm-mos/bin/../mos-platform/nes/lib\libneslib.a(neslib.s.obj):(.init.400)
    c08e     c08e        0     1                 neslib_final_init
    c096     c096        3     1         C:/llvm-mos/bin/../mos-platform/nes-unrom-512/lib\crt0.o:(.call_main)
    c099     c099        3     1         C:/llvm-mos/bin/../mos-platform/nes/lib\libcrt0.a(exit-custom.S.obj):(.after_main)
    c099     c099        0     1                 __after_main
    c09c     c09c        0     1         _fini = .
    c09c     c09c        1     1         C:/llvm-mos/bin/../mos-platform/nes-unrom-512/lib\crt0.o:(.fini_rts)
    c09d     c09d        b     1         C:/llvm-mos/bin/../mos-platform/nes/lib\libneslib.a(neslib.s.obj):(.text.ppu_wait_nmi)
    c09d     c09d        0     1                 ppu_wait_nmi
    c0a8     c0a8       38     1         C:/llvm-mos/bin/../mos-platform/nes/lib\libneslib.a(neslib.s.obj):(.text.pad_poll)
    c0a8     c0a8        0     1                 pad_poll
    c0e0     c0e0       10     1         C:/llvm-mos/bin/../mos-platform/nes/lib\libneslib.a(oam_update.s.obj):(.text.oam_clear)
    c0e0     c0e0        0     1                 oam_clear
    c0f0     c0f0       18     1         C:/llvm-mos/bin/../mos-platform/nes/lib\libneslib.a(pal_update.s.obj):(.text.pal_all)
    c0f0     c0f0        0     1                 pal_all
    c108     c108        7     1         C:/llvm-mos/bin/../mos-platform/nes/lib\libneslib.a(pal_update.s.obj):(.text.pal_bg)
    c108     c108        0     1                 pal_bg
    c10f     c10f        6     1         C:/llvm-mos/bin/../mos-platform/nes/lib\libneslib.a(pal_update.s.obj):(.text.pal_spr)
    c10f     c10f        0     1                 pal_spr
    c115     c115        f     1         C:/llvm-mos/bin/../mos-platform/nes/lib\libneslib.a(pal_update.s.obj):(.text.pal_clear)
    c115     c115        0     1                 pal_clear
    c124     c124       16     1         C:/llvm-mos/bin/../mos-platform/nes/lib\libneslib.a(pal_update.s.obj):(.text.oam_size)
    c124     c124        0     1                 oam_size
    c13a     c13a        1     1         C:/llvm-mos/bin/../mos-platform/nes-unrom-512/lib\crt0.o:(.text)
    c13a     c13a        0     1                 irq
    c13b     c13b       14     1         C:/llvm-mos/bin/../mos-platform/nes-unrom-512/lib\crt0.o:(.text.__early_init)
    c13b     c13b       14     1                 __early_init
    c14f     c14f        6     1         C:/llvm-mos/bin/../mos-platform/nes-unrom-512/lib\crt0.o:(.text.__late_init)
    c14f     c14f        6     1                 __late_init
    c155     c155        3     1         C:/llvm-mos/bin/../mos-platform/common/lib\libcrt.a(call-indir.S.obj):(.text)
    c155     c155        0     1                 __call_indir
    c158     c158       13     1         C:/llvm-mos/bin/../mos-platform/nes/lib\libcrt0.a(zero-bss.c.obj):(.text.__zero_bss)
    c158     c158       13     1                 __zero_bss
    c16b     c16b       13     1         C:/llvm-mos/bin/../mos-platform/nes/lib\libcrt0.a(zero-zp-bss.c.obj):(.text.__zero_zp_bss)
    c16b     c16b       13     1                 __zero_zp_bss
    c17e     c17e       17     1         C:/llvm-mos/bin/../mos-platform/nes/lib\libcrt0.a(copy-zp-data.c.obj):(.text.__copy_zp_data)
    c17e     c17e       17     1                 __copy_zp_data
    c195     c195      8f6     1         build-nes/celeste-nes-temp.nes.lto.o:(.text.LoadRoomData)
    c195     c195      8f6     1                 LoadRoomData
    ca8b     ca8b     1c4c     1         build-nes/celeste-nes-temp.nes.lto.o:(.text.main)
    ca8b     ca8b     1c4c     1                 main
    e6d7     e6d7       46     1         build-nes/celeste-nes-temp.nes.lto.o:(.text.load_game_chr)
    e6d7     e6d7       46     1                 load_game_chr
    e71d     e71d       fd     1         build-nes/celeste-nes-temp.nes.lto.o:(.text.title_load_frame0)
    e71d     e71d       fd     1                 title_load_frame0
    e81a     e81a      156     1         build-nes/celeste-nes-temp.nes.lto.o:(.text.port_updatePlayerSprite)
    e81a     e81a      156     1                 port_updatePlayerSprite
    e970     e970      8f8     1         build-nes/celeste-nes-temp.nes.lto.o:(.text.port_vblank)
    e970     e970      8f8     1                 port_vblank
    f268     f268      16e     1         build-nes/celeste-nes-temp.nes.lto.o:(.text.decompress_tilemap)
    f268     f268      16e     1                 decompress_tilemap
    f3d6     f3d6       9e     1         build-nes/celeste-nes-temp.nes.lto.o:(.text.port_restoreCollisionFlags)
    f3d6     f3d6       9e     1                 port_restoreCollisionFlags
    f474     f474      106     1         build-nes/celeste-nes-temp.nes.lto.o:(.text.port_levelAnimFlush)
    f474     f474      106     1                 port_levelAnimFlush
    f57a     f57a       25     1         build-nes/celeste-nes-temp.nes.lto.o:(.text.port_levelAnimAdvance)
    f57a     f57a       25     1                 port_levelAnimAdvance
    f59f     f59f        9     1         build-nes/celeste-nes-temp.nes.lto.o:(.text.ppu_off)
    f59f     f59f        9     1                 ppu_off
    f5a8     f5a8       17     1         build-nes/celeste-nes-temp.nes.lto.o:(.text.pal_bright)
    f5a8     f5a8       17     1                 pal_bright
    f5bf     f5bf        6     1         build-nes/celeste-nes-temp.nes.lto.o:(.text.exit)
    f5bf     f5bf        6     1                 exit
    f5c5     f5c5       3a     1         build-nes/celeste-nes-temp.nes.lto.o:(.text.memcpy)
    f5c5     f5c5       3a     1                 memcpy
    f5ff     f5ff       28     1         build-nes/celeste-nes-temp.nes.lto.o:(.text.__memset)
    f5ff     f5ff       28     1                 __memset
    f627     f627       37     1         build-nes/celeste-nes-temp.nes.lto.o:(.text.__mulhi3)
    f627     f627       37     1                 __mulhi3
    f65e     f65e       64     1         build-nes/celeste-nes-temp.nes.lto.o:(.text.__udivqi3)
    f65e     f65e       64     1                 __udivqi3
    f6c2     f6c2       c4     1         build-nes/celeste-nes-temp.nes.lto.o:(.text.__udivhi3)
    f6c2     f6c2       c4     1                 __udivhi3
    f786     f786       ab     1         build-nes/celeste-nes-temp.nes.lto.o:(.text.__umodhi3)
    f786     f786       ab     1                 __umodhi3
    f831     f831       6f     1         build-nes/celeste-nes-temp.nes.lto.o:(.text.__modhi3)
    f831     f831       6f     1                 __modhi3
    f8a0     f8a0       13     1         build-nes/celeste-nes-temp.nes.lto.o:(.text.__ashlhi3)
    f8a0     f8a0       13     1                 __ashlhi3
    f8b3     f8b3       17     1         build-nes/celeste-nes-temp.nes.lto.o:(.text.__ashlsi3)
    f8b3     f8b3       17     1                 __ashlsi3
    f8ca     f8ca        0     1         __init_array_start = .
    f8ca     f8ca        0     1         __init_array_end = .
    f8ca     f8ca        0     1         __fini_array_start = .
    f8ca     f8ca        0     1         __fini_array_end = .
    f8ca     f8ca        5     1         C:/llvm-mos/bin/../mos-platform/nes-unrom-512/lib\crt0.o:(.nmi_begin)
    f8ca     f8ca        0     1                 __default_nmi
    f8ca     f8ca        0     1                 nmi
    f8cf     f8cf        d     1         build-nes/celeste-nes-temp.nes.lto.o:(.nmi.10)
    f8dc     f8dc       14     1         C:/llvm-mos/bin/../mos-platform/nes/lib\libneslib.a(neslib.s.obj):(.nmi.050)
    f8dc     f8dc        0     1                 neslib_nmi_begin
    f8f0     f8f0        5     1         C:/llvm-mos/bin/../mos-platform/nes/lib\libneslib.a(oam_update.s.obj):(.nmi.055)
    f8f0     f8f0        0     1                 oam_update_nmi
    f8f5     f8f5       f1     1         C:/llvm-mos/bin/../mos-platform/nes/lib\libneslib.a(pal_update.s.obj):(.nmi.060)
    f8f5     f8f5        0     1                 pal_update_nmi
    f9e6     f9e6       2a     1         C:/llvm-mos/bin/../mos-platform/nes/lib\libneslib.a(neslib.s.obj):(.nmi.075)
    f9e6     f9e6        0     1                 neslib_nmi_end
    f9fd     f9fd        0     1                 neslib_nmi_skip
    fa10     fa10        6     1         C:/llvm-mos/bin/../mos-platform/nes-unrom-512/lib\crt0.o:(.nmi_end)
    fa16     fa16      320     1 .rodata
    fa16     fa16       d2     1         C:/llvm-mos/bin/../mos-platform/nes/lib\libneslib.a(pal_bright.s.obj):(.rodata.bright_table)
    fa16     fa16        0     1                 __palBrightTableL
    fa1f     fa1f        0     1                 __palBrightTableH
    fa28     fa28        0     1                 palBrightTable0
    fa38     fa38        0     1                 palBrightTable1
    fa48     fa48        0     1                 palBrightTable2
    fa58     fa58        0     1                 palBrightTable3
    fa68     fa68        0     1                 palBrightTable4
    fa78     fa78        0     1                 palBrightTable5
    fa88     fa88        0     1                 palBrightTable6
    fa98     fa98        0     1                 palBrightTable7
    faa8     faa8        0     1                 palBrightTable8
    fae8     fae8        1     1         C:/llvm-mos/bin/../mos-platform/common/lib\libcrt.a(const.S.obj):(.rodata)
    fae8     fae8        0     1                 __set_v
    fae9     fae9       36     1         build-nes/celeste-nes-temp.nes.lto.o:(.rodata.initObject)
    fb1f     fb1f       42     1         build-nes/celeste-nes-temp.nes.lto.o:(.rodata.processObject)
    fb61     fb61       16     1         build-nes/celeste-nes-temp.nes.lto.o:(.rodata.port_buildSpriteIfDirty)
    fb77     fb77       4b     1         build-nes/celeste-nes-temp.nes.lto.o:(.rodata.monumentText)
    fb77     fb77       4b     1                 monumentText
    fbc2     fbc2       28     1         build-nes/celeste-nes-temp.nes.lto.o:(.rodata.flyingBerryUpdate.y_positions)
    fbc2     fbc2       28     1                 flyingBerryUpdate.y_positions
    fbea     fbea       79     1         build-nes/celeste-nes-temp.nes.lto.o:(.rodata.object_sprite_lookup_table)
    fbea     fbea       79     1                 object_sprite_lookup_table
    fc63     fc63       c3     1         build-nes/celeste-nes-temp.nes.lto.o:(.rodata.object_sprite_dict_compact)
    fc63     fc63       c3     1                 object_sprite_dict_compact
    fd26     fd26       10     1         <internal>:(.rodata.cst16)
     200      200      120   256 .aligned
     200      200      100   256         build-nes/celeste-nes-temp.nes.lto.o:(.aligned.oam_buf)
     200      200      100     1                 OAM_BUF
     300      300       20    32         build-nes/celeste-nes-temp.nes.lto.o:(.aligned.pal_buf)
     300      300       20     1                 PAL_BUF
     320      320        0     1 .data
     320      320        0     1         __data_start = .
     320      320        0     1         __data_end = .
     320      320        0     1 __data_load_start = LOADADDR(.data)
     320      320        0     1 __data_size = SIZEOF(.data)
      20     fd36       22     1 .zp.data
      20     fd36        0     1         __zp_data_start = .
      20     fd36       22     1         build-nes/celeste-nes-temp.nes.lto.o:(.zp.data)
      20     fd36        1     1                 global_randSeed
      21     fd37        1     1                 s_oamCursor
      22     fd38        2     1                 pad_poll_fn
      24     fd3a       1e     1                 title_text_fade
      42     fd58        0     1 __zp_data_load_start = LOADADDR(.zp.data)
      42     fd58        0     1 __zp_data_size = SIZEOF(.zp.data)
      42       42       7c     1 .zp.bss
      42       42        0     1         __zp_bss_start = .
      42       42       7c     1         build-nes/celeste-nes-temp.nes.lto.o:(.zp.bss)
      42       42        1     1                 GLOBAL_InputState
      43       43        2     1                 GLOBAL_FrameCount
      45       45        1     1                 GLOBAL_FreezeFrames
      46       46        1     1                 GLOBAL_DoubleDashUnlocked
      47       47        1     1                 monumentUpdate.isTextDisplayed
      48       48        1     1                 monumentUpdate.curLineCharCount
      49       49        1     1                 monumentUpdate.curLineNum
      4a       4a        1     1                 playerUpdate.btnJumpLastFrame
      4b       4b        1     1                 playerUpdate.btnDashLastFrame
      4c       4c        1     1                 playerUpdate.wasOnGround
      4d       4d        1     1                 playerUpdate.dashEffectTime
      4e       4e        1     1                 playerUpdate.jumpBuffer
      4f       4f        1     1                 onVblank.gameFrameToggle
      50       50        1     1                 s_rotateOffset
      51       51        1     1                 s_oamDirection
      52       52        1     1                 s_scrollY
      53       53        4     1                 s_pendingBgTileMask
      57       57       38     1                 GLOBAL_PlayerData
      8f       8f        1     1                 s_frameCounter
      90       90        1     1                 s_levelAnimVariant
      91       91        1     1                 s_levelAnimFrame
      92       92        1     1                 s_levelAnimTimer
      93       93       20     1                 palette_ram
      b3       b3        1     1                 s_inputState
      b4       b4        1     1                 s_laSelectPrev
      b5       b5        1     1                 s_flushChunkIdx
      b6       b6        1     1                 s_flushDeltaIdx
      b7       b7        1     1                 s_flushTotalChunks
      b8       b8        1     1                 s_levelAnimActive
      b9       b9        1     1                 s_titleDeltaIdx
      ba       ba        1     1                 s_titleChunkIdx
      bb       bb        1     1                 s_titleTotalChunks
      bc       bc        1     1                 s_delta_active
      bd       bd        1     1                 _BANK_SHADOW
      be       be        0     1 __zp_bss_size = SIZEOF(.zp.bss)
      be       be       3b     1 .zp
      be       be        1     1         build-nes/celeste-nes-temp.nes.lto.o:(.zp.ppu_mask_var)
      be       be        1     1                 PPUMASK_VAR
      bf       bf        2     1         build-nes/celeste-nes-temp.nes.lto.o:(.zp.pad_statet)
      bf       bf        2     1                 PAD_STATET
      c1       c1        2     1         build-nes/celeste-nes-temp.nes.lto.o:(.zp.pad_state)
      c1       c1        2     1                 PAD_STATE
      c3       c3        1     1         build-nes/celeste-nes-temp.nes.lto.o:(.zp.frame_cnt1)
      c3       c3        1     1                 FRAME_CNT1
      c4       c4        1     1         build-nes/celeste-nes-temp.nes.lto.o:(.zp.frame_cnt2)
      c4       c4        1     1                 FRAME_CNT2
      c5       c5        1     1         build-nes/celeste-nes-temp.nes.lto.o:(.zp.vram_update)
      c5       c5        1     1                 VRAM_UPDATE
      c6       c6        1     1         build-nes/celeste-nes-temp.nes.lto.o:(.zp.scroll_x)
      c6       c6        1     1                 SCROLL_X
      c7       c7        1     1         build-nes/celeste-nes-temp.nes.lto.o:(.zp.scroll_y)
      c7       c7        1     1                 SCROLL_Y
      c8       c8        2     1         build-nes/celeste-nes-temp.nes.lto.o:(.zp.pad_statep)
      c8       c8        2     1                 PAD_STATEP
      ca       ca        1     1         build-nes/celeste-nes-temp.nes.lto.o:(.zp.ppu_ctrl_var)
      ca       ca        1     1                 PPUCTRL_VAR
      cb       cb        1     1         build-nes/celeste-nes-temp.nes.lto.o:(.zp.ntsc_mode)
      cb       cb        1     1                 NTSC_MODE
      cc       cc        2     1         build-nes/celeste-nes-temp.nes.lto.o:(.zp.sprid)
      cc       cc        2     1                 SPRID
      ce       ce        2     1         build-nes/celeste-nes-temp.nes.lto.o:(.zp.pal_spr_ptr)
      ce       ce        2     1                 PAL_SPR_PTR
      d0       d0        1     1         build-nes/celeste-nes-temp.nes.lto.o:(.zp.pal_update)
      d0       d0        1     1                 PAL_UPDATE
      d1       d1        2     1         build-nes/celeste-nes-temp.nes.lto.o:(.zp.pal_bg_ptr)
      d1       d1        2     1                 PAL_BG_PTR
      d3       d3       26     1         build-nes/celeste-nes-temp.nes.lto.o:(.zp.noinit)
     320      320      37b     1 .bss
     320      320        0     1         __bss_start = .
     320      320      17b     1         build-nes/celeste-nes-temp.nes.lto.o:(.bss.GLOBAL_ActiveLevel)
     320      320      17b     1                 GLOBAL_ActiveLevel
     49b      49b      1ed     1         build-nes/celeste-nes-temp.nes.lto.o:(.bss.GLOBAL_OBJList)
     49b      49b      1ed     1                 GLOBAL_OBJList
     688      688       12     1         build-nes/celeste-nes-temp.nes.lto.o:(.bss.prepare_bg_tiles_nametable.big_chest_open_tiles)
     688      688       12     1                 prepare_bg_tiles_nametable.big_chest_open_tiles
     69a      69a        1     1         build-nes/celeste-nes-temp.nes.lto.o:(.bss._CHR_BANK_NMI_NEXT)
     69a      69a        1     1                 _CHR_BANK_NMI_NEXT
     69b      69b        0     1         __bss_end = .
     69b      69b        0     1 __bss_size = SIZEOF(.bss)
     69b      69b        0     1 .noinit
     69b      69b        0     1         __heap_start = ALIGN(., 2)
     69b      69b        0     1 
     69b      69b        0     1 
     69b      69b        0     1 
     69b      69b        0     1 
     69b      69b        0     1 
     69b      69b        0     1 
     69b      69b        0     1 __rom_poke_table_size = (__battery == 1) ? 0 : ((__prg_rom_size > 256 && (__chr_rom_size + __chr_ram_size + __chr_nvram_size) > 16 && (__mirroring == 0 && __four_screen == 1)) ? 256 : ((__prg_rom_size > 128 && (__chr_rom_size + __chr_ram_size + __chr_nvram_size) > 16 && (__mirroring == 0 && __four_screen == 1)) ? 240 : ((__prg_rom_size > 64 && (__chr_rom_size + __chr_ram_size + __chr_nvram_size) > 16 && (__mirroring == 0 && __four_screen == 1)) ? 232 : ((__prg_rom_size > 32 && (__chr_rom_size + __chr_ram_size + __chr_nvram_size) > 16 && (__mirroring == 0 && __four_screen == 1)) ? 228 : ((__prg_rom_size > 16 && (__chr_rom_size + __chr_ram_size + __chr_nvram_size) > 16 && (__mirroring == 0 && __four_screen == 1)) ? 226 : (((__chr_rom_size + __chr_ram_size + __chr_nvram_size) > 16 && (__mirroring == 0 && __four_screen == 1)) ? 225 : ((__prg_rom_size > 256 && (__chr_rom_size + __chr_ram_size + __chr_nvram_size) > 8 && (__mirroring == 0 && __four_screen == 1)) ? 192 : ((__prg_rom_size > 128 && (__chr_rom_size + __chr_ram_size + __chr_nvram_size) > 8 && (__mirroring == 0 && __four_screen == 1)) ? 176 : ((__prg_rom_size > 64 && (__chr_rom_size + __chr_ram_size + __chr_nvram_size) > 8 && (__mirroring == 0 && __four_screen == 1)) ? 168 : ((__prg_rom_size > 32 && (__chr_rom_size + __chr_ram_size + __chr_nvram_size) > 8 && (__mirroring == 0 && __four_screen == 1)) ? 164 : ((__prg_rom_size > 16 && (__chr_rom_size + __chr_ram_size + __chr_nvram_size) > 8 && (__mirroring == 0 && __four_screen == 1)) ? 162 : (((__chr_rom_size + __chr_ram_size + __chr_nvram_size) > 8 && (__mirroring == 0 && __four_screen == 1)) ? 161 : ((__prg_rom_size > 256 && (__mirroring == 0 && __four_screen == 1)) ? 160 : ((__prg_rom_size > 128 && (__mirroring == 0 && __four_screen == 1)) ? 144 : ((__prg_rom_size > 64 && (__mirroring == 0 && __four_screen == 1)) ? 136 : ((__prg_rom_size > 32 && (__mirroring == 0 && __four_screen == 1)) ? 132 : ((__prg_rom_size > 16 && (__mirroring == 0 && __four_screen == 1)) ? 130 : (((__mirroring == 0 && __four_screen == 1)) ? 129 : ((__prg_rom_size > 256 && (__chr_rom_size + __chr_ram_size + __chr_nvram_size) > 16) ? 128 : ((__prg_rom_size > 128 && (__chr_rom_size + __chr_ram_size + __chr_nvram_size) > 16) ? 112 : ((__prg_rom_size > 64 && (__chr_rom_size + __chr_ram_size + __chr_nvram_size) > 16) ? 104 : ((__prg_rom_size > 32 && (__chr_rom_size + __chr_ram_size + __chr_nvram_size) > 16) ? 100 : ((__prg_rom_size > 16 && (__chr_rom_size + __chr_ram_size + __chr_nvram_size) > 16) ? 98 : (((__chr_rom_size + __chr_ram_size + __chr_nvram_size) > 16) ? 97 : ((__prg_rom_size > 256 && (__chr_rom_size + __chr_ram_size + __chr_nvram_size) > 8) ? 64 : ((__prg_rom_size > 128 && (__chr_rom_size + __chr_ram_size + __chr_nvram_size) > 8) ? 48 : ((__prg_rom_size > 64 && (__chr_rom_size + __chr_ram_size + __chr_nvram_size) > 8) ? 40 : ((__prg_rom_size > 32 && (__chr_rom_size + __chr_ram_size + __chr_nvram_size) > 8) ? 36 : ((__prg_rom_size > 16 && (__chr_rom_size + __chr_ram_size + __chr_nvram_size) > 8) ? 34 : (((__chr_rom_size + __chr_ram_size + __chr_nvram_size) > 8) ? 33 : ((__prg_rom_size > 256) ? 32 : ((__prg_rom_size > 128) ? 16 : ((__prg_rom_size > 64) ? 8 : ((__prg_rom_size > 32) ? 4 : ((__prg_rom_size > 16) ? 2 : (0))))))))))))))))))))))))))))))))))))
     69b      69b        0     1 __prg_rom_0_lma = 0x008000
     69b      69b        0     1 __prg_rom_1_lma = 0x018000
     69b      69b        0     1 __prg_rom_2_lma = 0x028000
     69b      69b        0     1 __prg_rom_3_lma = 0x038000
     69b      69b        0     1 __prg_rom_4_lma = 0x048000
     69b      69b        0     1 __prg_rom_5_lma = 0x058000
     69b      69b        0     1 __prg_rom_6_lma = 0x068000
     69b      69b        0     1 __prg_rom_7_lma = 0x078000
     69b      69b        0     1 __prg_rom_8_lma = 0x088000
     69b      69b        0     1 __prg_rom_9_lma = 0x098000
     69b      69b        0     1 __prg_rom_10_lma = 0x0a8000
     69b      69b        0     1 __prg_rom_11_lma = 0x0b8000
     69b      69b        0     1 __prg_rom_12_lma = 0x0c8000
     69b      69b        0     1 __prg_rom_13_lma = 0x0d8000
     69b      69b        0     1 __prg_rom_14_lma = 0x0e8000
     69b      69b        0     1 __prg_rom_15_lma = 0x0f8000
     69b      69b        0     1 __prg_rom_16_lma = 0x108000
     69b      69b        0     1 __prg_rom_17_lma = 0x118000
     69b      69b        0     1 __prg_rom_18_lma = 0x128000
     69b      69b        0     1 __prg_rom_19_lma = 0x138000
     69b      69b        0     1 __prg_rom_20_lma = 0x148000
     69b      69b        0     1 __prg_rom_21_lma = 0x158000
     69b      69b        0     1 __prg_rom_22_lma = 0x168000
     69b      69b        0     1 __prg_rom_23_lma = 0x178000
     69b      69b        0     1 __prg_rom_24_lma = 0x188000
     69b      69b        0     1 __prg_rom_25_lma = 0x198000
     69b      69b        0     1 __prg_rom_26_lma = 0x1a8000
     69b      69b        0     1 __prg_rom_27_lma = 0x1b8000
     69b      69b        0     1 __prg_rom_28_lma = 0x1c8000
     69b      69b        0     1 __prg_rom_29_lma = 0x1d8000
     69b      69b        0     1 __prg_rom_30_lma = 0x1e8000
     69b      69b        0     1 __prg_rom_fixed_lma = 0xc000
     69b      69b        0     1 __prg_rom_0_offset = 0x000000
     69b      69b        0     1 __prg_rom_1_offset = 0x004000
     69b      69b        0     1 __prg_rom_2_offset = 0x008000
     69b      69b        0     1 __prg_rom_3_offset = 0x00c000
     69b      69b        0     1 __prg_rom_4_offset = 0x010000
     69b      69b        0     1 __prg_rom_5_offset = 0x014000
     69b      69b        0     1 __prg_rom_6_offset = 0x018000
     69b      69b        0     1 __prg_rom_7_offset = 0x01c000
     69b      69b        0     1 __prg_rom_8_offset = 0x020000
     69b      69b        0     1 __prg_rom_9_offset = 0x024000
     69b      69b        0     1 __prg_rom_10_offset = 0x028000
     69b      69b        0     1 __prg_rom_11_offset = 0x02c000
     69b      69b        0     1 __prg_rom_12_offset = 0x030000
     69b      69b        0     1 __prg_rom_13_offset = 0x034000
     69b      69b        0     1 __prg_rom_14_offset = 0x038000
     69b      69b        0     1 __prg_rom_15_offset = 0x03c000
     69b      69b        0     1 __prg_rom_16_offset = 0x040000
     69b      69b        0     1 __prg_rom_17_offset = 0x044000
     69b      69b        0     1 __prg_rom_18_offset = 0x048000
     69b      69b        0     1 __prg_rom_19_offset = 0x04c000
     69b      69b        0     1 __prg_rom_20_offset = 0x050000
     69b      69b        0     1 __prg_rom_21_offset = 0x054000
     69b      69b        0     1 __prg_rom_22_offset = 0x058000
     69b      69b        0     1 __prg_rom_23_offset = 0x05c000
     69b      69b        0     1 __prg_rom_24_offset = 0x060000
     69b      69b        0     1 __prg_rom_25_offset = 0x064000
     69b      69b        0     1 __prg_rom_26_offset = 0x068000
     69b      69b        0     1 __prg_rom_27_offset = 0x06c000
     69b      69b        0     1 __prg_rom_28_offset = 0x070000
     69b      69b        0     1 __prg_rom_29_offset = 0x074000
     69b      69b        0     1 __prg_rom_30_offset = 0x078000
     69b      69b        0     1 __prg_rom_fixed_offset = __prg_rom_size * 1024 - 0x4000
   18000    18000     18eb     1 .prg_rom_1
   18000    18000     18eb     1         build-nes/celeste-nes-temp.nes.lto.o:(.prg_rom_1)
   18000    18000       97     1                 tilemap_level1_compressed
   18097    18097       10     1                 palette_background_level1
   180a7    180a7       10     1                 palette_sprite_level1
   180b7    180b7        3     1                 object_level1
   180ba    180ba       9d     1                 tilemap_level2_compressed
   18157    18157       10     1                 palette_background_level2
   18167    18167       10     1                 palette_sprite_level2
   18177    18177        0     1                 object_level2
   18177    18177       91     1                 tilemap_level3_compressed
   18208    18208       10     1                 palette_background_level3
   18218    18218       10     1                 palette_sprite_level3
   18228    18228        9     1                 object_level3
   18231    18231       8b     1                 tilemap_level4_compressed
   182bc    182bc       10     1                 palette_background_level4
   182cc    182cc       10     1                 palette_sprite_level4
   182dc    182dc       27     1                 object_level4
   18303    18303       9d     1                 tilemap_level5_compressed
   183a0    183a0       10     1                 palette_background_level5
   183b0    183b0       10     1                 palette_sprite_level5
   183c0    183c0        6     1                 object_level5
   183c6    183c6       8b     1                 tilemap_level6_compressed
   18451    18451       10     1                 palette_background_level6
   18461    18461       10     1                 palette_sprite_level6
   18471    18471        3     1                 object_level6
   18474    18474       89     1                 tilemap_level7_compressed
   184fd    184fd       10     1                 palette_background_level7
   1850d    1850d       10     1                 palette_sprite_level7
   1851d    1851d       21     1                 object_level7
   1853e    1853e       8c     1                 tilemap_level8_compressed
   185ca    185ca       10     1                 palette_background_level8
   185da    185da       10     1                 palette_sprite_level8
   185ea    185ea       18     1                 object_level8
   18602    18602       90     1                 tilemap_level9_compressed
   18692    18692       10     1                 palette_background_level9
   186a2    186a2       10     1                 palette_sprite_level9
   186b2    186b2        f     1                 object_level9
   186c1    186c1       93     1                 tilemap_level10_compressed
   18754    18754       10     1                 palette_background_level10
   18764    18764       10     1                 palette_sprite_level10
   18774    18774        c     1                 object_level10
   18780    18780       8f     1                 tilemap_level11_compressed
   1880f    1880f       10     1                 palette_background_level11
   1881f    1881f       10     1                 palette_sprite_level11
   1882f    1882f       12     1                 object_level11
   18841    18841       a1     1                 tilemap_level12_compressed
   188e2    188e2       10     1                 palette_background_level12
   188f2    188f2       10     1                 palette_sprite_level12
   18902    18902        f     1                 object_level12
   18911    18911       91     1                 tilemap_level13_compressed
   189a2    189a2       10     1                 palette_background_level13
   189b2    189b2       10     1                 palette_sprite_level13
   189c2    189c2        f     1                 object_level13
   189d1    189d1       94     1                 tilemap_level14_compressed
   18a65    18a65       10     1                 palette_background_level14
   18a75    18a75       10     1                 palette_sprite_level14
   18a85    18a85        c     1                 object_level14
   18a91    18a91       8d     1                 tilemap_level15_compressed
   18b1e    18b1e       10     1                 palette_background_level15
   18b2e    18b2e       10     1                 palette_sprite_level15
   18b3e    18b3e       1e     1                 object_level15
   18b5c    18b5c       96     1                 tilemap_level16_compressed
   18bf2    18bf2       10     1                 palette_background_level16
   18c02    18c02       10     1                 palette_sprite_level16
   18c12    18c12       15     1                 object_level16
   18c27    18c27       93     1                 tilemap_level17_compressed
   18cba    18cba       10     1                 palette_background_level17
   18cca    18cca       10     1                 palette_sprite_level17
   18cda    18cda        9     1                 object_level17
   18ce3    18ce3       8d     1                 tilemap_level18_compressed
   18d70    18d70       10     1                 palette_background_level18
   18d80    18d80       10     1                 palette_sprite_level18
   18d90    18d90       12     1                 object_level18
   18da2    18da2       cf     1                 tilemap_level19_compressed
   18e71    18e71       10     1                 palette_background_level19
   18e81    18e81       10     1                 palette_sprite_level19
   18e91    18e91        6     1                 object_level19
   18e97    18e97       89     1                 tilemap_level20_compressed
   18f20    18f20       10     1                 palette_background_level20
   18f30    18f30       10     1                 palette_sprite_level20
   18f40    18f40        f     1                 object_level20
   18f4f    18f4f       8d     1                 tilemap_level21_compressed
   18fdc    18fdc       10     1                 palette_background_level21
   18fec    18fec       10     1                 palette_sprite_level21
   18ffc    18ffc       15     1                 object_level21
   19011    19011       9f     1                 tilemap_level22_compressed
   190b0    190b0       10     1                 palette_background_level22
   190c0    190c0       10     1                 palette_sprite_level22
   190d0    190d0        6     1                 object_level22
   190d6    190d6       89     1                 tilemap_level23_compressed
   1915f    1915f       10     1                 palette_background_level23
   1916f    1916f       10     1                 palette_sprite_level23
   1917f    1917f        3     1                 object_level23
   19182    19182       8f     1                 tilemap_level24_compressed
   19211    19211       10     1                 palette_background_level24
   19221    19221       10     1                 palette_sprite_level24
   19231    19231        0     1                 object_level24
   19231    19231       9b     1                 tilemap_level25_compressed
   192cc    192cc       10     1                 palette_background_level25
   192dc    192dc       10     1                 palette_sprite_level25
   192ec    192ec       15     1                 object_level25
   19301    19301       94     1                 tilemap_level26_compressed
   19395    19395       10     1                 palette_background_level26
   193a5    193a5       10     1                 palette_sprite_level26
   193b5    193b5        6     1                 object_level26
   193bb    193bb       90     1                 tilemap_level27_compressed
   1944b    1944b       10     1                 palette_background_level27
   1945b    1945b       10     1                 palette_sprite_level27
   1946b    1946b        6     1                 object_level27
   19471    19471       91     1                 tilemap_level28_compressed
   19502    19502       10     1                 palette_background_level28
   19512    19512       10     1                 palette_sprite_level28
   19522    19522       12     1                 object_level28
   19534    19534       9a     1                 tilemap_level29_compressed
   195ce    195ce       10     1                 palette_background_level29
   195de    195de       10     1                 palette_sprite_level29
   195ee    195ee        f     1                 object_level29
   195fd    195fd       93     1                 tilemap_level30_compressed
   19690    19690       10     1                 palette_background_level30
   196a0    196a0       10     1                 palette_sprite_level30
   196b0    196b0       12     1                 object_level30
   196c2    196c2       92     1                 tilemap_level31_compressed
   19754    19754       10     1                 palette_background_level31
   19764    19764       10     1                 palette_sprite_level31
   19774    19774        3     1                 object_level31
   19777    19777      174     1                 level_data
   28000    28000     1cb8     1 .prg_rom_2
   28000    28000     1cb8     1         build-nes/celeste-nes-temp.nes.lto.o:(.prg_rom_2)
   28000    28000       3c     1                 title_delta_offsets_a
   2803c    2803c      1db     1                 title_nt_rle_a
   28217    28217       40     1                 title_attr0_a
   28257    28257     1a61     1                 title_delta_a
   38000    38000     3c69     1 .prg_rom_3
   38000    38000     3c69     1         build-nes/celeste-nes-temp.nes.lto.o:(.prg_rom_3)
   38000    38000       3c     1                 title_delta_offsets_b
   3803c    3803c      18f     1                 title_nt_rle_b
   381cb    381cb       40     1                 title_attr0_b
   3820b    3820b     1a5e     1                 title_delta_b
   39c69    39c69     2000     1                 title_chr_data
   48000    48000     3710     1 .prg_rom_4
   48000    48000      3c2     1         build-nes/celeste-nes-temp.nes.lto.o:(.prg_rom_4.text)
   48000    48000       6e     1                 la_init_bank4
   4806e    4806e       78     1                 la_load_frame0
   480e6    480e6       a3     1                 la_decode_rle
   48189    48189       13     1                 la_write_attrs
   4819c    4819c      111     1                 la_advance_bank4
   482ad    482ad       f2     1                 la_apply_delta_full
   4839f    4839f       23     1                 la_prepare_delta
   483c2    483c2     333e     1         build-nes/celeste-nes-temp.nes.lto.o:(.prg_rom_4)
   483c2    483c2      a70     1                 level4_anim_chr_tiles
   48e32    48e32       18     1                 level4_anim_delta_offsets_a
   48e4a    48e4a       18     1                 level4_anim_delta_offsets_b
   48e62    48e62      49d     1                 level4_anim_nt0_rle_a
   492ff    492ff       40     1                 level4_anim_attr0_nt0_a
   4933f    4933f       27     1                 level4_anim_nt2_rle_a
   49366    49366      2f7     1                 level4_anim_nt0_rle_b
   4965d    4965d       40     1                 level4_anim_attr0_nt0_b
   4969d    4969d       27     1                 level4_anim_nt2_rle_b
   496c4    496c4       40     1                 level4_anim_attr0_nt2_a
   49704    49704       40     1                 level4_anim_attr0_nt2_b
   49744    49744      fde     1                 level4_anim_delta_a
   4a722    4a722      fde     1                 level4_anim_delta_b
   4b700    4b700       10     1         <internal>:(.prg_rom_4)
   58000    58000     2368     1 .prg_rom_5
   58000    58000     2368     1         build-nes/celeste-nes-temp.nes.lto.o:(.prg_rom_5)
   58000    58000      240     1                 gid_to_tile_shared
   58240    58240       60     1                 gid_to_collision
   582a0    582a0       12     1                 gid_to_tile_collapse
   582b2    582b2       12     1                 gid_to_tile_breakable_wall
   582c4    582c4       12     1                 gid_to_tile_monument
   582d6    582d6       12     1                 gid_to_tile_big_chest
   582e8    582e8       80     1                 compression_dict_shared
   58368    58368     2000     1                 game_chr_data
   68000    68000     3594     1 .prg_rom_6
   68000    68000     3219     1         build-nes/celeste-nes-temp.nes.lto.o:(.prg_rom_6)
   68000    68000      8ca     1                 initObject
   688ca    688ca     1cce     1                 processObject
   6a598    6a598      1a0     1                 playerInit
   6a738    6a738      253     1                 OBJ_isSolidAt
   6a98b    6a98b      127     1                 port_buildBalloon
   6aab2    6aab2      1ce     1                 render_16x16_sprite
   6ac80    6ac80       4f     1                 port_buildChest
   6accf    6accf       7c     1                 render_object_sprite
   6ad4b    6ad4b       47     1                 port_buildKey
   6ad92    6ad92       68     1                 port_buildStrawberry
   6adfa    6adfa       91     1                 port_buildPlatMov
   6ae8b    6ae8b       b4     1                 render_16x8_sprite
   6af3f    6af3f      16f     1                 port_buildFlyingBerry
   6b0ae    6b0ae       47     1                 port_buildDoubleDashOrb
   6b0f5    6b0f5      124     1                 port_buildSpriteIfDirty
   6b219    6b219      37b     1         build-nes/celeste-nes-temp.nes.lto.o:(.prg_rom_6.rodata)
   6b219    6b219       4b     1                 balloonStringFrames
   6b264    6b264      200     1                 rand_table
   6b464    6b464      130     1                 balloon_ytable
   78000    78000      827     1 .prg_rom_7
   78000    78000      5ca     1         build-nes/famistudio_engine.o:(.prg_rom_7)
   78000    78000        0     1                 famistudio_engine_start
   78000    78000        0     1                 famistudio_init
   78058    78058        0     1                 famistudio_music_stop
   780b0    780b0        0     1                 famistudio_music_play
   7811d    7811d        0     1                 famistudio_music_pause
   7815b    7815b        0     1                 famistudio_update
   785ca    785ca      25d     1         build-nes/music_data.o:(.prg_rom_7)
   785ca    785ca        0     1                 music_data_untitled
   88000    88000     2b2c     1 .prg_rom_8
   88000    88000     2a92     1         build-nes/celeste-nes-temp.nes.lto.o:(.prg_rom_8.text)
   88000    88000      106     1                 lf_a_d0_c0
   88106    88106      107     1                 lf_a_d0_c1
   8820d    8820d      104     1                 lf_a_d0_c2
   88311    88311       67     1                 lf_a_d0_c3
   88378    88378      109     1                 lf_a_d1_c0
   88481    88481      101     1                 lf_a_d1_c1
   88582    88582      107     1                 lf_a_d1_c2
   88689    88689       cc     1                 lf_a_d1_c3
   88755    88755      105     1                 lf_a_d2_c0
   8885a    8885a      108     1                 lf_a_d2_c1
   88962    88962      100     1                 lf_a_d2_c2
   88a62    88a62       bc     1                 lf_a_d2_c3
   88b1e    88b1e       f2     1                 lf_a_d3_c0
   88c10    88c10      109     1                 lf_a_d3_c1
   88d19    88d19       fd     1                 lf_a_d3_c2
   88e16    88e16       d4     1                 lf_a_d3_c3
   88eea    88eea      110     1                 lf_a_d4_c0
   88ffa    88ffa      103     1                 lf_a_d4_c1
   890fd    890fd      108     1                 lf_a_d4_c2
   89205    89205       92     1                 lf_a_d4_c3
   89297    89297       f1     1                 lf_a_d5_c0
   89388    89388      105     1                 lf_a_d5_c1
   8948d    8948d      108     1                 lf_a_d5_c2
   89595    89595       97     1                 lf_a_d5_c3
   8962c    8962c      10b     1                 lf_a_d6_c0
   89737    89737      111     1                 lf_a_d6_c1
   89848    89848      107     1                 lf_a_d6_c2
   8994f    8994f       76     1                 lf_a_d6_c3
   899c5    899c5      103     1                 lf_a_d7_c0
   89ac8    89ac8      107     1                 lf_a_d7_c1
   89bcf    89bcf      103     1                 lf_a_d7_c2
   89cd2    89cd2       bc     1                 lf_a_d7_c3
   89d8e    89d8e      10d     1                 lf_a_d8_c0
   89e9b    89e9b      110     1                 lf_a_d8_c1
   89fab    89fab      106     1                 lf_a_d8_c2
   8a0b1    8a0b1       65     1                 lf_a_d8_c3
   8a116    8a116      10e     1                 lf_a_d9_c0
   8a224    8a224      100     1                 lf_a_d9_c1
   8a324    8a324       85     1                 lf_a_d9_c2
   8a3a9    8a3a9      105     1                 lf_a_d10_c0
   8a4ae    8a4ae      10e     1                 lf_a_d10_c1
   8a5bc    8a5bc      101     1                 lf_a_d10_c2
   8a6bd    8a6bd       5c     1                 lf_a_d10_c3
   8a719    8a719      111     1                 lf_a_d11_c0
   8a82a    8a82a      109     1                 lf_a_d11_c1
   8a933    8a933      100     1                 lf_a_d11_c2
   8aa33    8aa33       35     1                 lf_a_d11_c3
   8aa68    8aa68        1     1                 la_a_d0
   8aa69    8aa69        1     1                 la_a_d1
   8aa6a    8aa6a        1     1                 la_a_d2
   8aa6b    8aa6b       10     1                 la_a_d3
   8aa7b    8aa7b        1     1                 la_a_d4
   8aa7c    8aa7c       10     1                 la_a_d5
   8aa8c    8aa8c        1     1                 la_a_d6
   8aa8d    8aa8d        1     1                 la_a_d7
   8aa8e    8aa8e        1     1                 la_a_d8
   8aa8f    8aa8f        1     1                 la_a_d9
   8aa90    8aa90        1     1                 la_a_d10
   8aa91    8aa91        1     1                 la_a_d11
   8aa92    8aa92       9a     1         build-nes/celeste-nes-temp.nes.lto.o:(.prg_rom_8)
   8aa92    8aa92       5e     1                 la_flush_table_a
   8aaf0    8aaf0       18     1                 la_flush_offsets_a
   8ab08    8ab08        c     1                 la_chunk_counts_a
   8ab14    8ab14       18     1                 la_attr_table_a
   98000    98000     2b61     1 .prg_rom_9
   98000    98000     2ac7     1         build-nes/celeste-nes-temp.nes.lto.o:(.prg_rom_9.text)
   98000    98000      107     1                 lf_b_d0_c0
   98107    98107      105     1                 lf_b_d0_c1
   9820c    9820c      107     1                 lf_b_d0_c2
   98313    98313       67     1                 lf_b_d0_c3
   9837a    9837a      10b     1                 lf_b_d1_c0
   98485    98485      103     1                 lf_b_d1_c1
   98588    98588      107     1                 lf_b_d1_c2
   9868f    9868f       cc     1                 lf_b_d1_c3
   9875b    9875b      109     1                 lf_b_d2_c0
   98864    98864      106     1                 lf_b_d2_c1
   9896a    9896a      105     1                 lf_b_d2_c2
   98a6f    98a6f       bc     1                 lf_b_d2_c3
   98b2b    98b2b       f4     1                 lf_b_d3_c0
   98c1f    98c1f      104     1                 lf_b_d3_c1
   98d23    98d23       ff     1                 lf_b_d3_c2
   98e22    98e22       d0     1                 lf_b_d3_c3
   98ef2    98ef2      10d     1                 lf_b_d4_c0
   98fff    98fff      103     1                 lf_b_d4_c1
   99102    99102      10e     1                 lf_b_d4_c2
   99210    99210       92     1                 lf_b_d4_c3
   992a2    992a2       f3     1                 lf_b_d5_c0
   99395    99395      107     1                 lf_b_d5_c1
   9949c    9949c      10c     1                 lf_b_d5_c2
   995a8    995a8       97     1                 lf_b_d5_c3
   9963f    9963f      10f     1                 lf_b_d6_c0
   9974e    9974e      116     1                 lf_b_d6_c1
   99864    99864      109     1                 lf_b_d6_c2
   9996d    9996d       76     1                 lf_b_d6_c3
   999e3    999e3      101     1                 lf_b_d7_c0
   99ae4    99ae4      106     1                 lf_b_d7_c1
   99bea    99bea      10d     1                 lf_b_d7_c2
   99cf7    99cf7       be     1                 lf_b_d7_c3
   99db5    99db5      109     1                 lf_b_d8_c0
   99ebe    99ebe      115     1                 lf_b_d8_c1
   99fd3    99fd3      106     1                 lf_b_d8_c2
   9a0d9    9a0d9       65     1                 lf_b_d8_c3
   9a13e    9a13e      10e     1                 lf_b_d9_c0
   9a24c    9a24c      104     1                 lf_b_d9_c1
   9a350    9a350       85     1                 lf_b_d9_c2
   9a3d5    9a3d5      10d     1                 lf_b_d10_c0
   9a4e2    9a4e2      10a     1                 lf_b_d10_c1
   9a5ec    9a5ec      103     1                 lf_b_d10_c2
   9a6ef    9a6ef       5c     1                 lf_b_d10_c3
   9a74b    9a74b      10f     1                 lf_b_d11_c0
   9a85a    9a85a      10e     1                 lf_b_d11_c1
   9a968    9a968      100     1                 lf_b_d11_c2
   9aa68    9aa68       35     1                 lf_b_d11_c3
   9aa9d    9aa9d        1     1                 la_b_d0
   9aa9e    9aa9e        1     1                 la_b_d1
   9aa9f    9aa9f        1     1                 la_b_d2
   9aaa0    9aaa0       10     1                 la_b_d3
   9aab0    9aab0        1     1                 la_b_d4
   9aab1    9aab1       10     1                 la_b_d5
   9aac1    9aac1        1     1                 la_b_d6
   9aac2    9aac2        1     1                 la_b_d7
   9aac3    9aac3        1     1                 la_b_d8
   9aac4    9aac4        1     1                 la_b_d9
   9aac5    9aac5        1     1                 la_b_d10
   9aac6    9aac6        1     1                 la_b_d11
   9aac7    9aac7       9a     1         build-nes/celeste-nes-temp.nes.lto.o:(.prg_rom_9)
   9aac7    9aac7       5e     1                 la_flush_table_b
   9ab25    9ab25       18     1                 la_flush_offsets_b
   9ab3d    9ab3d        c     1                 la_chunk_counts_b
   9ab49    9ab49       18     1                 la_attr_table_b
   a8000    a8000     3716     1 .prg_rom_10
   a8000    a8000     3618     1         build-nes/celeste-nes-temp.nes.lto.o:(.prg_rom_10.text)
   a8000    a8000      139     1                 tf_a_d0_c0
   a8139    a8139      127     1                 tf_a_d0_c1
   a8260    a8260       10     1                 tf_a_d0_c2
   a8270    a8270      12a     1                 tf_a_d1_c0
   a839a    a839a      10f     1                 tf_a_d1_c1
   a84a9    a84a9      127     1                 tf_a_d2_c0
   a85d0    a85d0      122     1                 tf_a_d2_c1
   a86f2    a86f2      10a     1                 tf_a_d3_c0
   a87fc    a87fc       dd     1                 tf_a_d3_c1
   a88d9    a88d9      131     1                 tf_a_d4_c0
   a8a0a    a8a0a      10a     1                 tf_a_d4_c1
   a8b14    a8b14      12b     1                 tf_a_d5_c0
   a8c3f    a8c3f       d3     1                 tf_a_d5_c1
   a8d12    a8d12      108     1                 tf_a_d6_c0
   a8e1a    a8e1a       88     1                 tf_a_d6_c1
   a8ea2    a8ea2      133     1                 tf_a_d7_c0
   a8fd5    a8fd5       55     1                 tf_a_d7_c1
   a902a    a902a      14e     1                 tf_a_d8_c0
   a9178    a9178       1d     1                 tf_a_d8_c1
   a9195    a9195      143     1                 tf_a_d9_c0
   a92d8    a92d8      131     1                 tf_a_d10_c0
   a9409    a9409       f4     1                 tf_a_d11_c0
   a94fd    a94fd       d8     1                 tf_a_d12_c0
   a95d5    a95d5      139     1                 tf_a_d13_c0
   a970e    a970e      12b     1                 tf_a_d14_c0
   a9839    a9839       13     1                 tf_a_d14_c1
   a984c    a984c       f8     1                 tf_a_d15_c0
   a9944    a9944       3b     1                 tf_a_d15_c1
   a997f    a997f      10a     1                 tf_a_d16_c0
   a9a89    a9a89       68     1                 tf_a_d16_c1
   a9af1    a9af1      10a     1                 tf_a_d17_c0
   a9bfb    a9bfb       7e     1                 tf_a_d17_c1
   a9c79    a9c79       f4     1                 tf_a_d18_c0
   a9d6d    a9d6d       c2     1                 tf_a_d18_c1
   a9e2f    a9e2f       fa     1                 tf_a_d19_c0
   a9f29    a9f29       df     1                 tf_a_d19_c1
   aa008    aa008       ed     1                 tf_a_d20_c0
   aa0f5    aa0f5       e0     1                 tf_a_d20_c1
   aa1d5    aa1d5       ef     1                 tf_a_d21_c0
   aa2c4    aa2c4       8e     1                 tf_a_d21_c1
   aa352    aa352      11d     1                 tf_a_d22_c0
   aa46f    aa46f       3e     1                 tf_a_d22_c1
   aa4ad    aa4ad      12a     1                 tf_a_d23_c0
   aa5d7    aa5d7      117     1                 tf_a_d24_c0
   aa6ee    aa6ee      11d     1                 tf_a_d25_c0
   aa80b    aa80b      12f     1                 tf_a_d26_c0
   aa93a    aa93a      145     1                 tf_a_d27_c0
   aaa7f    aaa7f       14     1                 tf_a_d27_c1
   aaa93    aaa93      160     1                 tf_a_d28_c0
   aabf3    aabf3       32     1                 tf_a_d28_c1
   aac25    aac25      12c     1                 tf_a_d29_c0
   aad51    aad51       ca     1                 tf_a_d29_c1
   aae1b    aae1b       5e     1                 ta_a_d0
   aae79    aae79       66     1                 ta_a_d1
   aaedf    aaedf       56     1                 ta_a_d2
   aaf35    aaf35       53     1                 ta_a_d3
   aaf88    aaf88       61     1                 ta_a_d4
   aafe9    aafe9       5c     1                 ta_a_d5
   ab045    ab045       48     1                 ta_a_d6
   ab08d    ab08d       40     1                 ta_a_d7
   ab0cd    ab0cd       45     1                 ta_a_d8
   ab112    ab112       2a     1                 ta_a_d9
   ab13c    ab13c       29     1                 ta_a_d10
   ab165    ab165       2a     1                 ta_a_d11
   ab18f    ab18f       1d     1                 ta_a_d12
   ab1ac    ab1ac       47     1                 ta_a_d13
   ab1f3    ab1f3       39     1                 ta_a_d14
   ab22c    ab22c       39     1                 ta_a_d15
   ab265    ab265       3d     1                 ta_a_d16
   ab2a2    ab2a2       51     1                 ta_a_d17
   ab2f3    ab2f3       62     1                 ta_a_d18
   ab355    ab355       5a     1                 ta_a_d19
   ab3af    ab3af       4a     1                 ta_a_d20
   ab3f9    ab3f9       47     1                 ta_a_d21
   ab440    ab440       3f     1                 ta_a_d22
   ab47f    ab47f       3c     1                 ta_a_d23
   ab4bb    ab4bb       2f     1                 ta_a_d24
   ab4ea    ab4ea       3c     1                 ta_a_d25
   ab526    ab526       2d     1                 ta_a_d26
   ab553    ab553       3a     1                 ta_a_d27
   ab58d    ab58d       3c     1                 ta_a_d28
   ab5c9    ab5c9       4f     1                 ta_a_d29
   ab618    ab618       fe     1         build-nes/celeste-nes-temp.nes.lto.o:(.prg_rom_10)
   ab618    ab618       1e     1                 title_chunk_counts_a
   ab636    ab636       68     1                 title_flush_table_a
   ab69e    ab69e       3c     1                 title_flush_offsets_a
   ab6da    ab6da       3c     1                 title_attr_table_a
   b8000    b8000     372d     1 .prg_rom_11
   b8000    b8000     362f     1         build-nes/celeste-nes-temp.nes.lto.o:(.prg_rom_11.text)
   b8000    b8000      136     1                 tf_b_d0_c0
   b8136    b8136      127     1                 tf_b_d0_c1
   b825d    b825d       10     1                 tf_b_d0_c2
   b826d    b826d      128     1                 tf_b_d1_c0
   b8395    b8395      10f     1                 tf_b_d1_c1
   b84a4    b84a4      119     1                 tf_b_d2_c0
   b85bd    b85bd      121     1                 tf_b_d2_c1
   b86de    b86de      10b     1                 tf_b_d3_c0
   b87e9    b87e9       e1     1                 tf_b_d3_c1
   b88ca    b88ca      12d     1                 tf_b_d4_c0
   b89f7    b89f7      108     1                 tf_b_d4_c1
   b8aff    b8aff      128     1                 tf_b_d5_c0
   b8c27    b8c27       d3     1                 tf_b_d5_c1
   b8cfa    b8cfa      103     1                 tf_b_d6_c0
   b8dfd    b8dfd       8f     1                 tf_b_d6_c1
   b8e8c    b8e8c      12f     1                 tf_b_d7_c0
   b8fbb    b8fbb       55     1                 tf_b_d7_c1
   b9010    b9010      151     1                 tf_b_d8_c0
   b9161    b9161       1d     1                 tf_b_d8_c1
   b917e    b917e      141     1                 tf_b_d9_c0
   b92bf    b92bf      137     1                 tf_b_d10_c0
   b93f6    b93f6       f8     1                 tf_b_d11_c0
   b94ee    b94ee       e6     1                 tf_b_d12_c0
   b95d4    b95d4      131     1                 tf_b_d13_c0
   b9705    b9705      12f     1                 tf_b_d14_c0
   b9834    b9834       13     1                 tf_b_d14_c1
   b9847    b9847       f8     1                 tf_b_d15_c0
   b993f    b993f       3b     1                 tf_b_d15_c1
   b997a    b997a      111     1                 tf_b_d16_c0
   b9a8b    b9a8b       67     1                 tf_b_d16_c1
   b9af2    b9af2       ff     1                 tf_b_d17_c0
   b9bf1    b9bf1       81     1                 tf_b_d17_c1
   b9c72    b9c72       fc     1                 tf_b_d18_c0
   b9d6e    b9d6e       c1     1                 tf_b_d18_c1
   b9e2f    b9e2f       ff     1                 tf_b_d19_c0
   b9f2e    b9f2e       dd     1                 tf_b_d19_c1
   ba00b    ba00b       ef     1                 tf_b_d20_c0
   ba0fa    ba0fa       e1     1                 tf_b_d20_c1
   ba1db    ba1db       ff     1                 tf_b_d21_c0
   ba2da    ba2da       90     1                 tf_b_d21_c1
   ba36a    ba36a      119     1                 tf_b_d22_c0
   ba483    ba483       3e     1                 tf_b_d22_c1
   ba4c1    ba4c1      12e     1                 tf_b_d23_c0
   ba5ef    ba5ef      111     1                 tf_b_d24_c0
   ba700    ba700      11d     1                 tf_b_d25_c0
   ba81d    ba81d      12d     1                 tf_b_d26_c0
   ba94a    ba94a      148     1                 tf_b_d27_c0
   baa92    baa92       14     1                 tf_b_d27_c1
   baaa6    baaa6      15d     1                 tf_b_d28_c0
   bac03    bac03       32     1                 tf_b_d28_c1
   bac35    bac35      130     1                 tf_b_d29_c0
   bad65    bad65       cd     1                 tf_b_d29_c1
   bae32    bae32       5e     1                 ta_b_d0
   bae90    bae90       66     1                 ta_b_d1
   baef6    baef6       56     1                 ta_b_d2
   baf4c    baf4c       53     1                 ta_b_d3
   baf9f    baf9f       61     1                 ta_b_d4
   bb000    bb000       5c     1                 ta_b_d5
   bb05c    bb05c       48     1                 ta_b_d6
   bb0a4    bb0a4       40     1                 ta_b_d7
   bb0e4    bb0e4       45     1                 ta_b_d8
   bb129    bb129       2a     1                 ta_b_d9
   bb153    bb153       29     1                 ta_b_d10
   bb17c    bb17c       2a     1                 ta_b_d11
   bb1a6    bb1a6       1d     1                 ta_b_d12
   bb1c3    bb1c3       47     1                 ta_b_d13
   bb20a    bb20a       39     1                 ta_b_d14
   bb243    bb243       39     1                 ta_b_d15
   bb27c    bb27c       3d     1                 ta_b_d16
   bb2b9    bb2b9       51     1                 ta_b_d17
   bb30a    bb30a       62     1                 ta_b_d18
   bb36c    bb36c       5a     1                 ta_b_d19
   bb3c6    bb3c6       4a     1                 ta_b_d20
   bb410    bb410       47     1                 ta_b_d21
   bb457    bb457       3f     1                 ta_b_d22
   bb496    bb496       3c     1                 ta_b_d23
   bb4d2    bb4d2       2f     1                 ta_b_d24
   bb501    bb501       3c     1                 ta_b_d25
   bb53d    bb53d       2d     1                 ta_b_d26
   bb56a    bb56a       3a     1                 ta_b_d27
   bb5a4    bb5a4       3c     1                 ta_b_d28
   bb5e0    bb5e0       4f     1                 ta_b_d29
   bb62f    bb62f       fe     1         build-nes/celeste-nes-temp.nes.lto.o:(.prg_rom_11)
   bb62f    bb62f       1e     1                 title_chunk_counts_b
   bb64d    bb64d       68     1                 title_flush_table_b
   bb6b5    bb6b5       3c     1                 title_flush_offsets_b
   bb6f1    bb6f1       3c     1                 title_attr_table_b
    fd58     fd58        1     1 .rom_poke_table_0
    fd58     fd58        0     1         __rom_poke_table = .
    fd58     fd58        1     1         . = . + (__rom_poke_table_size > 0 ? 1 : 0)
    fd59     fd59        1     1 .rom_poke_table_1
    fd59     fd59        1     1         . = . + (__rom_poke_table_size > 1 ? 1 : 0)
    fd5a     fd5a        1     1 .rom_poke_table_2
    fd5a     fd5a        1     1         . = . + (__rom_poke_table_size > 2 ? 1 : 0)
    fd5b     fd5b        1     1 .rom_poke_table_3
    fd5b     fd5b        1     1         . = . + (__rom_poke_table_size > 3 ? 1 : 0)
    fd5c     fd5c        1     1 .rom_poke_table_4
    fd5c     fd5c        1     1         . = . + (__rom_poke_table_size > 4 ? 1 : 0)
    fd5d     fd5d        1     1 .rom_poke_table_5
    fd5d     fd5d        1     1         . = . + (__rom_poke_table_size > 5 ? 1 : 0)
    fd5e     fd5e        1     1 .rom_poke_table_6
    fd5e     fd5e        1     1         . = . + (__rom_poke_table_size > 6 ? 1 : 0)
    fd5f     fd5f        1     1 .rom_poke_table_7
    fd5f     fd5f        1     1         . = . + (__rom_poke_table_size > 7 ? 1 : 0)
    fd60     fd60        1     1 .rom_poke_table_8
    fd60     fd60        1     1         . = . + (__rom_poke_table_size > 8 ? 1 : 0)
    fd61     fd61        1     1 .rom_poke_table_9
    fd61     fd61        1     1         . = . + (__rom_poke_table_size > 9 ? 1 : 0)
    fd62     fd62        1     1 .rom_poke_table_10
    fd62     fd62        1     1         . = . + (__rom_poke_table_size > 10 ? 1 : 0)
    fd63     fd63        1     1 .rom_poke_table_11
    fd63     fd63        1     1         . = . + (__rom_poke_table_size > 11 ? 1 : 0)
    fd64     fd64        1     1 .rom_poke_table_12
    fd64     fd64        1     1         . = . + (__rom_poke_table_size > 12 ? 1 : 0)
    fd65     fd65        1     1 .rom_poke_table_13
    fd65     fd65        1     1         . = . + (__rom_poke_table_size > 13 ? 1 : 0)
    fd66     fd66        1     1 .rom_poke_table_14
    fd66     fd66        1     1         . = . + (__rom_poke_table_size > 14 ? 1 : 0)
    fd67     fd67        1     1 .rom_poke_table_15
    fd67     fd67        1     1         . = . + (__rom_poke_table_size > 15 ? 1 : 0)
    fd68     fd68        1     1 .rom_poke_table_16
    fd68     fd68        1     1         . = . + (__rom_poke_table_size > 16 ? 1 : 0)
    fd69     fd69        1     1 .rom_poke_table_17
    fd69     fd69        1     1         . = . + (__rom_poke_table_size > 17 ? 1 : 0)
    fd6a     fd6a        1     1 .rom_poke_table_18
    fd6a     fd6a        1     1         . = . + (__rom_poke_table_size > 18 ? 1 : 0)
    fd6b     fd6b        1     1 .rom_poke_table_19
    fd6b     fd6b        1     1         . = . + (__rom_poke_table_size > 19 ? 1 : 0)
    fd6c     fd6c        1     1 .rom_poke_table_20
    fd6c     fd6c        1     1         . = . + (__rom_poke_table_size > 20 ? 1 : 0)
    fd6d     fd6d        1     1 .rom_poke_table_21
    fd6d     fd6d        1     1         . = . + (__rom_poke_table_size > 21 ? 1 : 0)
    fd6e     fd6e        1     1 .rom_poke_table_22
    fd6e     fd6e        1     1         . = . + (__rom_poke_table_size > 22 ? 1 : 0)
    fd6f     fd6f        1     1 .rom_poke_table_23
    fd6f     fd6f        1     1         . = . + (__rom_poke_table_size > 23 ? 1 : 0)
    fd70     fd70        1     1 .rom_poke_table_24
    fd70     fd70        1     1         . = . + (__rom_poke_table_size > 24 ? 1 : 0)
    fd71     fd71        1     1 .rom_poke_table_25
    fd71     fd71        1     1         . = . + (__rom_poke_table_size > 25 ? 1 : 0)
    fd72     fd72        1     1 .rom_poke_table_26
    fd72     fd72        1     1         . = . + (__rom_poke_table_size > 26 ? 1 : 0)
    fd73     fd73        1     1 .rom_poke_table_27
    fd73     fd73        1     1         . = . + (__rom_poke_table_size > 27 ? 1 : 0)
    fd74     fd74        1     1 .rom_poke_table_28
    fd74     fd74        1     1         . = . + (__rom_poke_table_size > 28 ? 1 : 0)
    fd75     fd75        1     1 .rom_poke_table_29
    fd75     fd75        1     1         . = . + (__rom_poke_table_size > 29 ? 1 : 0)
    fd76     fd76        1     1 .rom_poke_table_30
    fd76     fd76        1     1         . = . + (__rom_poke_table_size > 30 ? 1 : 0)
    fd77     fd77        1     1 .rom_poke_table_31
    fd77     fd77        1     1         . = . + (__rom_poke_table_size > 31 ? 1 : 0)
    fd78     fd78        0     1 .rom_poke_table_32
    fd78     fd78        0     1         . = . + (__rom_poke_table_size > 32 ? 1 : 0)
    fd78     fd78        0     1 .rom_poke_table_33
    fd78     fd78        0     1         . = . + (__rom_poke_table_size > 33 ? 1 : 0)
    fd78     fd78        0     1 .rom_poke_table_34
    fd78     fd78        0     1         . = . + (__rom_poke_table_size > 34 ? 1 : 0)
    fd78     fd78        0     1 .rom_poke_table_35
    fd78     fd78        0     1         . = . + (__rom_poke_table_size > 35 ? 1 : 0)
    fd78     fd78        0     1 .rom_poke_table_36
    fd78     fd78        0     1         . = . + (__rom_poke_table_size > 36 ? 1 : 0)
    fd78     fd78        0     1 .rom_poke_table_37
    fd78     fd78        0     1         . = . + (__rom_poke_table_size > 37 ? 1 : 0)
    fd78     fd78        0     1 .rom_poke_table_38
    fd78     fd78        0     1         . = . + (__rom_poke_table_size > 38 ? 1 : 0)
    fd78     fd78        0     1 .rom_poke_table_39
    fd78     fd78        0     1         . = . + (__rom_poke_table_size > 39 ? 1 : 0)
    fd78     fd78        0     1 .rom_poke_table_40
    fd78     fd78        0     1         . = . + (__rom_poke_table_size > 40 ? 1 : 0)
    fd78     fd78        0     1 .rom_poke_table_41
    fd78     fd78        0     1         . = . + (__rom_poke_table_size > 41 ? 1 : 0)
    fd78     fd78        0     1 .rom_poke_table_42
    fd78     fd78        0     1         . = . + (__rom_poke_table_size > 42 ? 1 : 0)
    fd78     fd78        0     1 .rom_poke_table_43
    fd78     fd78        0     1         . = . + (__rom_poke_table_size > 43 ? 1 : 0)
    fd78     fd78        0     1 .rom_poke_table_44
    fd78     fd78        0     1         . = . + (__rom_poke_table_size > 44 ? 1 : 0)
    fd78     fd78        0     1 .rom_poke_table_45
    fd78     fd78        0     1         . = . + (__rom_poke_table_size > 45 ? 1 : 0)
    fd78     fd78        0     1 .rom_poke_table_46
    fd78     fd78        0     1         . = . + (__rom_poke_table_size > 46 ? 1 : 0)
    fd78     fd78        0     1 .rom_poke_table_47
    fd78     fd78        0     1         . = . + (__rom_poke_table_size > 47 ? 1 : 0)
    fd78     fd78        0     1 .rom_poke_table_48
    fd78     fd78        0     1         . = . + (__rom_poke_table_size > 48 ? 1 : 0)
    fd78     fd78        0     1 .rom_poke_table_49
    fd78     fd78        0     1         . = . + (__rom_poke_table_size > 49 ? 1 : 0)
    fd78     fd78        0     1 .rom_poke_table_50
    fd78     fd78        0     1         . = . + (__rom_poke_table_size > 50 ? 1 : 0)
    fd78     fd78        0     1 .rom_poke_table_51
    fd78     fd78        0     1         . = . + (__rom_poke_table_size > 51 ? 1 : 0)
    fd78     fd78        0     1 .rom_poke_table_52
    fd78     fd78        0     1         . = . + (__rom_poke_table_size > 52 ? 1 : 0)
    fd78     fd78        0     1 .rom_poke_table_53
    fd78     fd78        0     1         . = . + (__rom_poke_table_size > 53 ? 1 : 0)
    fd78     fd78        0     1 .rom_poke_table_54
    fd78     fd78        0     1         . = . + (__rom_poke_table_size > 54 ? 1 : 0)
    fd78     fd78        0     1 .rom_poke_table_55
    fd78     fd78        0     1         . = . + (__rom_poke_table_size > 55 ? 1 : 0)
    fd78     fd78        0     1 .rom_poke_table_56
    fd78     fd78        0     1         . = . + (__rom_poke_table_size > 56 ? 1 : 0)
    fd78     fd78        0     1 .rom_poke_table_57
    fd78     fd78        0     1         . = . + (__rom_poke_table_size > 57 ? 1 : 0)
    fd78     fd78        0     1 .rom_poke_table_58
    fd78     fd78        0     1         . = . + (__rom_poke_table_size > 58 ? 1 : 0)
    fd78     fd78        0     1 .rom_poke_table_59
    fd78     fd78        0     1         . = . + (__rom_poke_table_size > 59 ? 1 : 0)
    fd78     fd78        0     1 .rom_poke_table_60
    fd78     fd78        0     1         . = . + (__rom_poke_table_size > 60 ? 1 : 0)
    fd78     fd78        0     1 .rom_poke_table_61
    fd78     fd78        0     1         . = . + (__rom_poke_table_size > 61 ? 1 : 0)
    fd78     fd78        0     1 .rom_poke_table_62
    fd78     fd78        0     1         . = . + (__rom_poke_table_size > 62 ? 1 : 0)
    fd78     fd78        0     1 .rom_poke_table_63
    fd78     fd78        0     1         . = . + (__rom_poke_table_size > 63 ? 1 : 0)
    fd78     fd78        0     1 .rom_poke_table_64
    fd78     fd78        0     1         . = . + (__rom_poke_table_size > 64 ? 1 : 0)
    fd78     fd78        0     1 .rom_poke_table_65
    fd78     fd78        0     1         . = . + (__rom_poke_table_size > 65 ? 1 : 0)
    fd78     fd78        0     1 .rom_poke_table_66
    fd78     fd78        0     1         . = . + (__rom_poke_table_size > 66 ? 1 : 0)
    fd78     fd78        0     1 .rom_poke_table_67
    fd78     fd78        0     1         . = . + (__rom_poke_table_size > 67 ? 1 : 0)
    fd78     fd78        0     1 .rom_poke_table_68
    fd78     fd78        0     1         . = . + (__rom_poke_table_size > 68 ? 1 : 0)
    fd78     fd78        0     1 .rom_poke_table_69
    fd78     fd78        0     1         . = . + (__rom_poke_table_size > 69 ? 1 : 0)
    fd78     fd78        0     1 .rom_poke_table_70
    fd78     fd78        0     1         . = . + (__rom_poke_table_size > 70 ? 1 : 0)
    fd78     fd78        0     1 .rom_poke_table_71
    fd78     fd78        0     1         . = . + (__rom_poke_table_size > 71 ? 1 : 0)
    fd78     fd78        0     1 .rom_poke_table_72
    fd78     fd78        0     1         . = . + (__rom_poke_table_size > 72 ? 1 : 0)
    fd78     fd78        0     1 .rom_poke_table_73
    fd78     fd78        0     1         . = . + (__rom_poke_table_size > 73 ? 1 : 0)
    fd78     fd78        0     1 .rom_poke_table_74
    fd78     fd78        0     1         . = . + (__rom_poke_table_size > 74 ? 1 : 0)
    fd78     fd78        0     1 .rom_poke_table_75
    fd78     fd78        0     1         . = . + (__rom_poke_table_size > 75 ? 1 : 0)
    fd78     fd78        0     1 .rom_poke_table_76
    fd78     fd78        0     1         . = . + (__rom_poke_table_size > 76 ? 1 : 0)
    fd78     fd78        0     1 .rom_poke_table_77
    fd78     fd78        0     1         . = . + (__rom_poke_table_size > 77 ? 1 : 0)
    fd78     fd78        0     1 .rom_poke_table_78
    fd78     fd78        0     1         . = . + (__rom_poke_table_size > 78 ? 1 : 0)
    fd78     fd78        0     1 .rom_poke_table_79
    fd78     fd78        0     1         . = . + (__rom_poke_table_size > 79 ? 1 : 0)
    fd78     fd78        0     1 .rom_poke_table_80
    fd78     fd78        0     1         . = . + (__rom_poke_table_size > 80 ? 1 : 0)
    fd78     fd78        0     1 .rom_poke_table_81
    fd78     fd78        0     1         . = . + (__rom_poke_table_size > 81 ? 1 : 0)
    fd78     fd78        0     1 .rom_poke_table_82
    fd78     fd78        0     1         . = . + (__rom_poke_table_size > 82 ? 1 : 0)
    fd78     fd78        0     1 .rom_poke_table_83
    fd78     fd78        0     1         . = . + (__rom_poke_table_size > 83 ? 1 : 0)
    fd78     fd78        0     1 .rom_poke_table_84
    fd78     fd78        0     1         . = . + (__rom_poke_table_size > 84 ? 1 : 0)
    fd78     fd78        0     1 .rom_poke_table_85
    fd78     fd78        0     1         . = . + (__rom_poke_table_size > 85 ? 1 : 0)
    fd78     fd78        0     1 .rom_poke_table_86
    fd78     fd78        0     1         . = . + (__rom_poke_table_size > 86 ? 1 : 0)
    fd78     fd78        0     1 .rom_poke_table_87
    fd78     fd78        0     1         . = . + (__rom_poke_table_size > 87 ? 1 : 0)
    fd78     fd78        0     1 .rom_poke_table_88
    fd78     fd78        0     1         . = . + (__rom_poke_table_size > 88 ? 1 : 0)
    fd78     fd78        0     1 .rom_poke_table_89
    fd78     fd78        0     1         . = . + (__rom_poke_table_size > 89 ? 1 : 0)
    fd78     fd78        0     1 .rom_poke_table_90
    fd78     fd78        0     1         . = . + (__rom_poke_table_size > 90 ? 1 : 0)
    fd78     fd78        0     1 .rom_poke_table_91
    fd78     fd78        0     1         . = . + (__rom_poke_table_size > 91 ? 1 : 0)
    fd78     fd78        0     1 .rom_poke_table_92
    fd78     fd78        0     1         . = . + (__rom_poke_table_size > 92 ? 1 : 0)
    fd78     fd78        0     1 .rom_poke_table_93
    fd78     fd78        0     1         . = . + (__rom_poke_table_size > 93 ? 1 : 0)
    fd78     fd78        0     1 .rom_poke_table_94
    fd78     fd78        0     1         . = . + (__rom_poke_table_size > 94 ? 1 : 0)
    fd78     fd78        0     1 .rom_poke_table_95
    fd78     fd78        0     1         . = . + (__rom_poke_table_size > 95 ? 1 : 0)
    fd78     fd78        0     1 .rom_poke_table_96
    fd78     fd78        0     1         . = . + (__rom_poke_table_size > 96 ? 1 : 0)
    fd78     fd78        0     1 .rom_poke_table_97
    fd78     fd78        0     1         . = . + (__rom_poke_table_size > 97 ? 1 : 0)
    fd78     fd78        0     1 .rom_poke_table_98
    fd78     fd78        0     1         . = . + (__rom_poke_table_size > 98 ? 1 : 0)
    fd78     fd78        0     1 .rom_poke_table_99
    fd78     fd78        0     1         . = . + (__rom_poke_table_size > 99 ? 1 : 0)
    fd78     fd78        0     1 .rom_poke_table_100
    fd78     fd78        0     1         . = . + (__rom_poke_table_size > 100 ? 1 : 0)
    fd78     fd78        0     1 .rom_poke_table_101
    fd78     fd78        0     1         . = . + (__rom_poke_table_size > 101 ? 1 : 0)
    fd78     fd78        0     1 .rom_poke_table_102
    fd78     fd78        0     1         . = . + (__rom_poke_table_size > 102 ? 1 : 0)
    fd78     fd78        0     1 .rom_poke_table_103
    fd78     fd78        0     1         . = . + (__rom_poke_table_size > 103 ? 1 : 0)
    fd78     fd78        0     1 .rom_poke_table_104
    fd78     fd78        0     1         . = . + (__rom_poke_table_size > 104 ? 1 : 0)
    fd78     fd78        0     1 .rom_poke_table_105
    fd78     fd78        0     1         . = . + (__rom_poke_table_size > 105 ? 1 : 0)
    fd78     fd78        0     1 .rom_poke_table_106
    fd78     fd78        0     1         . = . + (__rom_poke_table_size > 106 ? 1 : 0)
    fd78     fd78        0     1 .rom_poke_table_107
    fd78     fd78        0     1         . = . + (__rom_poke_table_size > 107 ? 1 : 0)
    fd78     fd78        0     1 .rom_poke_table_108
    fd78     fd78        0     1         . = . + (__rom_poke_table_size > 108 ? 1 : 0)
    fd78     fd78        0     1 .rom_poke_table_109
    fd78     fd78        0     1         . = . + (__rom_poke_table_size > 109 ? 1 : 0)
    fd78     fd78        0     1 .rom_poke_table_110
    fd78     fd78        0     1         . = . + (__rom_poke_table_size > 110 ? 1 : 0)
    fd78     fd78        0     1 .rom_poke_table_111
    fd78     fd78        0     1         . = . + (__rom_poke_table_size > 111 ? 1 : 0)
    fd78     fd78        0     1 .rom_poke_table_112
    fd78     fd78        0     1         . = . + (__rom_poke_table_size > 112 ? 1 : 0)
    fd78     fd78        0     1 .rom_poke_table_113
    fd78     fd78        0     1         . = . + (__rom_poke_table_size > 113 ? 1 : 0)
    fd78     fd78        0     1 .rom_poke_table_114
    fd78     fd78        0     1         . = . + (__rom_poke_table_size > 114 ? 1 : 0)
    fd78     fd78        0     1 .rom_poke_table_115
    fd78     fd78        0     1         . = . + (__rom_poke_table_size > 115 ? 1 : 0)
    fd78     fd78        0     1 .rom_poke_table_116
    fd78     fd78        0     1         . = . + (__rom_poke_table_size > 116 ? 1 : 0)
    fd78     fd78        0     1 .rom_poke_table_117
    fd78     fd78        0     1         . = . + (__rom_poke_table_size > 117 ? 1 : 0)
    fd78     fd78        0     1 .rom_poke_table_118
    fd78     fd78        0     1         . = . + (__rom_poke_table_size > 118 ? 1 : 0)
    fd78     fd78        0     1 .rom_poke_table_119
    fd78     fd78        0     1         . = . + (__rom_poke_table_size > 119 ? 1 : 0)
    fd78     fd78        0     1 .rom_poke_table_120
    fd78     fd78        0     1         . = . + (__rom_poke_table_size > 120 ? 1 : 0)
    fd78     fd78        0     1 .rom_poke_table_121
    fd78     fd78        0     1         . = . + (__rom_poke_table_size > 121 ? 1 : 0)
    fd78     fd78        0     1 .rom_poke_table_122
    fd78     fd78        0     1         . = . + (__rom_poke_table_size > 122 ? 1 : 0)
    fd78     fd78        0     1 .rom_poke_table_123
    fd78     fd78        0     1         . = . + (__rom_poke_table_size > 123 ? 1 : 0)
    fd78     fd78        0     1 .rom_poke_table_124
    fd78     fd78        0     1         . = . + (__rom_poke_table_size > 124 ? 1 : 0)
    fd78     fd78        0     1 .rom_poke_table_125
    fd78     fd78        0     1         . = . + (__rom_poke_table_size > 125 ? 1 : 0)
    fd78     fd78        0     1 .rom_poke_table_126
    fd78     fd78        0     1         . = . + (__rom_poke_table_size > 126 ? 1 : 0)
    fd78     fd78        0     1 .rom_poke_table_127
    fd78     fd78        0     1         . = . + (__rom_poke_table_size > 127 ? 1 : 0)
    fd78     fd78        0     1 .rom_poke_table_128
    fd78     fd78        0     1         . = . + (__rom_poke_table_size > 128 ? 1 : 0)
    fd78     fd78        0     1 .rom_poke_table_129
    fd78     fd78        0     1         . = . + (__rom_poke_table_size > 129 ? 1 : 0)
    fd78     fd78        0     1 .rom_poke_table_130
    fd78     fd78        0     1         . = . + (__rom_poke_table_size > 130 ? 1 : 0)
    fd78     fd78        0     1 .rom_poke_table_131
    fd78     fd78        0     1         . = . + (__rom_poke_table_size > 131 ? 1 : 0)
    fd78     fd78        0     1 .rom_poke_table_132
    fd78     fd78        0     1         . = . + (__rom_poke_table_size > 132 ? 1 : 0)
    fd78     fd78        0     1 .rom_poke_table_133
    fd78     fd78        0     1         . = . + (__rom_poke_table_size > 133 ? 1 : 0)
    fd78     fd78        0     1 .rom_poke_table_134
    fd78     fd78        0     1         . = . + (__rom_poke_table_size > 134 ? 1 : 0)
    fd78     fd78        0     1 .rom_poke_table_135
    fd78     fd78        0     1         . = . + (__rom_poke_table_size > 135 ? 1 : 0)
    fd78     fd78        0     1 .rom_poke_table_136
    fd78     fd78        0     1         . = . + (__rom_poke_table_size > 136 ? 1 : 0)
    fd78     fd78        0     1 .rom_poke_table_137
    fd78     fd78        0     1         . = . + (__rom_poke_table_size > 137 ? 1 : 0)
    fd78     fd78        0     1 .rom_poke_table_138
    fd78     fd78        0     1         . = . + (__rom_poke_table_size > 138 ? 1 : 0)
    fd78     fd78        0     1 .rom_poke_table_139
    fd78     fd78        0     1         . = . + (__rom_poke_table_size > 139 ? 1 : 0)
    fd78     fd78        0     1 .rom_poke_table_140
    fd78     fd78        0     1         . = . + (__rom_poke_table_size > 140 ? 1 : 0)
    fd78     fd78        0     1 .rom_poke_table_141
    fd78     fd78        0     1         . = . + (__rom_poke_table_size > 141 ? 1 : 0)
    fd78     fd78        0     1 .rom_poke_table_142
    fd78     fd78        0     1         . = . + (__rom_poke_table_size > 142 ? 1 : 0)
    fd78     fd78        0     1 .rom_poke_table_143
    fd78     fd78        0     1         . = . + (__rom_poke_table_size > 143 ? 1 : 0)
    fd78     fd78        0     1 .rom_poke_table_144
    fd78     fd78        0     1         . = . + (__rom_poke_table_size > 144 ? 1 : 0)
    fd78     fd78        0     1 .rom_poke_table_145
    fd78     fd78        0     1         . = . + (__rom_poke_table_size > 145 ? 1 : 0)
    fd78     fd78        0     1 .rom_poke_table_146
    fd78     fd78        0     1         . = . + (__rom_poke_table_size > 146 ? 1 : 0)
    fd78     fd78        0     1 .rom_poke_table_147
    fd78     fd78        0     1         . = . + (__rom_poke_table_size > 147 ? 1 : 0)
    fd78     fd78        0     1 .rom_poke_table_148
    fd78     fd78        0     1         . = . + (__rom_poke_table_size > 148 ? 1 : 0)
    fd78     fd78        0     1 .rom_poke_table_149
    fd78     fd78        0     1         . = . + (__rom_poke_table_size > 149 ? 1 : 0)
    fd78     fd78        0     1 .rom_poke_table_150
    fd78     fd78        0     1         . = . + (__rom_poke_table_size > 150 ? 1 : 0)
    fd78     fd78        0     1 .rom_poke_table_151
    fd78     fd78        0     1         . = . + (__rom_poke_table_size > 151 ? 1 : 0)
    fd78     fd78        0     1 .rom_poke_table_152
    fd78     fd78        0     1         . = . + (__rom_poke_table_size > 152 ? 1 : 0)
    fd78     fd78        0     1 .rom_poke_table_153
    fd78     fd78        0     1         . = . + (__rom_poke_table_size > 153 ? 1 : 0)
    fd78     fd78        0     1 .rom_poke_table_154
    fd78     fd78        0     1         . = . + (__rom_poke_table_size > 154 ? 1 : 0)
    fd78     fd78        0     1 .rom_poke_table_155
    fd78     fd78        0     1         . = . + (__rom_poke_table_size > 155 ? 1 : 0)
    fd78     fd78        0     1 .rom_poke_table_156
    fd78     fd78        0     1         . = . + (__rom_poke_table_size > 156 ? 1 : 0)
    fd78     fd78        0     1 .rom_poke_table_157
    fd78     fd78        0     1         . = . + (__rom_poke_table_size > 157 ? 1 : 0)
    fd78     fd78        0     1 .rom_poke_table_158
    fd78     fd78        0     1         . = . + (__rom_poke_table_size > 158 ? 1 : 0)
    fd78     fd78        0     1 .rom_poke_table_159
    fd78     fd78        0     1         . = . + (__rom_poke_table_size > 159 ? 1 : 0)
    fd78     fd78        0     1 .rom_poke_table_160
    fd78     fd78        0     1         . = . + (__rom_poke_table_size > 160 ? 1 : 0)
    fd78     fd78        0     1 .rom_poke_table_161
    fd78     fd78        0     1         . = . + (__rom_poke_table_size > 161 ? 1 : 0)
    fd78     fd78        0     1 .rom_poke_table_162
    fd78     fd78        0     1         . = . + (__rom_poke_table_size > 162 ? 1 : 0)
    fd78     fd78        0     1 .rom_poke_table_163
    fd78     fd78        0     1         . = . + (__rom_poke_table_size > 163 ? 1 : 0)
    fd78     fd78        0     1 .rom_poke_table_164
    fd78     fd78        0     1         . = . + (__rom_poke_table_size > 164 ? 1 : 0)
    fd78     fd78        0     1 .rom_poke_table_165
    fd78     fd78        0     1         . = . + (__rom_poke_table_size > 165 ? 1 : 0)
    fd78     fd78        0     1 .rom_poke_table_166
    fd78     fd78        0     1         . = . + (__rom_poke_table_size > 166 ? 1 : 0)
    fd78     fd78        0     1 .rom_poke_table_167
    fd78     fd78        0     1         . = . + (__rom_poke_table_size > 167 ? 1 : 0)
    fd78     fd78        0     1 .rom_poke_table_168
    fd78     fd78        0     1         . = . + (__rom_poke_table_size > 168 ? 1 : 0)
    fd78     fd78        0     1 .rom_poke_table_169
    fd78     fd78        0     1         . = . + (__rom_poke_table_size > 169 ? 1 : 0)
    fd78     fd78        0     1 .rom_poke_table_170
    fd78     fd78        0     1         . = . + (__rom_poke_table_size > 170 ? 1 : 0)
    fd78     fd78        0     1 .rom_poke_table_171
    fd78     fd78        0     1         . = . + (__rom_poke_table_size > 171 ? 1 : 0)
    fd78     fd78        0     1 .rom_poke_table_172
    fd78     fd78        0     1         . = . + (__rom_poke_table_size > 172 ? 1 : 0)
    fd78     fd78        0     1 .rom_poke_table_173
    fd78     fd78        0     1         . = . + (__rom_poke_table_size > 173 ? 1 : 0)
    fd78     fd78        0     1 .rom_poke_table_174
    fd78     fd78        0     1         . = . + (__rom_poke_table_size > 174 ? 1 : 0)
    fd78     fd78        0     1 .rom_poke_table_175
    fd78     fd78        0     1         . = . + (__rom_poke_table_size > 175 ? 1 : 0)
    fd78     fd78        0     1 .rom_poke_table_176
    fd78     fd78        0     1         . = . + (__rom_poke_table_size > 176 ? 1 : 0)
    fd78     fd78        0     1 .rom_poke_table_177
    fd78     fd78        0     1         . = . + (__rom_poke_table_size > 177 ? 1 : 0)
    fd78     fd78        0     1 .rom_poke_table_178
    fd78     fd78        0     1         . = . + (__rom_poke_table_size > 178 ? 1 : 0)
    fd78     fd78        0     1 .rom_poke_table_179
    fd78     fd78        0     1         . = . + (__rom_poke_table_size > 179 ? 1 : 0)
    fd78     fd78        0     1 .rom_poke_table_180
    fd78     fd78        0     1         . = . + (__rom_poke_table_size > 180 ? 1 : 0)
    fd78     fd78        0     1 .rom_poke_table_181
    fd78     fd78        0     1         . = . + (__rom_poke_table_size > 181 ? 1 : 0)
    fd78     fd78        0     1 .rom_poke_table_182
    fd78     fd78        0     1         . = . + (__rom_poke_table_size > 182 ? 1 : 0)
    fd78     fd78        0     1 .rom_poke_table_183
    fd78     fd78        0     1         . = . + (__rom_poke_table_size > 183 ? 1 : 0)
    fd78     fd78        0     1 .rom_poke_table_184
    fd78     fd78        0     1         . = . + (__rom_poke_table_size > 184 ? 1 : 0)
    fd78     fd78        0     1 .rom_poke_table_185
    fd78     fd78        0     1         . = . + (__rom_poke_table_size > 185 ? 1 : 0)
    fd78     fd78        0     1 .rom_poke_table_186
    fd78     fd78        0     1         . = . + (__rom_poke_table_size > 186 ? 1 : 0)
    fd78     fd78        0     1 .rom_poke_table_187
    fd78     fd78        0     1         . = . + (__rom_poke_table_size > 187 ? 1 : 0)
    fd78     fd78        0     1 .rom_poke_table_188
    fd78     fd78        0     1         . = . + (__rom_poke_table_size > 188 ? 1 : 0)
    fd78     fd78        0     1 .rom_poke_table_189
    fd78     fd78        0     1         . = . + (__rom_poke_table_size > 189 ? 1 : 0)
    fd78     fd78        0     1 .rom_poke_table_190
    fd78     fd78        0     1         . = . + (__rom_poke_table_size > 190 ? 1 : 0)
    fd78     fd78        0     1 .rom_poke_table_191
    fd78     fd78        0     1         . = . + (__rom_poke_table_size > 191 ? 1 : 0)
    fd78     fd78        0     1 .rom_poke_table_192
    fd78     fd78        0     1         . = . + (__rom_poke_table_size > 192 ? 1 : 0)
    fd78     fd78        0     1 .rom_poke_table_193
    fd78     fd78        0     1         . = . + (__rom_poke_table_size > 193 ? 1 : 0)
    fd78     fd78        0     1 .rom_poke_table_194
    fd78     fd78        0     1         . = . + (__rom_poke_table_size > 194 ? 1 : 0)
    fd78     fd78        0     1 .rom_poke_table_195
    fd78     fd78        0     1         . = . + (__rom_poke_table_size > 195 ? 1 : 0)
    fd78     fd78        0     1 .rom_poke_table_196
    fd78     fd78        0     1         . = . + (__rom_poke_table_size > 196 ? 1 : 0)
    fd78     fd78        0     1 .rom_poke_table_197
    fd78     fd78        0     1         . = . + (__rom_poke_table_size > 197 ? 1 : 0)
    fd78     fd78        0     1 .rom_poke_table_198
    fd78     fd78        0     1         . = . + (__rom_poke_table_size > 198 ? 1 : 0)
    fd78     fd78        0     1 .rom_poke_table_199
    fd78     fd78        0     1         . = . + (__rom_poke_table_size > 199 ? 1 : 0)
    fd78     fd78        0     1 .rom_poke_table_200
    fd78     fd78        0     1         . = . + (__rom_poke_table_size > 200 ? 1 : 0)
    fd78     fd78        0     1 .rom_poke_table_201
    fd78     fd78        0     1         . = . + (__rom_poke_table_size > 201 ? 1 : 0)
    fd78     fd78        0     1 .rom_poke_table_202
    fd78     fd78        0     1         . = . + (__rom_poke_table_size > 202 ? 1 : 0)
    fd78     fd78        0     1 .rom_poke_table_203
    fd78     fd78        0     1         . = . + (__rom_poke_table_size > 203 ? 1 : 0)
    fd78     fd78        0     1 .rom_poke_table_204
    fd78     fd78        0     1         . = . + (__rom_poke_table_size > 204 ? 1 : 0)
    fd78     fd78        0     1 .rom_poke_table_205
    fd78     fd78        0     1         . = . + (__rom_poke_table_size > 205 ? 1 : 0)
    fd78     fd78        0     1 .rom_poke_table_206
    fd78     fd78        0     1         . = . + (__rom_poke_table_size > 206 ? 1 : 0)
    fd78     fd78        0     1 .rom_poke_table_207
    fd78     fd78        0     1         . = . + (__rom_poke_table_size > 207 ? 1 : 0)
    fd78     fd78        0     1 .rom_poke_table_208
    fd78     fd78        0     1         . = . + (__rom_poke_table_size > 208 ? 1 : 0)
    fd78     fd78        0     1 .rom_poke_table_209
    fd78     fd78        0     1         . = . + (__rom_poke_table_size > 209 ? 1 : 0)
    fd78     fd78        0     1 .rom_poke_table_210
    fd78     fd78        0     1         . = . + (__rom_poke_table_size > 210 ? 1 : 0)
    fd78     fd78        0     1 .rom_poke_table_211
    fd78     fd78        0     1         . = . + (__rom_poke_table_size > 211 ? 1 : 0)
    fd78     fd78        0     1 .rom_poke_table_212
    fd78     fd78        0     1         . = . + (__rom_poke_table_size > 212 ? 1 : 0)
    fd78     fd78        0     1 .rom_poke_table_213
    fd78     fd78        0     1         . = . + (__rom_poke_table_size > 213 ? 1 : 0)
    fd78     fd78        0     1 .rom_poke_table_214
    fd78     fd78        0     1         . = . + (__rom_poke_table_size > 214 ? 1 : 0)
    fd78     fd78        0     1 .rom_poke_table_215
    fd78     fd78        0     1         . = . + (__rom_poke_table_size > 215 ? 1 : 0)
    fd78     fd78        0     1 .rom_poke_table_216
    fd78     fd78        0     1         . = . + (__rom_poke_table_size > 216 ? 1 : 0)
    fd78     fd78        0     1 .rom_poke_table_217
    fd78     fd78        0     1         . = . + (__rom_poke_table_size > 217 ? 1 : 0)
    fd78     fd78        0     1 .rom_poke_table_218
    fd78     fd78        0     1         . = . + (__rom_poke_table_size > 218 ? 1 : 0)
    fd78     fd78        0     1 .rom_poke_table_219
    fd78     fd78        0     1         . = . + (__rom_poke_table_size > 219 ? 1 : 0)
    fd78     fd78        0     1 .rom_poke_table_220
    fd78     fd78        0     1         . = . + (__rom_poke_table_size > 220 ? 1 : 0)
    fd78     fd78        0     1 .rom_poke_table_221
    fd78     fd78        0     1         . = . + (__rom_poke_table_size > 221 ? 1 : 0)
    fd78     fd78        0     1 .rom_poke_table_222
    fd78     fd78        0     1         . = . + (__rom_poke_table_size > 222 ? 1 : 0)
    fd78     fd78        0     1 .rom_poke_table_223
    fd78     fd78        0     1         . = . + (__rom_poke_table_size > 223 ? 1 : 0)
    fd78     fd78        0     1 .rom_poke_table_224
    fd78     fd78        0     1         . = . + (__rom_poke_table_size > 224 ? 1 : 0)
    fd78     fd78        0     1 .rom_poke_table_225
    fd78     fd78        0     1         . = . + (__rom_poke_table_size > 225 ? 1 : 0)
    fd78     fd78        0     1 .rom_poke_table_226
    fd78     fd78        0     1         . = . + (__rom_poke_table_size > 226 ? 1 : 0)
    fd78     fd78        0     1 .rom_poke_table_227
    fd78     fd78        0     1         . = . + (__rom_poke_table_size > 227 ? 1 : 0)
    fd78     fd78        0     1 .rom_poke_table_228
    fd78     fd78        0     1         . = . + (__rom_poke_table_size > 228 ? 1 : 0)
    fd78     fd78        0     1 .rom_poke_table_229
    fd78     fd78        0     1         . = . + (__rom_poke_table_size > 229 ? 1 : 0)
    fd78     fd78        0     1 .rom_poke_table_230
    fd78     fd78        0     1         . = . + (__rom_poke_table_size > 230 ? 1 : 0)
    fd78     fd78        0     1 .rom_poke_table_231
    fd78     fd78        0     1         . = . + (__rom_poke_table_size > 231 ? 1 : 0)
    fd78     fd78        0     1 .rom_poke_table_232
    fd78     fd78        0     1         . = . + (__rom_poke_table_size > 232 ? 1 : 0)
    fd78     fd78        0     1 .rom_poke_table_233
    fd78     fd78        0     1         . = . + (__rom_poke_table_size > 233 ? 1 : 0)
    fd78     fd78        0     1 .rom_poke_table_234
    fd78     fd78        0     1         . = . + (__rom_poke_table_size > 234 ? 1 : 0)
    fd78     fd78        0     1 .rom_poke_table_235
    fd78     fd78        0     1         . = . + (__rom_poke_table_size > 235 ? 1 : 0)
    fd78     fd78        0     1 .rom_poke_table_236
    fd78     fd78        0     1         . = . + (__rom_poke_table_size > 236 ? 1 : 0)
    fd78     fd78        0     1 .rom_poke_table_237
    fd78     fd78        0     1         . = . + (__rom_poke_table_size > 237 ? 1 : 0)
    fd78     fd78        0     1 .rom_poke_table_238
    fd78     fd78        0     1         . = . + (__rom_poke_table_size > 238 ? 1 : 0)
    fd78     fd78        0     1 .rom_poke_table_239
    fd78     fd78        0     1         . = . + (__rom_poke_table_size > 239 ? 1 : 0)
    fd78     fd78        0     1 .rom_poke_table_240
    fd78     fd78        0     1         . = . + (__rom_poke_table_size > 240 ? 1 : 0)
    fd78     fd78        0     1 .rom_poke_table_241
    fd78     fd78        0     1         . = . + (__rom_poke_table_size > 241 ? 1 : 0)
    fd78     fd78        0     1 .rom_poke_table_242
    fd78     fd78        0     1         . = . + (__rom_poke_table_size > 242 ? 1 : 0)
    fd78     fd78        0     1 .rom_poke_table_243
    fd78     fd78        0     1         . = . + (__rom_poke_table_size > 243 ? 1 : 0)
    fd78     fd78        0     1 .rom_poke_table_244
    fd78     fd78        0     1         . = . + (__rom_poke_table_size > 244 ? 1 : 0)
    fd78     fd78        0     1 .rom_poke_table_245
    fd78     fd78        0     1         . = . + (__rom_poke_table_size > 245 ? 1 : 0)
    fd78     fd78        0     1 .rom_poke_table_246
    fd78     fd78        0     1         . = . + (__rom_poke_table_size > 246 ? 1 : 0)
    fd78     fd78        0     1 .rom_poke_table_247
    fd78     fd78        0     1         . = . + (__rom_poke_table_size > 247 ? 1 : 0)
    fd78     fd78        0     1 .rom_poke_table_248
    fd78     fd78        0     1         . = . + (__rom_poke_table_size > 248 ? 1 : 0)
    fd78     fd78        0     1 .rom_poke_table_249
    fd78     fd78        0     1         . = . + (__rom_poke_table_size > 249 ? 1 : 0)
    fd78     fd78        0     1 .rom_poke_table_250
    fd78     fd78        0     1         . = . + (__rom_poke_table_size > 250 ? 1 : 0)
    fd78     fd78        0     1 .rom_poke_table_251
    fd78     fd78        0     1         . = . + (__rom_poke_table_size > 251 ? 1 : 0)
    fd78     fd78        0     1 .rom_poke_table_252
    fd78     fd78        0     1         . = . + (__rom_poke_table_size > 252 ? 1 : 0)
    fd78     fd78        0     1 .rom_poke_table_253
    fd78     fd78        0     1         . = . + (__rom_poke_table_size > 253 ? 1 : 0)
    fd78     fd78        0     1 .rom_poke_table_254
    fd78     fd78        0     1         . = . + (__rom_poke_table_size > 254 ? 1 : 0)
    fd78     fd78        0     1 .rom_poke_table_255
    fd78     fd78        0     1         . = . + (__rom_poke_table_size > 255 ? 1 : 0)
    fd80     fd80        0     1 .dpcm
    fd80     fd80        0     1         __dpcm_start = .
    fffa     fffa        6     1 .vectors
    fffa     fffa        6     1         C:/llvm-mos/bin/../mos-platform/nes-unrom-512/lib\reset.o:(.vectors)
   10000    10000        0     1 PROVIDE(__prg_rom_size = 512)
   10000    10000        0     1 __stack = 0x0800
       0        0       cc     1 .comment
       0        0       cc     1         <internal>:(.comment)
       0        0     3810     4 .symtab
       0        0     3810     4         <internal>:(.symtab)
       0        0     147f     1 .shstrtab
       0        0     147f     1         <internal>:(.shstrtab)
       0        0     32e6     1 .strtab
       0        0     32e6     1         <internal>:(.strtab)
