     VMA      LMA     Size Align Out     In      Symbol
       0        0        0     1 
       0        0        0     1 
       0        0        0     1 __rc0 = 0x00
       0        0        0     1 __rc1 = __rc0 + 1
       0        0        0     1 PROVIDE(__rc2 = __rc1 + 1)
       0        0        0     1 __rc3 = __rc2 + 1
       0        0        0     1 PROVIDE(__rc4 = __rc3 + 1)
       0        0        0     1 __rc5 = __rc4 + 1
       0        0        0     1 PROVIDE(__rc6 = __rc5 + 1)
       0        0        0     1 __rc7 = __rc6 + 1
       0        0        0     1 PROVIDE(__rc8 = __rc7 + 1)
       0        0        0     1 __rc9 = __rc8 + 1
       0        0        0     1 PROVIDE(__rc10 = __rc9 + 1)
       0        0        0     1 __rc11 = __rc10 + 1
       0        0        0     1 PROVIDE(__rc12 = __rc11 + 1)
       0        0        0     1 __rc13 = __rc12 + 1
       0        0        0     1 PROVIDE(__rc14 = __rc13 + 1)
       0        0        0     1 __rc15 = __rc14 + 1
       0        0        0     1 PROVIDE(__rc16 = __rc15 + 1)
       0        0        0     1 __rc17 = __rc16 + 1
       0        0        0     1 PROVIDE(__rc18 = __rc17 + 1)
       0        0        0     1 __rc19 = __rc18 + 1
       0        0        0     1 PROVIDE(__rc20 = __rc19 + 1)
       0        0        0     1 __rc21 = __rc20 + 1
       0        0        0     1 PROVIDE(__rc22 = __rc21 + 1)
       0        0        0     1 __rc23 = __rc22 + 1
       0        0        0     1 PROVIDE(__rc24 = __rc23 + 1)
       0        0        0     1 __rc25 = __rc24 + 1
       0        0        0     1 PROVIDE(__rc26 = __rc25 + 1)
       0        0        0     1 __rc27 = __rc26 + 1
       0        0        0     1 PROVIDE(__rc28 = __rc27 + 1)
       0        0        0     1 __rc29 = __rc28 + 1
       0        0        0     1 PROVIDE(__rc30 = __rc29 + 1)
       0        0        0     1 __rc31 = __rc30 + 1
       0        0        0     1 
       0        0        0     1 
       0        0        0     1 
       0        0        0     1 
       0        0        0     1 
       0        0        0     1 
       0        0        0     1 
    c000     c000     3940     1 .text
    c000     c000        0     1         _init = .
    c000     c000        0     1         _start = .
    c000     c000        7     1         C:/llvm-mos/bin/../mos-platform/nes-unrom-512/lib\crt0.o:(.init.50)
    c007     c007       1d     1         C:/llvm-mos/bin/../mos-platform/nes/lib\libneslib.a(neslib.s.obj):(.init.100)
    c007     c007        0     1                 clearRAM
    c024     c024        8     1         C:/llvm-mos/bin/../mos-platform/nes/lib\libcrt0.a(init-stack.S.obj):(.init.100)
    c024     c024        0     1                 __do_init_stack
    c02c     c02c        3     1         C:/llvm-mos/bin/../mos-platform/nes/lib\libcrt0.a(zero-bss.c.obj):(.init.200)
    c02c     c02c        0     1                 __do_zero_bss
    c02f     c02f        3     1         C:/llvm-mos/bin/../mos-platform/nes/lib\libcrt0.a(zero-zp-bss.c.obj):(.init.200)
    c02f     c02f        0     1                 __do_zero_zp_bss
    c032     c032        3     1         C:/llvm-mos/bin/../mos-platform/nes/lib\libcrt0.a(copy-zp-data.c.obj):(.init.200)
    c032     c032        0     1                 __do_copy_zp_data
    c035     c035        3     1         C:/llvm-mos/bin/../mos-platform/nes-unrom-512/lib\crt0.o:(.init.250)
    c038     c038       26     1         C:/llvm-mos/bin/../mos-platform/nes/lib\libneslib.a(neslib.s.obj):(.init.255)
    c038     c038        0     1                 clearPalette
    c04a     c04a        0     1                 clearVRAM
    c05e     c05e        5     1         C:/llvm-mos/bin/../mos-platform/nes/lib\libneslib.a(pal_bright.s.obj):(.init.260)
    c05e     c05e        0     1                 pal_bright_init
    c063     c063        3     1         C:/llvm-mos/bin/../mos-platform/nes/lib\libneslib.a(pal_update.s.obj):(.init.265)
    c063     c063        0     1                 pal_update_init
    c066     c066        3     1         C:/llvm-mos/bin/../mos-platform/nes/lib\libneslib.a(oam_update.s.obj):(.init.270)
    c066     c066        0     1                 oam_update_init
    c069     c069       25     1         C:/llvm-mos/bin/../mos-platform/nes/lib\libneslib.a(ntsc.s.obj):(.init.275)
    c069     c069        0     1                 __do_init_ntsc_mode
    c074     c074        0     1                 waitSync3
    c07a     c07a        0     1                 detectNTSC
    c08e     c08e        b     1         C:/llvm-mos/bin/../mos-platform/nes/lib\libneslib.a(vram_update.s.obj):(.init.280)
    c08e     c08e        0     1                 vram_update_init
    c099     c099        8     1         C:/llvm-mos/bin/../mos-platform/nes/lib\libneslib.a(neslib.s.obj):(.init.400)
    c099     c099        0     1                 neslib_final_init
    c0a1     c0a1        3     1         C:/llvm-mos/bin/../mos-platform/nes-unrom-512/lib\crt0.o:(.call_main)
    c0a4     c0a4        3     1         C:/llvm-mos/bin/../mos-platform/nes/lib\libcrt0.a(exit-custom.S.obj):(.after_main)
    c0a4     c0a4        0     1                 __after_main
    c0a7     c0a7        0     1         _fini = .
    c0a7     c0a7        1     1         C:/llvm-mos/bin/../mos-platform/nes-unrom-512/lib\crt0.o:(.fini_rts)
    c0a8     c0a8        b     1         C:/llvm-mos/bin/../mos-platform/nes/lib\libneslib.a(neslib.s.obj):(.text.ppu_wait_nmi)
    c0a8     c0a8        0     1                 ppu_wait_nmi
    c0b3     c0b3       2f     1         C:/llvm-mos/bin/../mos-platform/nes/lib\libneslib.a(neslib.s.obj):(.text.scroll)
    c0b3     c0b3        0     1                 scroll
    c0e2     c0e2       10     1         C:/llvm-mos/bin/../mos-platform/nes/lib\libneslib.a(neslib.s.obj):(.text.bank_spr)
    c0e2     c0e2        0     1                 bank_spr
    c0f2     c0f2       11     1         C:/llvm-mos/bin/../mos-platform/nes/lib\libneslib.a(neslib.s.obj):(.text.bank_bg)
    c0f2     c0f2        0     1                 bank_bg
    c103     c103       38     1         C:/llvm-mos/bin/../mos-platform/nes/lib\libneslib.a(neslib.s.obj):(.text.pad_poll)
    c103     c103        0     1                 pad_poll
    c13b     c13b       10     1         C:/llvm-mos/bin/../mos-platform/nes/lib\libneslib.a(oam_update.s.obj):(.text.oam_clear)
    c13b     c13b        0     1                 oam_clear
    c14b     c14b       18     1         C:/llvm-mos/bin/../mos-platform/nes/lib\libneslib.a(pal_update.s.obj):(.text.pal_all)
    c14b     c14b        0     1                 pal_all
    c163     c163        7     1         C:/llvm-mos/bin/../mos-platform/nes/lib\libneslib.a(pal_update.s.obj):(.text.pal_bg)
    c163     c163        0     1                 pal_bg
    c16a     c16a        6     1         C:/llvm-mos/bin/../mos-platform/nes/lib\libneslib.a(pal_update.s.obj):(.text.pal_spr)
    c16a     c16a        0     1                 pal_spr
    c170     c170        f     1         C:/llvm-mos/bin/../mos-platform/nes/lib\libneslib.a(pal_update.s.obj):(.text.pal_clear)
    c170     c170        0     1                 pal_clear
    c17f     c17f       16     1         C:/llvm-mos/bin/../mos-platform/nes/lib\libneslib.a(pal_update.s.obj):(.text.oam_size)
    c17f     c17f        0     1                 oam_size
    c195     c195       5d     1         C:/llvm-mos/bin/../mos-platform/nes/lib\libneslib.a(vram_update.s.obj):(.text.flush_vram_update)
    c195     c195        0     1                 flush_vram_update
    c19f     c19f        0     1                 flush_vram_update2
    c1f1     c1f1        0     1                 __post_vram_update
    c1f2     c1f2        1     1         C:/llvm-mos/bin/../mos-platform/nes-unrom-512/lib\crt0.o:(.text)
    c1f2     c1f2        0     1                 irq
    c1f3     c1f3       14     1         C:/llvm-mos/bin/../mos-platform/nes-unrom-512/lib\crt0.o:(.text.__early_init)
    c1f3     c1f3       14     1                 __early_init
    c207     c207        6     1         C:/llvm-mos/bin/../mos-platform/nes-unrom-512/lib\crt0.o:(.text.__late_init)
    c207     c207        6     1                 __late_init
    c20d     c20d        3     1         C:/llvm-mos/bin/../mos-platform/common/lib\libcrt.a(call-indir.S.obj):(.text)
    c20d     c20d        0     1                 __call_indir
    c210     c210       13     1         C:/llvm-mos/bin/../mos-platform/nes/lib\libcrt0.a(zero-bss.c.obj):(.text.__zero_bss)
    c210     c210       13     1                 __zero_bss
    c223     c223       13     1         C:/llvm-mos/bin/../mos-platform/nes/lib\libcrt0.a(zero-zp-bss.c.obj):(.text.__zero_zp_bss)
    c223     c223       13     1                 __zero_zp_bss
    c236     c236       17     1         C:/llvm-mos/bin/../mos-platform/nes/lib\libcrt0.a(copy-zp-data.c.obj):(.text.__copy_zp_data)
    c236     c236       17     1                 __copy_zp_data
    c24d     c24d      90a     1         build-nes/celeste-nes-temp.nes.lto.o:(.text.LoadRoomData)
    c24d     c24d      90a     1                 LoadRoomData
    cb57     cb57     1c51     1         build-nes/celeste-nes-temp.nes.lto.o:(.text.main)
    cb57     cb57     1c51     1                 main
    e7a8     e7a8       46     1         build-nes/celeste-nes-temp.nes.lto.o:(.text.load_game_chr)
    e7a8     e7a8       46     1                 load_game_chr
    e7ee     e7ee       fd     1         build-nes/celeste-nes-temp.nes.lto.o:(.text.title_load_frame0)
    e7ee     e7ee       fd     1                 title_load_frame0
    e8eb     e8eb      156     1         build-nes/celeste-nes-temp.nes.lto.o:(.text.port_updatePlayerSprite)
    e8eb     e8eb      156     1                 port_updatePlayerSprite
    ea41     ea41      8f5     1         build-nes/celeste-nes-temp.nes.lto.o:(.text.port_vblank)
    ea41     ea41      8f5     1                 port_vblank
    f336     f336      16e     1         build-nes/celeste-nes-temp.nes.lto.o:(.text.decompress_tilemap)
    f336     f336      16e     1                 decompress_tilemap
    f4a4     f4a4       9e     1         build-nes/celeste-nes-temp.nes.lto.o:(.text.port_restoreCollisionFlags)
    f4a4     f4a4       9e     1                 port_restoreCollisionFlags
    f542     f542       20     1         build-nes/celeste-nes-temp.nes.lto.o:(.text.port_levelAnimAdvance)
    f542     f542       20     1                 port_levelAnimAdvance
    f562     f562        9     1         build-nes/celeste-nes-temp.nes.lto.o:(.text.ppu_off)
    f562     f562        9     1                 ppu_off
    f56b     f56b       17     1         build-nes/celeste-nes-temp.nes.lto.o:(.text.pal_bright)
    f56b     f56b       17     1                 pal_bright
    f582     f582       24     1         build-nes/celeste-nes-temp.nes.lto.o:(.text.set_vram_update)
    f582     f582       24     1                 set_vram_update
    f5a6     f5a6        6     1         build-nes/celeste-nes-temp.nes.lto.o:(.text.exit)
    f5a6     f5a6        6     1                 exit
    f5ac     f5ac       3a     1         build-nes/celeste-nes-temp.nes.lto.o:(.text.memcpy)
    f5ac     f5ac       3a     1                 memcpy
    f5e6     f5e6       28     1         build-nes/celeste-nes-temp.nes.lto.o:(.text.__memset)
    f5e6     f5e6       28     1                 __memset
    f60e     f60e       37     1         build-nes/celeste-nes-temp.nes.lto.o:(.text.__mulhi3)
    f60e     f60e       37     1                 __mulhi3
    f645     f645       64     1         build-nes/celeste-nes-temp.nes.lto.o:(.text.__udivqi3)
    f645     f645       64     1                 __udivqi3
    f6a9     f6a9       ab     1         build-nes/celeste-nes-temp.nes.lto.o:(.text.__umodhi3)
    f6a9     f6a9       ab     1                 __umodhi3
    f754     f754       6f     1         build-nes/celeste-nes-temp.nes.lto.o:(.text.__modhi3)
    f754     f754       6f     1                 __modhi3
    f7c3     f7c3       13     1         build-nes/celeste-nes-temp.nes.lto.o:(.text.__ashlhi3)
    f7c3     f7c3       13     1                 __ashlhi3
    f7d6     f7d6       17     1         build-nes/celeste-nes-temp.nes.lto.o:(.text.__ashlsi3)
    f7d6     f7d6       17     1                 __ashlsi3
    f7ed     f7ed        0     1         __init_array_start = .
    f7ed     f7ed        0     1         __init_array_end = .
    f7ed     f7ed        0     1         __fini_array_start = .
    f7ed     f7ed        0     1         __fini_array_end = .
    f7ed     f7ed        5     1         C:/llvm-mos/bin/../mos-platform/nes-unrom-512/lib\crt0.o:(.nmi_begin)
    f7ed     f7ed        0     1                 __default_nmi
    f7ed     f7ed        0     1                 nmi
    f7f2     f7f2        d     1         build-nes/celeste-nes-temp.nes.lto.o:(.nmi.10)
    f7ff     f7ff       14     1         C:/llvm-mos/bin/../mos-platform/nes/lib\libneslib.a(neslib.s.obj):(.nmi.050)
    f7ff     f7ff        0     1                 neslib_nmi_begin
    f813     f813        5     1         C:/llvm-mos/bin/../mos-platform/nes/lib\libneslib.a(oam_update.s.obj):(.nmi.055)
    f813     f813        0     1                 oam_update_nmi
    f818     f818       f1     1         C:/llvm-mos/bin/../mos-platform/nes/lib\libneslib.a(pal_update.s.obj):(.nmi.060)
    f818     f818        0     1                 pal_update_nmi
    f909     f909        7     1         C:/llvm-mos/bin/../mos-platform/nes/lib\libneslib.a(vram_update.s.obj):(.nmi.065)
    f909     f909        0     1                 vram_update_nmi
    f910     f910       2a     1         C:/llvm-mos/bin/../mos-platform/nes/lib\libneslib.a(neslib.s.obj):(.nmi.075)
    f910     f910        0     1                 neslib_nmi_end
    f927     f927        0     1                 neslib_nmi_skip
    f93a     f93a        6     1         C:/llvm-mos/bin/../mos-platform/nes-unrom-512/lib\crt0.o:(.nmi_end)
    f940     f940      320     1 .rodata
    f940     f940       d2     1         C:/llvm-mos/bin/../mos-platform/nes/lib\libneslib.a(pal_bright.s.obj):(.rodata.bright_table)
    f940     f940        0     1                 __palBrightTableL
    f949     f949        0     1                 __palBrightTableH
    f952     f952        0     1                 palBrightTable0
    f962     f962        0     1                 palBrightTable1
    f972     f972        0     1                 palBrightTable2
    f982     f982        0     1                 palBrightTable3
    f992     f992        0     1                 palBrightTable4
    f9a2     f9a2        0     1                 palBrightTable5
    f9b2     f9b2        0     1                 palBrightTable6
    f9c2     f9c2        0     1                 palBrightTable7
    f9d2     f9d2        0     1                 palBrightTable8
    fa12     fa12        1     1         C:/llvm-mos/bin/../mos-platform/common/lib\libcrt.a(const.S.obj):(.rodata)
    fa12     fa12        0     1                 __set_v
    fa13     fa13       36     1         build-nes/celeste-nes-temp.nes.lto.o:(.rodata.initObject)
    fa49     fa49       42     1         build-nes/celeste-nes-temp.nes.lto.o:(.rodata.processObject)
    fa8b     fa8b       16     1         build-nes/celeste-nes-temp.nes.lto.o:(.rodata.port_buildSpriteIfDirty)
    faa1     faa1       4b     1         build-nes/celeste-nes-temp.nes.lto.o:(.rodata.monumentText)
    faa1     faa1       4b     1                 monumentText
    faec     faec       28     1         build-nes/celeste-nes-temp.nes.lto.o:(.rodata.flyingBerryUpdate.y_positions)
    faec     faec       28     1                 flyingBerryUpdate.y_positions
    fb14     fb14       79     1         build-nes/celeste-nes-temp.nes.lto.o:(.rodata.object_sprite_lookup_table)
    fb14     fb14       79     1                 object_sprite_lookup_table
    fb8d     fb8d       c3     1         build-nes/celeste-nes-temp.nes.lto.o:(.rodata.object_sprite_dict_compact)
    fb8d     fb8d       c3     1                 object_sprite_dict_compact
    fc50     fc50       10     1         <internal>:(.rodata.cst16)
     200      200      120   256 .aligned
     200      200      100   256         build-nes/celeste-nes-temp.nes.lto.o:(.aligned.oam_buf)
     200      200      100     1                 OAM_BUF
     300      300       20    32         build-nes/celeste-nes-temp.nes.lto.o:(.aligned.pal_buf)
     300      300       20     1                 PAL_BUF
     320      320        0     1 .data
     320      320        0     1         __data_start = .
     320      320        0     1         __data_end = .
     320      320        0     1 __data_load_start = LOADADDR(.data)
     320      320        0     1 __data_size = SIZEOF(.data)
      20     fc60       22     1 .zp.data
      20     fc60        0     1         __zp_data_start = .
      20     fc60       22     1         build-nes/celeste-nes-temp.nes.lto.o:(.zp.data)
      20     fc60        1     1                 global_randSeed
      21     fc61        1     1                 s_oamCursor
      22     fc62        2     1                 pad_poll_fn
      24     fc64       1e     1                 title_text_fade
      42     fc82        0     1 __zp_data_load_start = LOADADDR(.zp.data)
      42     fc82        0     1 __zp_data_size = SIZEOF(.zp.data)
      42       42       7e     1 .zp.bss
      42       42        0     1         __zp_bss_start = .
      42       42       7e     1         build-nes/celeste-nes-temp.nes.lto.o:(.zp.bss)
      42       42        1     1                 GLOBAL_InputState
      43       43        2     1                 GLOBAL_FrameCount
      45       45        1     1                 GLOBAL_FreezeFrames
      46       46        1     1                 GLOBAL_DoubleDashUnlocked
      47       47        1     1                 monumentUpdate.isTextDisplayed
      48       48        1     1                 monumentUpdate.curLineCharCount
      49       49        1     1                 monumentUpdate.curLineNum
      4a       4a        1     1                 playerUpdate.btnJumpLastFrame
      4b       4b        1     1                 playerUpdate.btnDashLastFrame
      4c       4c        1     1                 playerUpdate.wasOnGround
      4d       4d        1     1                 playerUpdate.dashEffectTime
      4e       4e        1     1                 playerUpdate.jumpBuffer
      4f       4f        1     1                 onVblank.gameFrameToggle
      50       50        1     1                 s_rotateOffset
      51       51        1     1                 s_oamDirection
      52       52        1     1                 s_scrollY
      53       53        4     1                 s_pendingBgTileMask
      57       57       38     1                 GLOBAL_PlayerData
      8f       8f        1     1                 s_frameCounter
      90       90        1     1                 s_levelAnimVariant
      91       91        1     1                 s_levelAnimFrame
      92       92        1     1                 s_levelAnimTimer
      93       93        1     1                 s_laDeltaRemaining
      94       94        2     1                 s_laDeltaAttrPtr
      96       96       20     1                 palette_ram
      b6       b6        1     1                 s_inputState
      b7       b7        1     1                 s_laSelectPrev
      b8       b8        1     1                 s_levelAnimActive
      b9       b9        2     1                 s_laDeltaPtr
      bb       bb        1     1                 s_titleDeltaIdx
      bc       bc        1     1                 s_titleChunkIdx
      bd       bd        1     1                 s_titleTotalChunks
      be       be        1     1                 s_delta_active
      bf       bf        1     1                 _BANK_SHADOW
      c0       c0        0     1 __zp_bss_size = SIZEOF(.zp.bss)
      c0       c0       3e     1 .zp
      c0       c0        1     1         build-nes/celeste-nes-temp.nes.lto.o:(.zp.ppu_mask_var)
      c0       c0        1     1                 PPUMASK_VAR
      c1       c1        2     1         build-nes/celeste-nes-temp.nes.lto.o:(.zp.pad_statet)
      c1       c1        2     1                 PAD_STATET
      c3       c3        2     1         build-nes/celeste-nes-temp.nes.lto.o:(.zp.pad_state)
      c3       c3        2     1                 PAD_STATE
      c5       c5        1     1         build-nes/celeste-nes-temp.nes.lto.o:(.zp.frame_cnt1)
      c5       c5        1     1                 FRAME_CNT1
      c6       c6        1     1         build-nes/celeste-nes-temp.nes.lto.o:(.zp.frame_cnt2)
      c6       c6        1     1                 FRAME_CNT2
      c7       c7        1     1         build-nes/celeste-nes-temp.nes.lto.o:(.zp.vram_update)
      c7       c7        1     1                 VRAM_UPDATE
      c8       c8        1     1         build-nes/celeste-nes-temp.nes.lto.o:(.zp.scroll_x)
      c8       c8        1     1                 SCROLL_X
      c9       c9        1     1         build-nes/celeste-nes-temp.nes.lto.o:(.zp.scroll_y)
      c9       c9        1     1                 SCROLL_Y
      ca       ca        2     1         build-nes/celeste-nes-temp.nes.lto.o:(.zp.pad_statep)
      ca       ca        2     1                 PAD_STATEP
      cc       cc        1     1         build-nes/celeste-nes-temp.nes.lto.o:(.zp.ppu_ctrl_var)
      cc       cc        1     1                 PPUCTRL_VAR
      cd       cd        1     1         build-nes/celeste-nes-temp.nes.lto.o:(.zp.ntsc_mode)
      cd       cd        1     1                 NTSC_MODE
      ce       ce        2     1         build-nes/celeste-nes-temp.nes.lto.o:(.zp.sprid)
      ce       ce        2     1                 SPRID
      d0       d0        2     1         build-nes/celeste-nes-temp.nes.lto.o:(.zp.pal_spr_ptr)
      d0       d0        2     1                 PAL_SPR_PTR
      d2       d2        1     1         build-nes/celeste-nes-temp.nes.lto.o:(.zp.pal_update)
      d2       d2        1     1                 PAL_UPDATE
      d3       d3        2     1         build-nes/celeste-nes-temp.nes.lto.o:(.zp.pal_bg_ptr)
      d3       d3        2     1                 PAL_BG_PTR
      d5       d5        2     1         build-nes/celeste-nes-temp.nes.lto.o:(.zp.name_upd_adr)
      d5       d5        2     1                 NAME_UPD_ADR
      d7       d7        1     1         build-nes/celeste-nes-temp.nes.lto.o:(.zp.name_upd_enable)
      d7       d7        1     1                 NAME_UPD_ENABLE
      d8       d8       26     1         build-nes/celeste-nes-temp.nes.lto.o:(.zp.noinit)
     320      320      3d7     1 .bss
     320      320        0     1         __bss_start = .
     320      320      17b     1         build-nes/celeste-nes-temp.nes.lto.o:(.bss.GLOBAL_ActiveLevel)
     320      320      17b     1                 GLOBAL_ActiveLevel
     49b      49b      1ed     1         build-nes/celeste-nes-temp.nes.lto.o:(.bss.GLOBAL_OBJList)
     49b      49b      1ed     1                 GLOBAL_OBJList
     688      688       12     1         build-nes/celeste-nes-temp.nes.lto.o:(.bss.prepare_bg_tiles_nametable.big_chest_open_tiles)
     688      688       12     1                 prepare_bg_tiles_nametable.big_chest_open_tiles
     69a      69a       5c     1         build-nes/celeste-nes-temp.nes.lto.o:(.bss.s_laVramBuf)
     69a      69a       5c     1                 s_laVramBuf
     6f6      6f6        1     1         build-nes/celeste-nes-temp.nes.lto.o:(.bss._CHR_BANK_NMI_NEXT)
     6f6      6f6        1     1                 _CHR_BANK_NMI_NEXT
     6f7      6f7        0     1         __bss_end = .
     6f7      6f7        0     1 __bss_size = SIZEOF(.bss)
     6f7      6f7        0     1 .noinit
     6f7      6f7        0     1         __heap_start = ALIGN(., 2)
     6f7      6f7        0     1 
     6f7      6f7        0     1 
     6f7      6f7        0     1 
     6f7      6f7        0     1 
     6f7      6f7        0     1 
     6f7      6f7        0     1 
     6f7      6f7        0     1 __rom_poke_table_size = (__battery == 1) ? 0 : ((__prg_rom_size > 256 && (__chr_rom_size + __chr_ram_size + __chr_nvram_size) > 16 && (__mirroring == 0 && __four_screen == 1)) ? 256 : ((__prg_rom_size > 128 && (__chr_rom_size + __chr_ram_size + __chr_nvram_size) > 16 && (__mirroring == 0 && __four_screen == 1)) ? 240 : ((__prg_rom_size > 64 && (__chr_rom_size + __chr_ram_size + __chr_nvram_size) > 16 && (__mirroring == 0 && __four_screen == 1)) ? 232 : ((__prg_rom_size > 32 && (__chr_rom_size + __chr_ram_size + __chr_nvram_size) > 16 && (__mirroring == 0 && __four_screen == 1)) ? 228 : ((__prg_rom_size > 16 && (__chr_rom_size + __chr_ram_size + __chr_nvram_size) > 16 && (__mirroring == 0 && __four_screen == 1)) ? 226 : (((__chr_rom_size + __chr_ram_size + __chr_nvram_size) > 16 && (__mirroring == 0 && __four_screen == 1)) ? 225 : ((__prg_rom_size > 256 && (__chr_rom_size + __chr_ram_size + __chr_nvram_size) > 8 && (__mirroring == 0 && __four_screen == 1)) ? 192 : ((__prg_rom_size > 128 && (__chr_rom_size + __chr_ram_size + __chr_nvram_size) > 8 && (__mirroring == 0 && __four_screen == 1)) ? 176 : ((__prg_rom_size > 64 && (__chr_rom_size + __chr_ram_size + __chr_nvram_size) > 8 && (__mirroring == 0 && __four_screen == 1)) ? 168 : ((__prg_rom_size > 32 && (__chr_rom_size + __chr_ram_size + __chr_nvram_size) > 8 && (__mirroring == 0 && __four_screen == 1)) ? 164 : ((__prg_rom_size > 16 && (__chr_rom_size + __chr_ram_size + __chr_nvram_size) > 8 && (__mirroring == 0 && __four_screen == 1)) ? 162 : (((__chr_rom_size + __chr_ram_size + __chr_nvram_size) > 8 && (__mirroring == 0 && __four_screen == 1)) ? 161 : ((__prg_rom_size > 256 && (__mirroring == 0 && __four_screen == 1)) ? 160 : ((__prg_rom_size > 128 && (__mirroring == 0 && __four_screen == 1)) ? 144 : ((__prg_rom_size > 64 && (__mirroring == 0 && __four_screen == 1)) ? 136 : ((__prg_rom_size > 32 && (__mirroring == 0 && __four_screen == 1)) ? 132 : ((__prg_rom_size > 16 && (__mirroring == 0 && __four_screen == 1)) ? 130 : (((__mirroring == 0 && __four_screen == 1)) ? 129 : ((__prg_rom_size > 256 && (__chr_rom_size + __chr_ram_size + __chr_nvram_size) > 16) ? 128 : ((__prg_rom_size > 128 && (__chr_rom_size + __chr_ram_size + __chr_nvram_size) > 16) ? 112 : ((__prg_rom_size > 64 && (__chr_rom_size + __chr_ram_size + __chr_nvram_size) > 16) ? 104 : ((__prg_rom_size > 32 && (__chr_rom_size + __chr_ram_size + __chr_nvram_size) > 16) ? 100 : ((__prg_rom_size > 16 && (__chr_rom_size + __chr_ram_size + __chr_nvram_size) > 16) ? 98 : (((__chr_rom_size + __chr_ram_size + __chr_nvram_size) > 16) ? 97 : ((__prg_rom_size > 256 && (__chr_rom_size + __chr_ram_size + __chr_nvram_size) > 8) ? 64 : ((__prg_rom_size > 128 && (__chr_rom_size + __chr_ram_size + __chr_nvram_size) > 8) ? 48 : ((__prg_rom_size > 64 && (__chr_rom_size + __chr_ram_size + __chr_nvram_size) > 8) ? 40 : ((__prg_rom_size > 32 && (__chr_rom_size + __chr_ram_size + __chr_nvram_size) > 8) ? 36 : ((__prg_rom_size > 16 && (__chr_rom_size + __chr_ram_size + __chr_nvram_size) > 8) ? 34 : (((__chr_rom_size + __chr_ram_size + __chr_nvram_size) > 8) ? 33 : ((__prg_rom_size > 256) ? 32 : ((__prg_rom_size > 128) ? 16 : ((__prg_rom_size > 64) ? 8 : ((__prg_rom_size > 32) ? 4 : ((__prg_rom_size > 16) ? 2 : (0))))))))))))))))))))))))))))))))))))
     6f7      6f7        0     1 __prg_rom_0_lma = 0x008000
     6f7      6f7        0     1 __prg_rom_1_lma = 0x018000
     6f7      6f7        0     1 __prg_rom_2_lma = 0x028000
     6f7      6f7        0     1 __prg_rom_3_lma = 0x038000
     6f7      6f7        0     1 __prg_rom_4_lma = 0x048000
     6f7      6f7        0     1 __prg_rom_5_lma = 0x058000
     6f7      6f7        0     1 __prg_rom_6_lma = 0x068000
     6f7      6f7        0     1 __prg_rom_7_lma = 0x078000
     6f7      6f7        0     1 __prg_rom_8_lma = 0x088000
     6f7      6f7        0     1 __prg_rom_9_lma = 0x098000
     6f7      6f7        0     1 __prg_rom_10_lma = 0x0a8000
     6f7      6f7        0     1 __prg_rom_11_lma = 0x0b8000
     6f7      6f7        0     1 __prg_rom_12_lma = 0x0c8000
     6f7      6f7        0     1 __prg_rom_13_lma = 0x0d8000
     6f7      6f7        0     1 __prg_rom_14_lma = 0x0e8000
     6f7      6f7        0     1 __prg_rom_15_lma = 0x0f8000
     6f7      6f7        0     1 __prg_rom_16_lma = 0x108000
     6f7      6f7        0     1 __prg_rom_17_lma = 0x118000
     6f7      6f7        0     1 __prg_rom_18_lma = 0x128000
     6f7      6f7        0     1 __prg_rom_19_lma = 0x138000
     6f7      6f7        0     1 __prg_rom_20_lma = 0x148000
     6f7      6f7        0     1 __prg_rom_21_lma = 0x158000
     6f7      6f7        0     1 __prg_rom_22_lma = 0x168000
     6f7      6f7        0     1 __prg_rom_23_lma = 0x178000
     6f7      6f7        0     1 __prg_rom_24_lma = 0x188000
     6f7      6f7        0     1 __prg_rom_25_lma = 0x198000
     6f7      6f7        0     1 __prg_rom_26_lma = 0x1a8000
     6f7      6f7        0     1 __prg_rom_27_lma = 0x1b8000
     6f7      6f7        0     1 __prg_rom_28_lma = 0x1c8000
     6f7      6f7        0     1 __prg_rom_29_lma = 0x1d8000
     6f7      6f7        0     1 __prg_rom_30_lma = 0x1e8000
     6f7      6f7        0     1 __prg_rom_fixed_lma = 0xc000
     6f7      6f7        0     1 __prg_rom_0_offset = 0x000000
     6f7      6f7        0     1 __prg_rom_1_offset = 0x004000
     6f7      6f7        0     1 __prg_rom_2_offset = 0x008000
     6f7      6f7        0     1 __prg_rom_3_offset = 0x00c000
     6f7      6f7        0     1 __prg_rom_4_offset = 0x010000
     6f7      6f7        0     1 __prg_rom_5_offset = 0x014000
     6f7      6f7        0     1 __prg_rom_6_offset = 0x018000
     6f7      6f7        0     1 __prg_rom_7_offset = 0x01c000
     6f7      6f7        0     1 __prg_rom_8_offset = 0x020000
     6f7      6f7        0     1 __prg_rom_9_offset = 0x024000
     6f7      6f7        0     1 __prg_rom_10_offset = 0x028000
     6f7      6f7        0     1 __prg_rom_11_offset = 0x02c000
     6f7      6f7        0     1 __prg_rom_12_offset = 0x030000
     6f7      6f7        0     1 __prg_rom_13_offset = 0x034000
     6f7      6f7        0     1 __prg_rom_14_offset = 0x038000
     6f7      6f7        0     1 __prg_rom_15_offset = 0x03c000
     6f7      6f7        0     1 __prg_rom_16_offset = 0x040000
     6f7      6f7        0     1 __prg_rom_17_offset = 0x044000
     6f7      6f7        0     1 __prg_rom_18_offset = 0x048000
     6f7      6f7        0     1 __prg_rom_19_offset = 0x04c000
     6f7      6f7        0     1 __prg_rom_20_offset = 0x050000
     6f7      6f7        0     1 __prg_rom_21_offset = 0x054000
     6f7      6f7        0     1 __prg_rom_22_offset = 0x058000
     6f7      6f7        0     1 __prg_rom_23_offset = 0x05c000
     6f7      6f7        0     1 __prg_rom_24_offset = 0x060000
     6f7      6f7        0     1 __prg_rom_25_offset = 0x064000
     6f7      6f7        0     1 __prg_rom_26_offset = 0x068000
     6f7      6f7        0     1 __prg_rom_27_offset = 0x06c000
     6f7      6f7        0     1 __prg_rom_28_offset = 0x070000
     6f7      6f7        0     1 __prg_rom_29_offset = 0x074000
     6f7      6f7        0     1 __prg_rom_30_offset = 0x078000
     6f7      6f7        0     1 __prg_rom_fixed_offset = __prg_rom_size * 1024 - 0x4000
   18000    18000     18eb     1 .prg_rom_1
   18000    18000     18eb     1         build-nes/celeste-nes-temp.nes.lto.o:(.prg_rom_1)
   18000    18000       97     1                 tilemap_level1_compressed
   18097    18097       10     1                 palette_background_level1
   180a7    180a7       10     1                 palette_sprite_level1
   180b7    180b7        3     1                 object_level1
   180ba    180ba       9d     1                 tilemap_level2_compressed
   18157    18157       10     1                 palette_background_level2
   18167    18167       10     1                 palette_sprite_level2
   18177    18177        0     1                 object_level2
   18177    18177       91     1                 tilemap_level3_compressed
   18208    18208       10     1                 palette_background_level3
   18218    18218       10     1                 palette_sprite_level3
   18228    18228        9     1                 object_level3
   18231    18231       8b     1                 tilemap_level4_compressed
   182bc    182bc       10     1                 palette_background_level4
   182cc    182cc       10     1                 palette_sprite_level4
   182dc    182dc       27     1                 object_level4
   18303    18303       9d     1                 tilemap_level5_compressed
   183a0    183a0       10     1                 palette_background_level5
   183b0    183b0       10     1                 palette_sprite_level5
   183c0    183c0        6     1                 object_level5
   183c6    183c6       8b     1                 tilemap_level6_compressed
   18451    18451       10     1                 palette_background_level6
   18461    18461       10     1                 palette_sprite_level6
   18471    18471        3     1                 object_level6
   18474    18474       89     1                 tilemap_level7_compressed
   184fd    184fd       10     1                 palette_background_level7
   1850d    1850d       10     1                 palette_sprite_level7
   1851d    1851d       21     1                 object_level7
   1853e    1853e       8c     1                 tilemap_level8_compressed
   185ca    185ca       10     1                 palette_background_level8
   185da    185da       10     1                 palette_sprite_level8
   185ea    185ea       18     1                 object_level8
   18602    18602       90     1                 tilemap_level9_compressed
   18692    18692       10     1                 palette_background_level9
   186a2    186a2       10     1                 palette_sprite_level9
   186b2    186b2        f     1                 object_level9
   186c1    186c1       93     1                 tilemap_level10_compressed
   18754    18754       10     1                 palette_background_level10
   18764    18764       10     1                 palette_sprite_level10
   18774    18774        c     1                 object_level10
   18780    18780       8f     1                 tilemap_level11_compressed
   1880f    1880f       10     1                 palette_background_level11
   1881f    1881f       10     1                 palette_sprite_level11
   1882f    1882f       12     1                 object_level11
   18841    18841       a1     1                 tilemap_level12_compressed
   188e2    188e2       10     1                 palette_background_level12
   188f2    188f2       10     1                 palette_sprite_level12
   18902    18902        f     1                 object_level12
   18911    18911       91     1                 tilemap_level13_compressed
   189a2    189a2       10     1                 palette_background_level13
   189b2    189b2       10     1                 palette_sprite_level13
   189c2    189c2        f     1                 object_level13
   189d1    189d1       94     1                 tilemap_level14_compressed
   18a65    18a65       10     1                 palette_background_level14
   18a75    18a75       10     1                 palette_sprite_level14
   18a85    18a85        c     1                 object_level14
   18a91    18a91       8d     1                 tilemap_level15_compressed
   18b1e    18b1e       10     1                 palette_background_level15
   18b2e    18b2e       10     1                 palette_sprite_level15
   18b3e    18b3e       1e     1                 object_level15
   18b5c    18b5c       96     1                 tilemap_level16_compressed
   18bf2    18bf2       10     1                 palette_background_level16
   18c02    18c02       10     1                 palette_sprite_level16
   18c12    18c12       15     1                 object_level16
   18c27    18c27       93     1                 tilemap_level17_compressed
   18cba    18cba       10     1                 palette_background_level17
   18cca    18cca       10     1                 palette_sprite_level17
   18cda    18cda        9     1                 object_level17
   18ce3    18ce3       8d     1                 tilemap_level18_compressed
   18d70    18d70       10     1                 palette_background_level18
   18d80    18d80       10     1                 palette_sprite_level18
   18d90    18d90       12     1                 object_level18
   18da2    18da2       cf     1                 tilemap_level19_compressed
   18e71    18e71       10     1                 palette_background_level19
   18e81    18e81       10     1                 palette_sprite_level19
   18e91    18e91        6     1                 object_level19
   18e97    18e97       89     1                 tilemap_level20_compressed
   18f20    18f20       10     1                 palette_background_level20
   18f30    18f30       10     1                 palette_sprite_level20
   18f40    18f40        f     1                 object_level20
   18f4f    18f4f       8d     1                 tilemap_level21_compressed
   18fdc    18fdc       10     1                 palette_background_level21
   18fec    18fec       10     1                 palette_sprite_level21
   18ffc    18ffc       15     1                 object_level21
   19011    19011       9f     1                 tilemap_level22_compressed
   190b0    190b0       10     1                 palette_background_level22
   190c0    190c0       10     1                 palette_sprite_level22
   190d0    190d0        6     1                 object_level22
   190d6    190d6       89     1                 tilemap_level23_compressed
   1915f    1915f       10     1                 palette_background_level23
   1916f    1916f       10     1                 palette_sprite_level23
   1917f    1917f        3     1                 object_level23
   19182    19182       8f     1                 tilemap_level24_compressed
   19211    19211       10     1                 palette_background_level24
   19221    19221       10     1                 palette_sprite_level24
   19231    19231        0     1                 object_level24
   19231    19231       9b     1                 tilemap_level25_compressed
   192cc    192cc       10     1                 palette_background_level25
   192dc    192dc       10     1                 palette_sprite_level25
   192ec    192ec       15     1                 object_level25
   19301    19301       94     1                 tilemap_level26_compressed
   19395    19395       10     1                 palette_background_level26
   193a5    193a5       10     1                 palette_sprite_level26
   193b5    193b5        6     1                 object_level26
   193bb    193bb       90     1                 tilemap_level27_compressed
   1944b    1944b       10     1                 palette_background_level27
   1945b    1945b       10     1                 palette_sprite_level27
   1946b    1946b        6     1                 object_level27
   19471    19471       91     1                 tilemap_level28_compressed
   19502    19502       10     1                 palette_background_level28
   19512    19512       10     1                 palette_sprite_level28
   19522    19522       12     1                 object_level28
   19534    19534       9a     1                 tilemap_level29_compressed
   195ce    195ce       10     1                 palette_background_level29
   195de    195de       10     1                 palette_sprite_level29
   195ee    195ee        f     1                 object_level29
   195fd    195fd       93     1                 tilemap_level30_compressed
   19690    19690       10     1                 palette_background_level30
   196a0    196a0       10     1                 palette_sprite_level30
   196b0    196b0       12     1                 object_level30
   196c2    196c2       92     1                 tilemap_level31_compressed
   19754    19754       10     1                 palette_background_level31
   19764    19764       10     1                 palette_sprite_level31
   19774    19774        3     1                 object_level31
   19777    19777      174     1                 level_data
   28000    28000     1cb8     1 .prg_rom_2
   28000    28000     1cb8     1         build-nes/celeste-nes-temp.nes.lto.o:(.prg_rom_2)
   28000    28000       3c     1                 title_delta_offsets_a
   2803c    2803c      1db     1                 title_nt_rle_a
   28217    28217       40     1                 title_attr0_a
   28257    28257     1a61     1                 title_delta_a
   38000    38000     3c69     1 .prg_rom_3
   38000    38000     3c69     1         build-nes/celeste-nes-temp.nes.lto.o:(.prg_rom_3)
   38000    38000       3c     1                 title_delta_offsets_b
   3803c    3803c      18f     1                 title_nt_rle_b
   381cb    381cb       40     1                 title_attr0_b
   3820b    3820b     1a5e     1                 title_delta_b
   39c69    39c69     2000     1                 title_chr_data
   48000    48000     3838     1 .prg_rom_4
   48000    48000      4ea     1         build-nes/celeste-nes-temp.nes.lto.o:(.prg_rom_4.text)
   48000    48000       86     1                 la_init_bank4
   48086    48086       78     1                 la_load_frame0
   480fe    480fe       a3     1                 la_decode_rle
   481a1    481a1       13     1                 la_write_attrs
   481b4    481b4      112     1                 la_advance_bank4
   482c6    482c6       f2     1                 la_apply_delta_full
   483b8    483b8       e2     1                 la_build_next_vram_chunk
   4849a    4849a       50     1                 la_prepare_delta
   484ea    484ea     333e     1         build-nes/celeste-nes-temp.nes.lto.o:(.prg_rom_4)
   484ea    484ea      a70     1                 level4_anim_chr_tiles
   48f5a    48f5a       18     1                 level4_anim_delta_offsets_a
   48f72    48f72       18     1                 level4_anim_delta_offsets_b
   48f8a    48f8a      49d     1                 level4_anim_nt0_rle_a
   49427    49427       40     1                 level4_anim_attr0_nt0_a
   49467    49467       27     1                 level4_anim_nt2_rle_a
   4948e    4948e      2f7     1                 level4_anim_nt0_rle_b
   49785    49785       40     1                 level4_anim_attr0_nt0_b
   497c5    497c5       27     1                 level4_anim_nt2_rle_b
   497ec    497ec       40     1                 level4_anim_attr0_nt2_a
   4982c    4982c       40     1                 level4_anim_attr0_nt2_b
   4986c    4986c      fde     1                 level4_anim_delta_a
   4a84a    4a84a      fde     1                 level4_anim_delta_b
   4b828    4b828       10     1         <internal>:(.prg_rom_4)
   58000    58000     2368     1 .prg_rom_5
   58000    58000     2368     1         build-nes/celeste-nes-temp.nes.lto.o:(.prg_rom_5)
   58000    58000      240     1                 gid_to_tile_shared
   58240    58240       60     1                 gid_to_collision
   582a0    582a0       12     1                 gid_to_tile_collapse
   582b2    582b2       12     1                 gid_to_tile_breakable_wall
   582c4    582c4       12     1                 gid_to_tile_monument
   582d6    582d6       12     1                 gid_to_tile_big_chest
   582e8    582e8       80     1                 compression_dict_shared
   58368    58368     2000     1                 game_chr_data
   68000    68000     3594     1 .prg_rom_6
   68000    68000     3219     1         build-nes/celeste-nes-temp.nes.lto.o:(.prg_rom_6)
   68000    68000      8ca     1                 initObject
   688ca    688ca     1cce     1                 processObject
   6a598    6a598      1a0     1                 playerInit
   6a738    6a738      253     1                 OBJ_isSolidAt
   6a98b    6a98b      127     1                 port_buildBalloon
   6aab2    6aab2      1ce     1                 render_16x16_sprite
   6ac80    6ac80       4f     1                 port_buildChest
   6accf    6accf       7c     1                 render_object_sprite
   6ad4b    6ad4b       47     1                 port_buildKey
   6ad92    6ad92       68     1                 port_buildStrawberry
   6adfa    6adfa       91     1                 port_buildPlatMov
   6ae8b    6ae8b       b4     1                 render_16x8_sprite
   6af3f    6af3f      16f     1                 port_buildFlyingBerry
   6b0ae    6b0ae       47     1                 port_buildDoubleDashOrb
   6b0f5    6b0f5      124     1                 port_buildSpriteIfDirty
   6b219    6b219      37b     1         build-nes/celeste-nes-temp.nes.lto.o:(.prg_rom_6.rodata)
   6b219    6b219       4b     1                 balloonStringFrames
   6b264    6b264      200     1                 rand_table
   6b464    6b464      130     1                 balloon_ytable
   78000    78000      827     1 .prg_rom_7
   78000    78000      5ca     1         build-nes/famistudio_engine.o:(.prg_rom_7)
   78000    78000        0     1                 famistudio_engine_start
   78000    78000        0     1                 famistudio_init
   78058    78058        0     1                 famistudio_music_stop
   780b0    780b0        0     1                 famistudio_music_play
   7811d    7811d        0     1                 famistudio_music_pause
   7815b    7815b        0     1                 famistudio_update
   785ca    785ca      25d     1         build-nes/music_data.o:(.prg_rom_7)
   785ca    785ca        0     1                 music_data_untitled
   a8000    a8000     36f8     1 .prg_rom_10
   a8000    a8000     3644     1         build-nes/celeste-nes-temp.nes.lto.o:(.prg_rom_10.text)
   a8000    a8000      26f     1                 tf_a_d0_c0
   a826f    a826f      244     1                 tf_a_d1_c0
   a84b3    a84b3      24e     1                 tf_a_d2_c0
   a8701    a8701      1f8     1                 tf_a_d3_c0
   a88f9    a88f9      240     1                 tf_a_d4_c0
   a8b39    a8b39      1fa     1                 tf_a_d5_c0
   a8d33    a8d33      183     1                 tf_a_d6_c0
   a8eb6    a8eb6      188     1                 tf_a_d7_c0
   a903e    a903e      15d     1                 tf_a_d8_c0
   a919b    a919b      143     1                 tf_a_d9_c0
   a92de    a92de      131     1                 tf_a_d10_c0
   a940f    a940f       f4     1                 tf_a_d11_c0
   a9503    a9503       d8     1                 tf_a_d12_c0
   a95db    a95db      139     1                 tf_a_d13_c0
   a9714    a9714      131     1                 tf_a_d14_c0
   a9845    a9845      12e     1                 tf_a_d15_c0
   a9973    a9973      17a     1                 tf_a_d16_c0
   a9aed    a9aed      188     1                 tf_a_d17_c0
   a9c75    a9c75      1c7     1                 tf_a_d18_c0
   a9e3c    a9e3c      1eb     1                 tf_a_d19_c0
   aa027    aa027      1c8     1                 tf_a_d20_c0
   aa1ef    aa1ef      189     1                 tf_a_d21_c0
   aa378    aa378      15b     1                 tf_a_d22_c0
   aa4d3    aa4d3      12a     1                 tf_a_d23_c0
   aa5fd    aa5fd      117     1                 tf_a_d24_c0
   aa714    aa714      11d     1                 tf_a_d25_c0
   aa831    aa831      12f     1                 tf_a_d26_c0
   aa960    aa960      151     1                 tf_a_d27_c0
   aaab1    aaab1      187     1                 tf_a_d28_c0
   aac38    aac38      20f     1                 tf_a_d29_c0
   aae47    aae47       5e     1                 ta_a_d0
   aaea5    aaea5       66     1                 ta_a_d1
   aaf0b    aaf0b       56     1                 ta_a_d2
   aaf61    aaf61       53     1                 ta_a_d3
   aafb4    aafb4       61     1                 ta_a_d4
   ab015    ab015       5c     1                 ta_a_d5
   ab071    ab071       48     1                 ta_a_d6
   ab0b9    ab0b9       40     1                 ta_a_d7
   ab0f9    ab0f9       45     1                 ta_a_d8
   ab13e    ab13e       2a     1                 ta_a_d9
   ab168    ab168       29     1                 ta_a_d10
   ab191    ab191       2a     1                 ta_a_d11
   ab1bb    ab1bb       1d     1                 ta_a_d12
   ab1d8    ab1d8       47     1                 ta_a_d13
   ab21f    ab21f       39     1                 ta_a_d14
   ab258    ab258       39     1                 ta_a_d15
   ab291    ab291       3d     1                 ta_a_d16
   ab2ce    ab2ce       51     1                 ta_a_d17
   ab31f    ab31f       62     1                 ta_a_d18
   ab381    ab381       5a     1                 ta_a_d19
   ab3db    ab3db       4a     1                 ta_a_d20
   ab425    ab425       47     1                 ta_a_d21
   ab46c    ab46c       3f     1                 ta_a_d22
   ab4ab    ab4ab       3c     1                 ta_a_d23
   ab4e7    ab4e7       2f     1                 ta_a_d24
   ab516    ab516       3c     1                 ta_a_d25
   ab552    ab552       2d     1                 ta_a_d26
   ab57f    ab57f       3a     1                 ta_a_d27
   ab5b9    ab5b9       3c     1                 ta_a_d28
   ab5f5    ab5f5       4f     1                 ta_a_d29
   ab644    ab644       b4     1         build-nes/celeste-nes-temp.nes.lto.o:(.prg_rom_10)
   ab644    ab644       3c     1                 title_flush_table_a
   ab680    ab680       3c     1                 title_flush_offsets_a
   ab6bc    ab6bc       3c     1                 title_attr_table_a
   b8000    b8000     36e5     1 .prg_rom_11
   b8000    b8000     3631     1         build-nes/celeste-nes-temp.nes.lto.o:(.prg_rom_11.text)
   b8000    b8000      270     1                 tf_b_d0_c0
   b8270    b8270      247     1                 tf_b_d1_c0
   b84b7    b84b7      24d     1                 tf_b_d2_c0
   b8704    b8704      1fa     1                 tf_b_d3_c0
   b88fe    b88fe      230     1                 tf_b_d4_c0
   b8b2e    b8b2e      1f6     1                 tf_b_d5_c0
   b8d24    b8d24      180     1                 tf_b_d6_c0
   b8ea4    b8ea4      185     1                 tf_b_d7_c0
   b9029    b9029      163     1                 tf_b_d8_c0
   b918c    b918c      141     1                 tf_b_d9_c0
   b92cd    b92cd      137     1                 tf_b_d10_c0
   b9404    b9404       f8     1                 tf_b_d11_c0
   b94fc    b94fc       e6     1                 tf_b_d12_c0
   b95e2    b95e2      131     1                 tf_b_d13_c0
   b9713    b9713      135     1                 tf_b_d14_c0
   b9848    b9848      12f     1                 tf_b_d15_c0
   b9977    b9977      178     1                 tf_b_d16_c0
   b9aef    b9aef      180     1                 tf_b_d17_c0
   b9c6f    b9c6f      1ba     1                 tf_b_d18_c0
   b9e29    b9e29      1de     1                 tf_b_d19_c0
   ba007    ba007      1c4     1                 tf_b_d20_c0
   ba1cb    ba1cb      18e     1                 tf_b_d21_c0
   ba359    ba359      155     1                 tf_b_d22_c0
   ba4ae    ba4ae      12e     1                 tf_b_d23_c0
   ba5dc    ba5dc      111     1                 tf_b_d24_c0
   ba6ed    ba6ed      11d     1                 tf_b_d25_c0
   ba80a    ba80a      12d     1                 tf_b_d26_c0
   ba937    ba937      156     1                 tf_b_d27_c0
   baa8d    baa8d      192     1                 tf_b_d28_c0
   bac1f    bac1f      215     1                 tf_b_d29_c0
   bae34    bae34       5e     1                 ta_b_d0
   bae92    bae92       66     1                 ta_b_d1
   baef8    baef8       56     1                 ta_b_d2
   baf4e    baf4e       53     1                 ta_b_d3
   bafa1    bafa1       61     1                 ta_b_d4
   bb002    bb002       5c     1                 ta_b_d5
   bb05e    bb05e       48     1                 ta_b_d6
   bb0a6    bb0a6       40     1                 ta_b_d7
   bb0e6    bb0e6       45     1                 ta_b_d8
   bb12b    bb12b       2a     1                 ta_b_d9
   bb155    bb155       29     1                 ta_b_d10
   bb17e    bb17e       2a     1                 ta_b_d11
   bb1a8    bb1a8       1d     1                 ta_b_d12
   bb1c5    bb1c5       47     1                 ta_b_d13
   bb20c    bb20c       39     1                 ta_b_d14
   bb245    bb245       39     1                 ta_b_d15
   bb27e    bb27e       3d     1                 ta_b_d16
   bb2bb    bb2bb       51     1                 ta_b_d17
   bb30c    bb30c       62     1                 ta_b_d18
   bb36e    bb36e       5a     1                 ta_b_d19
   bb3c8    bb3c8       4a     1                 ta_b_d20
   bb412    bb412       47     1                 ta_b_d21
   bb459    bb459       3f     1                 ta_b_d22
   bb498    bb498       3c     1                 ta_b_d23
   bb4d4    bb4d4       2f     1                 ta_b_d24
   bb503    bb503       3c     1                 ta_b_d25
   bb53f    bb53f       2d     1                 ta_b_d26
   bb56c    bb56c       3a     1                 ta_b_d27
   bb5a6    bb5a6       3c     1                 ta_b_d28
   bb5e2    bb5e2       4f     1                 ta_b_d29
   bb631    bb631       b4     1         build-nes/celeste-nes-temp.nes.lto.o:(.prg_rom_11)
   bb631    bb631       3c     1                 title_flush_table_b
   bb66d    bb66d       3c     1                 title_flush_offsets_b
   bb6a9    bb6a9       3c     1                 title_attr_table_b
    fc82     fc82        1     1 .rom_poke_table_0
    fc82     fc82        0     1         __rom_poke_table = .
    fc82     fc82        1     1         . = . + (__rom_poke_table_size > 0 ? 1 : 0)
    fc83     fc83        1     1 .rom_poke_table_1
    fc83     fc83        1     1         . = . + (__rom_poke_table_size > 1 ? 1 : 0)
    fc84     fc84        1     1 .rom_poke_table_2
    fc84     fc84        1     1         . = . + (__rom_poke_table_size > 2 ? 1 : 0)
    fc85     fc85        1     1 .rom_poke_table_3
    fc85     fc85        1     1         . = . + (__rom_poke_table_size > 3 ? 1 : 0)
    fc86     fc86        1     1 .rom_poke_table_4
    fc86     fc86        1     1         . = . + (__rom_poke_table_size > 4 ? 1 : 0)
    fc87     fc87        1     1 .rom_poke_table_5
    fc87     fc87        1     1         . = . + (__rom_poke_table_size > 5 ? 1 : 0)
    fc88     fc88        1     1 .rom_poke_table_6
    fc88     fc88        1     1         . = . + (__rom_poke_table_size > 6 ? 1 : 0)
    fc89     fc89        1     1 .rom_poke_table_7
    fc89     fc89        1     1         . = . + (__rom_poke_table_size > 7 ? 1 : 0)
    fc8a     fc8a        1     1 .rom_poke_table_8
    fc8a     fc8a        1     1         . = . + (__rom_poke_table_size > 8 ? 1 : 0)
    fc8b     fc8b        1     1 .rom_poke_table_9
    fc8b     fc8b        1     1         . = . + (__rom_poke_table_size > 9 ? 1 : 0)
    fc8c     fc8c        1     1 .rom_poke_table_10
    fc8c     fc8c        1     1         . = . + (__rom_poke_table_size > 10 ? 1 : 0)
    fc8d     fc8d        1     1 .rom_poke_table_11
    fc8d     fc8d        1     1         . = . + (__rom_poke_table_size > 11 ? 1 : 0)
    fc8e     fc8e        1     1 .rom_poke_table_12
    fc8e     fc8e        1     1         . = . + (__rom_poke_table_size > 12 ? 1 : 0)
    fc8f     fc8f        1     1 .rom_poke_table_13
    fc8f     fc8f        1     1         . = . + (__rom_poke_table_size > 13 ? 1 : 0)
    fc90     fc90        1     1 .rom_poke_table_14
    fc90     fc90        1     1         . = . + (__rom_poke_table_size > 14 ? 1 : 0)
    fc91     fc91        1     1 .rom_poke_table_15
    fc91     fc91        1     1         . = . + (__rom_poke_table_size > 15 ? 1 : 0)
    fc92     fc92        1     1 .rom_poke_table_16
    fc92     fc92        1     1         . = . + (__rom_poke_table_size > 16 ? 1 : 0)
    fc93     fc93        1     1 .rom_poke_table_17
    fc93     fc93        1     1         . = . + (__rom_poke_table_size > 17 ? 1 : 0)
    fc94     fc94        1     1 .rom_poke_table_18
    fc94     fc94        1     1         . = . + (__rom_poke_table_size > 18 ? 1 : 0)
    fc95     fc95        1     1 .rom_poke_table_19
    fc95     fc95        1     1         . = . + (__rom_poke_table_size > 19 ? 1 : 0)
    fc96     fc96        1     1 .rom_poke_table_20
    fc96     fc96        1     1         . = . + (__rom_poke_table_size > 20 ? 1 : 0)
    fc97     fc97        1     1 .rom_poke_table_21
    fc97     fc97        1     1         . = . + (__rom_poke_table_size > 21 ? 1 : 0)
    fc98     fc98        1     1 .rom_poke_table_22
    fc98     fc98        1     1         . = . + (__rom_poke_table_size > 22 ? 1 : 0)
    fc99     fc99        1     1 .rom_poke_table_23
    fc99     fc99        1     1         . = . + (__rom_poke_table_size > 23 ? 1 : 0)
    fc9a     fc9a        1     1 .rom_poke_table_24
    fc9a     fc9a        1     1         . = . + (__rom_poke_table_size > 24 ? 1 : 0)
    fc9b     fc9b        1     1 .rom_poke_table_25
    fc9b     fc9b        1     1         . = . + (__rom_poke_table_size > 25 ? 1 : 0)
    fc9c     fc9c        1     1 .rom_poke_table_26
    fc9c     fc9c        1     1         . = . + (__rom_poke_table_size > 26 ? 1 : 0)
    fc9d     fc9d        1     1 .rom_poke_table_27
    fc9d     fc9d        1     1         . = . + (__rom_poke_table_size > 27 ? 1 : 0)
    fc9e     fc9e        1     1 .rom_poke_table_28
    fc9e     fc9e        1     1         . = . + (__rom_poke_table_size > 28 ? 1 : 0)
    fc9f     fc9f        1     1 .rom_poke_table_29
    fc9f     fc9f        1     1         . = . + (__rom_poke_table_size > 29 ? 1 : 0)
    fca0     fca0        1     1 .rom_poke_table_30
    fca0     fca0        1     1         . = . + (__rom_poke_table_size > 30 ? 1 : 0)
    fca1     fca1        1     1 .rom_poke_table_31
    fca1     fca1        1     1         . = . + (__rom_poke_table_size > 31 ? 1 : 0)
    fca2     fca2        0     1 .rom_poke_table_32
    fca2     fca2        0     1         . = . + (__rom_poke_table_size > 32 ? 1 : 0)
    fca2     fca2        0     1 .rom_poke_table_33
    fca2     fca2        0     1         . = . + (__rom_poke_table_size > 33 ? 1 : 0)
    fca2     fca2        0     1 .rom_poke_table_34
    fca2     fca2        0     1         . = . + (__rom_poke_table_size > 34 ? 1 : 0)
    fca2     fca2        0     1 .rom_poke_table_35
    fca2     fca2        0     1         . = . + (__rom_poke_table_size > 35 ? 1 : 0)
    fca2     fca2        0     1 .rom_poke_table_36
    fca2     fca2        0     1         . = . + (__rom_poke_table_size > 36 ? 1 : 0)
    fca2     fca2        0     1 .rom_poke_table_37
    fca2     fca2        0     1         . = . + (__rom_poke_table_size > 37 ? 1 : 0)
    fca2     fca2        0     1 .rom_poke_table_38
    fca2     fca2        0     1         . = . + (__rom_poke_table_size > 38 ? 1 : 0)
    fca2     fca2        0     1 .rom_poke_table_39
    fca2     fca2        0     1         . = . + (__rom_poke_table_size > 39 ? 1 : 0)
    fca2     fca2        0     1 .rom_poke_table_40
    fca2     fca2        0     1         . = . + (__rom_poke_table_size > 40 ? 1 : 0)
    fca2     fca2        0     1 .rom_poke_table_41
    fca2     fca2        0     1         . = . + (__rom_poke_table_size > 41 ? 1 : 0)
    fca2     fca2        0     1 .rom_poke_table_42
    fca2     fca2        0     1         . = . + (__rom_poke_table_size > 42 ? 1 : 0)
    fca2     fca2        0     1 .rom_poke_table_43
    fca2     fca2        0     1         . = . + (__rom_poke_table_size > 43 ? 1 : 0)
    fca2     fca2        0     1 .rom_poke_table_44
    fca2     fca2        0     1         . = . + (__rom_poke_table_size > 44 ? 1 : 0)
    fca2     fca2        0     1 .rom_poke_table_45
    fca2     fca2        0     1         . = . + (__rom_poke_table_size > 45 ? 1 : 0)
    fca2     fca2        0     1 .rom_poke_table_46
    fca2     fca2        0     1         . = . + (__rom_poke_table_size > 46 ? 1 : 0)
    fca2     fca2        0     1 .rom_poke_table_47
    fca2     fca2        0     1         . = . + (__rom_poke_table_size > 47 ? 1 : 0)
    fca2     fca2        0     1 .rom_poke_table_48
    fca2     fca2        0     1         . = . + (__rom_poke_table_size > 48 ? 1 : 0)
    fca2     fca2        0     1 .rom_poke_table_49
    fca2     fca2        0     1         . = . + (__rom_poke_table_size > 49 ? 1 : 0)
    fca2     fca2        0     1 .rom_poke_table_50
    fca2     fca2        0     1         . = . + (__rom_poke_table_size > 50 ? 1 : 0)
    fca2     fca2        0     1 .rom_poke_table_51
    fca2     fca2        0     1         . = . + (__rom_poke_table_size > 51 ? 1 : 0)
    fca2     fca2        0     1 .rom_poke_table_52
    fca2     fca2        0     1         . = . + (__rom_poke_table_size > 52 ? 1 : 0)
    fca2     fca2        0     1 .rom_poke_table_53
    fca2     fca2        0     1         . = . + (__rom_poke_table_size > 53 ? 1 : 0)
    fca2     fca2        0     1 .rom_poke_table_54
    fca2     fca2        0     1         . = . + (__rom_poke_table_size > 54 ? 1 : 0)
    fca2     fca2        0     1 .rom_poke_table_55
    fca2     fca2        0     1         . = . + (__rom_poke_table_size > 55 ? 1 : 0)
    fca2     fca2        0     1 .rom_poke_table_56
    fca2     fca2        0     1         . = . + (__rom_poke_table_size > 56 ? 1 : 0)
    fca2     fca2        0     1 .rom_poke_table_57
    fca2     fca2        0     1         . = . + (__rom_poke_table_size > 57 ? 1 : 0)
    fca2     fca2        0     1 .rom_poke_table_58
    fca2     fca2        0     1         . = . + (__rom_poke_table_size > 58 ? 1 : 0)
    fca2     fca2        0     1 .rom_poke_table_59
    fca2     fca2        0     1         . = . + (__rom_poke_table_size > 59 ? 1 : 0)
    fca2     fca2        0     1 .rom_poke_table_60
    fca2     fca2        0     1         . = . + (__rom_poke_table_size > 60 ? 1 : 0)
    fca2     fca2        0     1 .rom_poke_table_61
    fca2     fca2        0     1         . = . + (__rom_poke_table_size > 61 ? 1 : 0)
    fca2     fca2        0     1 .rom_poke_table_62
    fca2     fca2        0     1         . = . + (__rom_poke_table_size > 62 ? 1 : 0)
    fca2     fca2        0     1 .rom_poke_table_63
    fca2     fca2        0     1         . = . + (__rom_poke_table_size > 63 ? 1 : 0)
    fca2     fca2        0     1 .rom_poke_table_64
    fca2     fca2        0     1         . = . + (__rom_poke_table_size > 64 ? 1 : 0)
    fca2     fca2        0     1 .rom_poke_table_65
    fca2     fca2        0     1         . = . + (__rom_poke_table_size > 65 ? 1 : 0)
    fca2     fca2        0     1 .rom_poke_table_66
    fca2     fca2        0     1         . = . + (__rom_poke_table_size > 66 ? 1 : 0)
    fca2     fca2        0     1 .rom_poke_table_67
    fca2     fca2        0     1         . = . + (__rom_poke_table_size > 67 ? 1 : 0)
    fca2     fca2        0     1 .rom_poke_table_68
    fca2     fca2        0     1         . = . + (__rom_poke_table_size > 68 ? 1 : 0)
    fca2     fca2        0     1 .rom_poke_table_69
    fca2     fca2        0     1         . = . + (__rom_poke_table_size > 69 ? 1 : 0)
    fca2     fca2        0     1 .rom_poke_table_70
    fca2     fca2        0     1         . = . + (__rom_poke_table_size > 70 ? 1 : 0)
    fca2     fca2        0     1 .rom_poke_table_71
    fca2     fca2        0     1         . = . + (__rom_poke_table_size > 71 ? 1 : 0)
    fca2     fca2        0     1 .rom_poke_table_72
    fca2     fca2        0     1         . = . + (__rom_poke_table_size > 72 ? 1 : 0)
    fca2     fca2        0     1 .rom_poke_table_73
    fca2     fca2        0     1         . = . + (__rom_poke_table_size > 73 ? 1 : 0)
    fca2     fca2        0     1 .rom_poke_table_74
    fca2     fca2        0     1         . = . + (__rom_poke_table_size > 74 ? 1 : 0)
    fca2     fca2        0     1 .rom_poke_table_75
    fca2     fca2        0     1         . = . + (__rom_poke_table_size > 75 ? 1 : 0)
    fca2     fca2        0     1 .rom_poke_table_76
    fca2     fca2        0     1         . = . + (__rom_poke_table_size > 76 ? 1 : 0)
    fca2     fca2        0     1 .rom_poke_table_77
    fca2     fca2        0     1         . = . + (__rom_poke_table_size > 77 ? 1 : 0)
    fca2     fca2        0     1 .rom_poke_table_78
    fca2     fca2        0     1         . = . + (__rom_poke_table_size > 78 ? 1 : 0)
    fca2     fca2        0     1 .rom_poke_table_79
    fca2     fca2        0     1         . = . + (__rom_poke_table_size > 79 ? 1 : 0)
    fca2     fca2        0     1 .rom_poke_table_80
    fca2     fca2        0     1         . = . + (__rom_poke_table_size > 80 ? 1 : 0)
    fca2     fca2        0     1 .rom_poke_table_81
    fca2     fca2        0     1         . = . + (__rom_poke_table_size > 81 ? 1 : 0)
    fca2     fca2        0     1 .rom_poke_table_82
    fca2     fca2        0     1         . = . + (__rom_poke_table_size > 82 ? 1 : 0)
    fca2     fca2        0     1 .rom_poke_table_83
    fca2     fca2        0     1         . = . + (__rom_poke_table_size > 83 ? 1 : 0)
    fca2     fca2        0     1 .rom_poke_table_84
    fca2     fca2        0     1         . = . + (__rom_poke_table_size > 84 ? 1 : 0)
    fca2     fca2        0     1 .rom_poke_table_85
    fca2     fca2        0     1         . = . + (__rom_poke_table_size > 85 ? 1 : 0)
    fca2     fca2        0     1 .rom_poke_table_86
    fca2     fca2        0     1         . = . + (__rom_poke_table_size > 86 ? 1 : 0)
    fca2     fca2        0     1 .rom_poke_table_87
    fca2     fca2        0     1         . = . + (__rom_poke_table_size > 87 ? 1 : 0)
    fca2     fca2        0     1 .rom_poke_table_88
    fca2     fca2        0     1         . = . + (__rom_poke_table_size > 88 ? 1 : 0)
    fca2     fca2        0     1 .rom_poke_table_89
    fca2     fca2        0     1         . = . + (__rom_poke_table_size > 89 ? 1 : 0)
    fca2     fca2        0     1 .rom_poke_table_90
    fca2     fca2        0     1         . = . + (__rom_poke_table_size > 90 ? 1 : 0)
    fca2     fca2        0     1 .rom_poke_table_91
    fca2     fca2        0     1         . = . + (__rom_poke_table_size > 91 ? 1 : 0)
    fca2     fca2        0     1 .rom_poke_table_92
    fca2     fca2        0     1         . = . + (__rom_poke_table_size > 92 ? 1 : 0)
    fca2     fca2        0     1 .rom_poke_table_93
    fca2     fca2        0     1         . = . + (__rom_poke_table_size > 93 ? 1 : 0)
    fca2     fca2        0     1 .rom_poke_table_94
    fca2     fca2        0     1         . = . + (__rom_poke_table_size > 94 ? 1 : 0)
    fca2     fca2        0     1 .rom_poke_table_95
    fca2     fca2        0     1         . = . + (__rom_poke_table_size > 95 ? 1 : 0)
    fca2     fca2        0     1 .rom_poke_table_96
    fca2     fca2        0     1         . = . + (__rom_poke_table_size > 96 ? 1 : 0)
    fca2     fca2        0     1 .rom_poke_table_97
    fca2     fca2        0     1         . = . + (__rom_poke_table_size > 97 ? 1 : 0)
    fca2     fca2        0     1 .rom_poke_table_98
    fca2     fca2        0     1         . = . + (__rom_poke_table_size > 98 ? 1 : 0)
    fca2     fca2        0     1 .rom_poke_table_99
    fca2     fca2        0     1         . = . + (__rom_poke_table_size > 99 ? 1 : 0)
    fca2     fca2        0     1 .rom_poke_table_100
    fca2     fca2        0     1         . = . + (__rom_poke_table_size > 100 ? 1 : 0)
    fca2     fca2        0     1 .rom_poke_table_101
    fca2     fca2        0     1         . = . + (__rom_poke_table_size > 101 ? 1 : 0)
    fca2     fca2        0     1 .rom_poke_table_102
    fca2     fca2        0     1         . = . + (__rom_poke_table_size > 102 ? 1 : 0)
    fca2     fca2        0     1 .rom_poke_table_103
    fca2     fca2        0     1         . = . + (__rom_poke_table_size > 103 ? 1 : 0)
    fca2     fca2        0     1 .rom_poke_table_104
    fca2     fca2        0     1         . = . + (__rom_poke_table_size > 104 ? 1 : 0)
    fca2     fca2        0     1 .rom_poke_table_105
    fca2     fca2        0     1         . = . + (__rom_poke_table_size > 105 ? 1 : 0)
    fca2     fca2        0     1 .rom_poke_table_106
    fca2     fca2        0     1         . = . + (__rom_poke_table_size > 106 ? 1 : 0)
    fca2     fca2        0     1 .rom_poke_table_107
    fca2     fca2        0     1         . = . + (__rom_poke_table_size > 107 ? 1 : 0)
    fca2     fca2        0     1 .rom_poke_table_108
    fca2     fca2        0     1         . = . + (__rom_poke_table_size > 108 ? 1 : 0)
    fca2     fca2        0     1 .rom_poke_table_109
    fca2     fca2        0     1         . = . + (__rom_poke_table_size > 109 ? 1 : 0)
    fca2     fca2        0     1 .rom_poke_table_110
    fca2     fca2        0     1         . = . + (__rom_poke_table_size > 110 ? 1 : 0)
    fca2     fca2        0     1 .rom_poke_table_111
    fca2     fca2        0     1         . = . + (__rom_poke_table_size > 111 ? 1 : 0)
    fca2     fca2        0     1 .rom_poke_table_112
    fca2     fca2        0     1         . = . + (__rom_poke_table_size > 112 ? 1 : 0)
    fca2     fca2        0     1 .rom_poke_table_113
    fca2     fca2        0     1         . = . + (__rom_poke_table_size > 113 ? 1 : 0)
    fca2     fca2        0     1 .rom_poke_table_114
    fca2     fca2        0     1         . = . + (__rom_poke_table_size > 114 ? 1 : 0)
    fca2     fca2        0     1 .rom_poke_table_115
    fca2     fca2        0     1         . = . + (__rom_poke_table_size > 115 ? 1 : 0)
    fca2     fca2        0     1 .rom_poke_table_116
    fca2     fca2        0     1         . = . + (__rom_poke_table_size > 116 ? 1 : 0)
    fca2     fca2        0     1 .rom_poke_table_117
    fca2     fca2        0     1         . = . + (__rom_poke_table_size > 117 ? 1 : 0)
    fca2     fca2        0     1 .rom_poke_table_118
    fca2     fca2        0     1         . = . + (__rom_poke_table_size > 118 ? 1 : 0)
    fca2     fca2        0     1 .rom_poke_table_119
    fca2     fca2        0     1         . = . + (__rom_poke_table_size > 119 ? 1 : 0)
    fca2     fca2        0     1 .rom_poke_table_120
    fca2     fca2        0     1         . = . + (__rom_poke_table_size > 120 ? 1 : 0)
    fca2     fca2        0     1 .rom_poke_table_121
    fca2     fca2        0     1         . = . + (__rom_poke_table_size > 121 ? 1 : 0)
    fca2     fca2        0     1 .rom_poke_table_122
    fca2     fca2        0     1         . = . + (__rom_poke_table_size > 122 ? 1 : 0)
    fca2     fca2        0     1 .rom_poke_table_123
    fca2     fca2        0     1         . = . + (__rom_poke_table_size > 123 ? 1 : 0)
    fca2     fca2        0     1 .rom_poke_table_124
    fca2     fca2        0     1         . = . + (__rom_poke_table_size > 124 ? 1 : 0)
    fca2     fca2        0     1 .rom_poke_table_125
    fca2     fca2        0     1         . = . + (__rom_poke_table_size > 125 ? 1 : 0)
    fca2     fca2        0     1 .rom_poke_table_126
    fca2     fca2        0     1         . = . + (__rom_poke_table_size > 126 ? 1 : 0)
    fca2     fca2        0     1 .rom_poke_table_127
    fca2     fca2        0     1         . = . + (__rom_poke_table_size > 127 ? 1 : 0)
    fca2     fca2        0     1 .rom_poke_table_128
    fca2     fca2        0     1         . = . + (__rom_poke_table_size > 128 ? 1 : 0)
    fca2     fca2        0     1 .rom_poke_table_129
    fca2     fca2        0     1         . = . + (__rom_poke_table_size > 129 ? 1 : 0)
    fca2     fca2        0     1 .rom_poke_table_130
    fca2     fca2        0     1         . = . + (__rom_poke_table_size > 130 ? 1 : 0)
    fca2     fca2        0     1 .rom_poke_table_131
    fca2     fca2        0     1         . = . + (__rom_poke_table_size > 131 ? 1 : 0)
    fca2     fca2        0     1 .rom_poke_table_132
    fca2     fca2        0     1         . = . + (__rom_poke_table_size > 132 ? 1 : 0)
    fca2     fca2        0     1 .rom_poke_table_133
    fca2     fca2        0     1         . = . + (__rom_poke_table_size > 133 ? 1 : 0)
    fca2     fca2        0     1 .rom_poke_table_134
    fca2     fca2        0     1         . = . + (__rom_poke_table_size > 134 ? 1 : 0)
    fca2     fca2        0     1 .rom_poke_table_135
    fca2     fca2        0     1         . = . + (__rom_poke_table_size > 135 ? 1 : 0)
    fca2     fca2        0     1 .rom_poke_table_136
    fca2     fca2        0     1         . = . + (__rom_poke_table_size > 136 ? 1 : 0)
    fca2     fca2        0     1 .rom_poke_table_137
    fca2     fca2        0     1         . = . + (__rom_poke_table_size > 137 ? 1 : 0)
    fca2     fca2        0     1 .rom_poke_table_138
    fca2     fca2        0     1         . = . + (__rom_poke_table_size > 138 ? 1 : 0)
    fca2     fca2        0     1 .rom_poke_table_139
    fca2     fca2        0     1         . = . + (__rom_poke_table_size > 139 ? 1 : 0)
    fca2     fca2        0     1 .rom_poke_table_140
    fca2     fca2        0     1         . = . + (__rom_poke_table_size > 140 ? 1 : 0)
    fca2     fca2        0     1 .rom_poke_table_141
    fca2     fca2        0     1         . = . + (__rom_poke_table_size > 141 ? 1 : 0)
    fca2     fca2        0     1 .rom_poke_table_142
    fca2     fca2        0     1         . = . + (__rom_poke_table_size > 142 ? 1 : 0)
    fca2     fca2        0     1 .rom_poke_table_143
    fca2     fca2        0     1         . = . + (__rom_poke_table_size > 143 ? 1 : 0)
    fca2     fca2        0     1 .rom_poke_table_144
    fca2     fca2        0     1         . = . + (__rom_poke_table_size > 144 ? 1 : 0)
    fca2     fca2        0     1 .rom_poke_table_145
    fca2     fca2        0     1         . = . + (__rom_poke_table_size > 145 ? 1 : 0)
    fca2     fca2        0     1 .rom_poke_table_146
    fca2     fca2        0     1         . = . + (__rom_poke_table_size > 146 ? 1 : 0)
    fca2     fca2        0     1 .rom_poke_table_147
    fca2     fca2        0     1         . = . + (__rom_poke_table_size > 147 ? 1 : 0)
    fca2     fca2        0     1 .rom_poke_table_148
    fca2     fca2        0     1         . = . + (__rom_poke_table_size > 148 ? 1 : 0)
    fca2     fca2        0     1 .rom_poke_table_149
    fca2     fca2        0     1         . = . + (__rom_poke_table_size > 149 ? 1 : 0)
    fca2     fca2        0     1 .rom_poke_table_150
    fca2     fca2        0     1         . = . + (__rom_poke_table_size > 150 ? 1 : 0)
    fca2     fca2        0     1 .rom_poke_table_151
    fca2     fca2        0     1         . = . + (__rom_poke_table_size > 151 ? 1 : 0)
    fca2     fca2        0     1 .rom_poke_table_152
    fca2     fca2        0     1         . = . + (__rom_poke_table_size > 152 ? 1 : 0)
    fca2     fca2        0     1 .rom_poke_table_153
    fca2     fca2        0     1         . = . + (__rom_poke_table_size > 153 ? 1 : 0)
    fca2     fca2        0     1 .rom_poke_table_154
    fca2     fca2        0     1         . = . + (__rom_poke_table_size > 154 ? 1 : 0)
    fca2     fca2        0     1 .rom_poke_table_155
    fca2     fca2        0     1         . = . + (__rom_poke_table_size > 155 ? 1 : 0)
    fca2     fca2        0     1 .rom_poke_table_156
    fca2     fca2        0     1         . = . + (__rom_poke_table_size > 156 ? 1 : 0)
    fca2     fca2        0     1 .rom_poke_table_157
    fca2     fca2        0     1         . = . + (__rom_poke_table_size > 157 ? 1 : 0)
    fca2     fca2        0     1 .rom_poke_table_158
    fca2     fca2        0     1         . = . + (__rom_poke_table_size > 158 ? 1 : 0)
    fca2     fca2        0     1 .rom_poke_table_159
    fca2     fca2        0     1         . = . + (__rom_poke_table_size > 159 ? 1 : 0)
    fca2     fca2        0     1 .rom_poke_table_160
    fca2     fca2        0     1         . = . + (__rom_poke_table_size > 160 ? 1 : 0)
    fca2     fca2        0     1 .rom_poke_table_161
    fca2     fca2        0     1         . = . + (__rom_poke_table_size > 161 ? 1 : 0)
    fca2     fca2        0     1 .rom_poke_table_162
    fca2     fca2        0     1         . = . + (__rom_poke_table_size > 162 ? 1 : 0)
    fca2     fca2        0     1 .rom_poke_table_163
    fca2     fca2        0     1         . = . + (__rom_poke_table_size > 163 ? 1 : 0)
    fca2     fca2        0     1 .rom_poke_table_164
    fca2     fca2        0     1         . = . + (__rom_poke_table_size > 164 ? 1 : 0)
    fca2     fca2        0     1 .rom_poke_table_165
    fca2     fca2        0     1         . = . + (__rom_poke_table_size > 165 ? 1 : 0)
    fca2     fca2        0     1 .rom_poke_table_166
    fca2     fca2        0     1         . = . + (__rom_poke_table_size > 166 ? 1 : 0)
    fca2     fca2        0     1 .rom_poke_table_167
    fca2     fca2        0     1         . = . + (__rom_poke_table_size > 167 ? 1 : 0)
    fca2     fca2        0     1 .rom_poke_table_168
    fca2     fca2        0     1         . = . + (__rom_poke_table_size > 168 ? 1 : 0)
    fca2     fca2        0     1 .rom_poke_table_169
    fca2     fca2        0     1         . = . + (__rom_poke_table_size > 169 ? 1 : 0)
    fca2     fca2        0     1 .rom_poke_table_170
    fca2     fca2        0     1         . = . + (__rom_poke_table_size > 170 ? 1 : 0)
    fca2     fca2        0     1 .rom_poke_table_171
    fca2     fca2        0     1         . = . + (__rom_poke_table_size > 171 ? 1 : 0)
    fca2     fca2        0     1 .rom_poke_table_172
    fca2     fca2        0     1         . = . + (__rom_poke_table_size > 172 ? 1 : 0)
    fca2     fca2        0     1 .rom_poke_table_173
    fca2     fca2        0     1         . = . + (__rom_poke_table_size > 173 ? 1 : 0)
    fca2     fca2        0     1 .rom_poke_table_174
    fca2     fca2        0     1         . = . + (__rom_poke_table_size > 174 ? 1 : 0)
    fca2     fca2        0     1 .rom_poke_table_175
    fca2     fca2        0     1         . = . + (__rom_poke_table_size > 175 ? 1 : 0)
    fca2     fca2        0     1 .rom_poke_table_176
    fca2     fca2        0     1         . = . + (__rom_poke_table_size > 176 ? 1 : 0)
    fca2     fca2        0     1 .rom_poke_table_177
    fca2     fca2        0     1         . = . + (__rom_poke_table_size > 177 ? 1 : 0)
    fca2     fca2        0     1 .rom_poke_table_178
    fca2     fca2        0     1         . = . + (__rom_poke_table_size > 178 ? 1 : 0)
    fca2     fca2        0     1 .rom_poke_table_179
    fca2     fca2        0     1         . = . + (__rom_poke_table_size > 179 ? 1 : 0)
    fca2     fca2        0     1 .rom_poke_table_180
    fca2     fca2        0     1         . = . + (__rom_poke_table_size > 180 ? 1 : 0)
    fca2     fca2        0     1 .rom_poke_table_181
    fca2     fca2        0     1         . = . + (__rom_poke_table_size > 181 ? 1 : 0)
    fca2     fca2        0     1 .rom_poke_table_182
    fca2     fca2        0     1         . = . + (__rom_poke_table_size > 182 ? 1 : 0)
    fca2     fca2        0     1 .rom_poke_table_183
    fca2     fca2        0     1         . = . + (__rom_poke_table_size > 183 ? 1 : 0)
    fca2     fca2        0     1 .rom_poke_table_184
    fca2     fca2        0     1         . = . + (__rom_poke_table_size > 184 ? 1 : 0)
    fca2     fca2        0     1 .rom_poke_table_185
    fca2     fca2        0     1         . = . + (__rom_poke_table_size > 185 ? 1 : 0)
    fca2     fca2        0     1 .rom_poke_table_186
    fca2     fca2        0     1         . = . + (__rom_poke_table_size > 186 ? 1 : 0)
    fca2     fca2        0     1 .rom_poke_table_187
    fca2     fca2        0     1         . = . + (__rom_poke_table_size > 187 ? 1 : 0)
    fca2     fca2        0     1 .rom_poke_table_188
    fca2     fca2        0     1         . = . + (__rom_poke_table_size > 188 ? 1 : 0)
    fca2     fca2        0     1 .rom_poke_table_189
    fca2     fca2        0     1         . = . + (__rom_poke_table_size > 189 ? 1 : 0)
    fca2     fca2        0     1 .rom_poke_table_190
    fca2     fca2        0     1         . = . + (__rom_poke_table_size > 190 ? 1 : 0)
    fca2     fca2        0     1 .rom_poke_table_191
    fca2     fca2        0     1         . = . + (__rom_poke_table_size > 191 ? 1 : 0)
    fca2     fca2        0     1 .rom_poke_table_192
    fca2     fca2        0     1         . = . + (__rom_poke_table_size > 192 ? 1 : 0)
    fca2     fca2        0     1 .rom_poke_table_193
    fca2     fca2        0     1         . = . + (__rom_poke_table_size > 193 ? 1 : 0)
    fca2     fca2        0     1 .rom_poke_table_194
    fca2     fca2        0     1         . = . + (__rom_poke_table_size > 194 ? 1 : 0)
    fca2     fca2        0     1 .rom_poke_table_195
    fca2     fca2        0     1         . = . + (__rom_poke_table_size > 195 ? 1 : 0)
    fca2     fca2        0     1 .rom_poke_table_196
    fca2     fca2        0     1         . = . + (__rom_poke_table_size > 196 ? 1 : 0)
    fca2     fca2        0     1 .rom_poke_table_197
    fca2     fca2        0     1         . = . + (__rom_poke_table_size > 197 ? 1 : 0)
    fca2     fca2        0     1 .rom_poke_table_198
    fca2     fca2        0     1         . = . + (__rom_poke_table_size > 198 ? 1 : 0)
    fca2     fca2        0     1 .rom_poke_table_199
    fca2     fca2        0     1         . = . + (__rom_poke_table_size > 199 ? 1 : 0)
    fca2     fca2        0     1 .rom_poke_table_200
    fca2     fca2        0     1         . = . + (__rom_poke_table_size > 200 ? 1 : 0)
    fca2     fca2        0     1 .rom_poke_table_201
    fca2     fca2        0     1         . = . + (__rom_poke_table_size > 201 ? 1 : 0)
    fca2     fca2        0     1 .rom_poke_table_202
    fca2     fca2        0     1         . = . + (__rom_poke_table_size > 202 ? 1 : 0)
    fca2     fca2        0     1 .rom_poke_table_203
    fca2     fca2        0     1         . = . + (__rom_poke_table_size > 203 ? 1 : 0)
    fca2     fca2        0     1 .rom_poke_table_204
    fca2     fca2        0     1         . = . + (__rom_poke_table_size > 204 ? 1 : 0)
    fca2     fca2        0     1 .rom_poke_table_205
    fca2     fca2        0     1         . = . + (__rom_poke_table_size > 205 ? 1 : 0)
    fca2     fca2        0     1 .rom_poke_table_206
    fca2     fca2        0     1         . = . + (__rom_poke_table_size > 206 ? 1 : 0)
    fca2     fca2        0     1 .rom_poke_table_207
    fca2     fca2        0     1         . = . + (__rom_poke_table_size > 207 ? 1 : 0)
    fca2     fca2        0     1 .rom_poke_table_208
    fca2     fca2        0     1         . = . + (__rom_poke_table_size > 208 ? 1 : 0)
    fca2     fca2        0     1 .rom_poke_table_209
    fca2     fca2        0     1         . = . + (__rom_poke_table_size > 209 ? 1 : 0)
    fca2     fca2        0     1 .rom_poke_table_210
    fca2     fca2        0     1         . = . + (__rom_poke_table_size > 210 ? 1 : 0)
    fca2     fca2        0     1 .rom_poke_table_211
    fca2     fca2        0     1         . = . + (__rom_poke_table_size > 211 ? 1 : 0)
    fca2     fca2        0     1 .rom_poke_table_212
    fca2     fca2        0     1         . = . + (__rom_poke_table_size > 212 ? 1 : 0)
    fca2     fca2        0     1 .rom_poke_table_213
    fca2     fca2        0     1         . = . + (__rom_poke_table_size > 213 ? 1 : 0)
    fca2     fca2        0     1 .rom_poke_table_214
    fca2     fca2        0     1         . = . + (__rom_poke_table_size > 214 ? 1 : 0)
    fca2     fca2        0     1 .rom_poke_table_215
    fca2     fca2        0     1         . = . + (__rom_poke_table_size > 215 ? 1 : 0)
    fca2     fca2        0     1 .rom_poke_table_216
    fca2     fca2        0     1         . = . + (__rom_poke_table_size > 216 ? 1 : 0)
    fca2     fca2        0     1 .rom_poke_table_217
    fca2     fca2        0     1         . = . + (__rom_poke_table_size > 217 ? 1 : 0)
    fca2     fca2        0     1 .rom_poke_table_218
    fca2     fca2        0     1         . = . + (__rom_poke_table_size > 218 ? 1 : 0)
    fca2     fca2        0     1 .rom_poke_table_219
    fca2     fca2        0     1         . = . + (__rom_poke_table_size > 219 ? 1 : 0)
    fca2     fca2        0     1 .rom_poke_table_220
    fca2     fca2        0     1         . = . + (__rom_poke_table_size > 220 ? 1 : 0)
    fca2     fca2        0     1 .rom_poke_table_221
    fca2     fca2        0     1         . = . + (__rom_poke_table_size > 221 ? 1 : 0)
    fca2     fca2        0     1 .rom_poke_table_222
    fca2     fca2        0     1         . = . + (__rom_poke_table_size > 222 ? 1 : 0)
    fca2     fca2        0     1 .rom_poke_table_223
    fca2     fca2        0     1         . = . + (__rom_poke_table_size > 223 ? 1 : 0)
    fca2     fca2        0     1 .rom_poke_table_224
    fca2     fca2        0     1         . = . + (__rom_poke_table_size > 224 ? 1 : 0)
    fca2     fca2        0     1 .rom_poke_table_225
    fca2     fca2        0     1         . = . + (__rom_poke_table_size > 225 ? 1 : 0)
    fca2     fca2        0     1 .rom_poke_table_226
    fca2     fca2        0     1         . = . + (__rom_poke_table_size > 226 ? 1 : 0)
    fca2     fca2        0     1 .rom_poke_table_227
    fca2     fca2        0     1         . = . + (__rom_poke_table_size > 227 ? 1 : 0)
    fca2     fca2        0     1 .rom_poke_table_228
    fca2     fca2        0     1         . = . + (__rom_poke_table_size > 228 ? 1 : 0)
    fca2     fca2        0     1 .rom_poke_table_229
    fca2     fca2        0     1         . = . + (__rom_poke_table_size > 229 ? 1 : 0)
    fca2     fca2        0     1 .rom_poke_table_230
    fca2     fca2        0     1         . = . + (__rom_poke_table_size > 230 ? 1 : 0)
    fca2     fca2        0     1 .rom_poke_table_231
    fca2     fca2        0     1         . = . + (__rom_poke_table_size > 231 ? 1 : 0)
    fca2     fca2        0     1 .rom_poke_table_232
    fca2     fca2        0     1         . = . + (__rom_poke_table_size > 232 ? 1 : 0)
    fca2     fca2        0     1 .rom_poke_table_233
    fca2     fca2        0     1         . = . + (__rom_poke_table_size > 233 ? 1 : 0)
    fca2     fca2        0     1 .rom_poke_table_234
    fca2     fca2        0     1         . = . + (__rom_poke_table_size > 234 ? 1 : 0)
    fca2     fca2        0     1 .rom_poke_table_235
    fca2     fca2        0     1         . = . + (__rom_poke_table_size > 235 ? 1 : 0)
    fca2     fca2        0     1 .rom_poke_table_236
    fca2     fca2        0     1         . = . + (__rom_poke_table_size > 236 ? 1 : 0)
    fca2     fca2        0     1 .rom_poke_table_237
    fca2     fca2        0     1         . = . + (__rom_poke_table_size > 237 ? 1 : 0)
    fca2     fca2        0     1 .rom_poke_table_238
    fca2     fca2        0     1         . = . + (__rom_poke_table_size > 238 ? 1 : 0)
    fca2     fca2        0     1 .rom_poke_table_239
    fca2     fca2        0     1         . = . + (__rom_poke_table_size > 239 ? 1 : 0)
    fca2     fca2        0     1 .rom_poke_table_240
    fca2     fca2        0     1         . = . + (__rom_poke_table_size > 240 ? 1 : 0)
    fca2     fca2        0     1 .rom_poke_table_241
    fca2     fca2        0     1         . = . + (__rom_poke_table_size > 241 ? 1 : 0)
    fca2     fca2        0     1 .rom_poke_table_242
    fca2     fca2        0     1         . = . + (__rom_poke_table_size > 242 ? 1 : 0)
    fca2     fca2        0     1 .rom_poke_table_243
    fca2     fca2        0     1         . = . + (__rom_poke_table_size > 243 ? 1 : 0)
    fca2     fca2        0     1 .rom_poke_table_244
    fca2     fca2        0     1         . = . + (__rom_poke_table_size > 244 ? 1 : 0)
    fca2     fca2        0     1 .rom_poke_table_245
    fca2     fca2        0     1         . = . + (__rom_poke_table_size > 245 ? 1 : 0)
    fca2     fca2        0     1 .rom_poke_table_246
    fca2     fca2        0     1         . = . + (__rom_poke_table_size > 246 ? 1 : 0)
    fca2     fca2        0     1 .rom_poke_table_247
    fca2     fca2        0     1         . = . + (__rom_poke_table_size > 247 ? 1 : 0)
    fca2     fca2        0     1 .rom_poke_table_248
    fca2     fca2        0     1         . = . + (__rom_poke_table_size > 248 ? 1 : 0)
    fca2     fca2        0     1 .rom_poke_table_249
    fca2     fca2        0     1         . = . + (__rom_poke_table_size > 249 ? 1 : 0)
    fca2     fca2        0     1 .rom_poke_table_250
    fca2     fca2        0     1         . = . + (__rom_poke_table_size > 250 ? 1 : 0)
    fca2     fca2        0     1 .rom_poke_table_251
    fca2     fca2        0     1         . = . + (__rom_poke_table_size > 251 ? 1 : 0)
    fca2     fca2        0     1 .rom_poke_table_252
    fca2     fca2        0     1         . = . + (__rom_poke_table_size > 252 ? 1 : 0)
    fca2     fca2        0     1 .rom_poke_table_253
    fca2     fca2        0     1         . = . + (__rom_poke_table_size > 253 ? 1 : 0)
    fca2     fca2        0     1 .rom_poke_table_254
    fca2     fca2        0     1         . = . + (__rom_poke_table_size > 254 ? 1 : 0)
    fca2     fca2        0     1 .rom_poke_table_255
    fca2     fca2        0     1         . = . + (__rom_poke_table_size > 255 ? 1 : 0)
    fcc0     fcc0        0     1 .dpcm
    fcc0     fcc0        0     1         __dpcm_start = .
    fffa     fffa        6     1 .vectors
    fffa     fffa        6     1         C:/llvm-mos/bin/../mos-platform/nes-unrom-512/lib\reset.o:(.vectors)
   10000    10000        0     1 PROVIDE(__prg_rom_size = 512)
   10000    10000        0     1 __stack = 0x0800
       0        0       cc     1 .comment
       0        0       cc     1         <internal>:(.comment)
       0        0     2ff0     4 .symtab
       0        0     2ff0     4         <internal>:(.symtab)
       0        0     1469     1 .shstrtab
       0        0     1469     1         <internal>:(.shstrtab)
       0        0     2d6c     1 .strtab
       0        0     2d6c     1         <internal>:(.strtab)
