     VMA      LMA     Size Align Out     In      Symbol
       0        0        0     1 
       0        0        0     1 
       0        0        0     1 __rc0 = 0x00
       0        0        0     1 __rc1 = __rc0 + 1
       0        0        0     1 PROVIDE(__rc2 = __rc1 + 1)
       0        0        0     1 __rc3 = __rc2 + 1
       0        0        0     1 PROVIDE(__rc4 = __rc3 + 1)
       0        0        0     1 __rc5 = __rc4 + 1
       0        0        0     1 PROVIDE(__rc6 = __rc5 + 1)
       0        0        0     1 __rc7 = __rc6 + 1
       0        0        0     1 PROVIDE(__rc8 = __rc7 + 1)
       0        0        0     1 __rc9 = __rc8 + 1
       0        0        0     1 PROVIDE(__rc10 = __rc9 + 1)
       0        0        0     1 __rc11 = __rc10 + 1
       0        0        0     1 PROVIDE(__rc12 = __rc11 + 1)
       0        0        0     1 __rc13 = __rc12 + 1
       0        0        0     1 PROVIDE(__rc14 = __rc13 + 1)
       0        0        0     1 __rc15 = __rc14 + 1
       0        0        0     1 PROVIDE(__rc16 = __rc15 + 1)
       0        0        0     1 __rc17 = __rc16 + 1
       0        0        0     1 PROVIDE(__rc18 = __rc17 + 1)
       0        0        0     1 __rc19 = __rc18 + 1
       0        0        0     1 PROVIDE(__rc20 = __rc19 + 1)
       0        0        0     1 __rc21 = __rc20 + 1
       0        0        0     1 PROVIDE(__rc22 = __rc21 + 1)
       0        0        0     1 __rc23 = __rc22 + 1
       0        0        0     1 PROVIDE(__rc24 = __rc23 + 1)
       0        0        0     1 __rc25 = __rc24 + 1
       0        0        0     1 PROVIDE(__rc26 = __rc25 + 1)
       0        0        0     1 __rc27 = __rc26 + 1
       0        0        0     1 PROVIDE(__rc28 = __rc27 + 1)
       0        0        0     1 __rc29 = __rc28 + 1
       0        0        0     1 PROVIDE(__rc30 = __rc29 + 1)
       0        0        0     1 __rc31 = __rc30 + 1
       0        0        0     1 
       0        0        0     1 
       0        0        0     1 
       0        0        0     1 
       0        0        0     1 
       0        0        0     1 
       0        0        0     1 
    c000     c000     3b56     1 .text
    c000     c000        0     1         _init = .
    c000     c000        0     1         _start = .
    c000     c000        7     1         C:/llvm-mos/bin/../mos-platform/nes-unrom-512/lib\crt0.o:(.init.50)
    c007     c007       1d     1         C:/llvm-mos/bin/../mos-platform/nes/lib\libneslib.a(neslib.s.obj):(.init.100)
    c007     c007        0     1                 clearRAM
    c024     c024        8     1         C:/llvm-mos/bin/../mos-platform/nes/lib\libcrt0.a(init-stack.S.obj):(.init.100)
    c024     c024        0     1                 __do_init_stack
    c02c     c02c        3     1         C:/llvm-mos/bin/../mos-platform/nes/lib\libcrt0.a(zero-bss.c.obj):(.init.200)
    c02c     c02c        0     1                 __do_zero_bss
    c02f     c02f        3     1         C:/llvm-mos/bin/../mos-platform/nes/lib\libcrt0.a(zero-zp-bss.c.obj):(.init.200)
    c02f     c02f        0     1                 __do_zero_zp_bss
    c032     c032        3     1         C:/llvm-mos/bin/../mos-platform/nes/lib\libcrt0.a(copy-data.c.obj):(.init.200)
    c032     c032        0     1                 __do_copy_data
    c035     c035        3     1         C:/llvm-mos/bin/../mos-platform/nes/lib\libcrt0.a(copy-zp-data.c.obj):(.init.200)
    c035     c035        0     1                 __do_copy_zp_data
    c038     c038        3     1         C:/llvm-mos/bin/../mos-platform/nes-unrom-512/lib\crt0.o:(.init.250)
    c03b     c03b       26     1         C:/llvm-mos/bin/../mos-platform/nes/lib\libneslib.a(neslib.s.obj):(.init.255)
    c03b     c03b        0     1                 clearPalette
    c04d     c04d        0     1                 clearVRAM
    c061     c061        5     1         C:/llvm-mos/bin/../mos-platform/nes/lib\libneslib.a(pal_bright.s.obj):(.init.260)
    c061     c061        0     1                 pal_bright_init
    c066     c066        3     1         C:/llvm-mos/bin/../mos-platform/nes/lib\libneslib.a(pal_update.s.obj):(.init.265)
    c066     c066        0     1                 pal_update_init
    c069     c069        3     1         C:/llvm-mos/bin/../mos-platform/nes/lib\libneslib.a(oam_update.s.obj):(.init.270)
    c069     c069        0     1                 oam_update_init
    c06c     c06c       25     1         C:/llvm-mos/bin/../mos-platform/nes/lib\libneslib.a(ntsc.s.obj):(.init.275)
    c06c     c06c        0     1                 __do_init_ntsc_mode
    c077     c077        0     1                 waitSync3
    c07d     c07d        0     1                 detectNTSC
    c091     c091        b     1         C:/llvm-mos/bin/../mos-platform/nes/lib\libneslib.a(vram_update.s.obj):(.init.280)
    c091     c091        0     1                 vram_update_init
    c09c     c09c        8     1         C:/llvm-mos/bin/../mos-platform/nes/lib\libneslib.a(neslib.s.obj):(.init.400)
    c09c     c09c        0     1                 neslib_final_init
    c0a4     c0a4        3     1         C:/llvm-mos/bin/../mos-platform/nes-unrom-512/lib\crt0.o:(.call_main)
    c0a7     c0a7        3     1         C:/llvm-mos/bin/../mos-platform/nes/lib\libcrt0.a(exit-custom.S.obj):(.after_main)
    c0a7     c0a7        0     1                 __after_main
    c0aa     c0aa        0     1         _fini = .
    c0aa     c0aa        1     1         C:/llvm-mos/bin/../mos-platform/nes-unrom-512/lib\crt0.o:(.fini_rts)
    c0ab     c0ab        b     1         C:/llvm-mos/bin/../mos-platform/nes/lib\libneslib.a(neslib.s.obj):(.text.ppu_wait_nmi)
    c0ab     c0ab        0     1                 ppu_wait_nmi
    c0b6     c0b6       2f     1         C:/llvm-mos/bin/../mos-platform/nes/lib\libneslib.a(neslib.s.obj):(.text.scroll)
    c0b6     c0b6        0     1                 scroll
    c0e5     c0e5       10     1         C:/llvm-mos/bin/../mos-platform/nes/lib\libneslib.a(neslib.s.obj):(.text.bank_spr)
    c0e5     c0e5        0     1                 bank_spr
    c0f5     c0f5       11     1         C:/llvm-mos/bin/../mos-platform/nes/lib\libneslib.a(neslib.s.obj):(.text.bank_bg)
    c0f5     c0f5        0     1                 bank_bg
    c106     c106       38     1         C:/llvm-mos/bin/../mos-platform/nes/lib\libneslib.a(neslib.s.obj):(.text.pad_poll)
    c106     c106        0     1                 pad_poll
    c13e     c13e       10     1         C:/llvm-mos/bin/../mos-platform/nes/lib\libneslib.a(oam_update.s.obj):(.text.oam_clear)
    c13e     c13e        0     1                 oam_clear
    c14e     c14e       18     1         C:/llvm-mos/bin/../mos-platform/nes/lib\libneslib.a(pal_update.s.obj):(.text.pal_all)
    c14e     c14e        0     1                 pal_all
    c166     c166        7     1         C:/llvm-mos/bin/../mos-platform/nes/lib\libneslib.a(pal_update.s.obj):(.text.pal_bg)
    c166     c166        0     1                 pal_bg
    c16d     c16d        6     1         C:/llvm-mos/bin/../mos-platform/nes/lib\libneslib.a(pal_update.s.obj):(.text.pal_spr)
    c16d     c16d        0     1                 pal_spr
    c173     c173        f     1         C:/llvm-mos/bin/../mos-platform/nes/lib\libneslib.a(pal_update.s.obj):(.text.pal_clear)
    c173     c173        0     1                 pal_clear
    c182     c182       16     1         C:/llvm-mos/bin/../mos-platform/nes/lib\libneslib.a(pal_update.s.obj):(.text.oam_size)
    c182     c182        0     1                 oam_size
    c198     c198       5d     1         C:/llvm-mos/bin/../mos-platform/nes/lib\libneslib.a(vram_update.s.obj):(.text.flush_vram_update)
    c198     c198        0     1                 flush_vram_update
    c1a2     c1a2        0     1                 flush_vram_update2
    c1f4     c1f4        0     1                 __post_vram_update
    c1f5     c1f5        1     1         C:/llvm-mos/bin/../mos-platform/nes-unrom-512/lib\crt0.o:(.text)
    c1f5     c1f5        0     1                 irq
    c1f6     c1f6       14     1         C:/llvm-mos/bin/../mos-platform/nes-unrom-512/lib\crt0.o:(.text.__early_init)
    c1f6     c1f6       14     1                 __early_init
    c20a     c20a        6     1         C:/llvm-mos/bin/../mos-platform/nes-unrom-512/lib\crt0.o:(.text.__late_init)
    c20a     c20a        6     1                 __late_init
    c210     c210        3     1         C:/llvm-mos/bin/../mos-platform/common/lib\libcrt.a(call-indir.S.obj):(.text)
    c210     c210        0     1                 __call_indir
    c213     c213       13     1         C:/llvm-mos/bin/../mos-platform/nes/lib\libcrt0.a(zero-bss.c.obj):(.text.__zero_bss)
    c213     c213       13     1                 __zero_bss
    c226     c226       13     1         C:/llvm-mos/bin/../mos-platform/nes/lib\libcrt0.a(zero-zp-bss.c.obj):(.text.__zero_zp_bss)
    c226     c226       13     1                 __zero_zp_bss
    c239     c239       17     1         C:/llvm-mos/bin/../mos-platform/nes/lib\libcrt0.a(copy-data.c.obj):(.text.__copy_data)
    c239     c239       17     1                 __copy_data
    c250     c250       17     1         C:/llvm-mos/bin/../mos-platform/nes/lib\libcrt0.a(copy-zp-data.c.obj):(.text.__copy_zp_data)
    c250     c250       17     1                 __copy_zp_data
    c267     c267      979     1         build-nes/celeste-nes-temp.nes.lto.o:(.text.LoadRoomData)
    c267     c267      979     1                 LoadRoomData
    cbe0     cbe0     1da6     1         build-nes/celeste-nes-temp.nes.lto.o:(.text.main)
    cbe0     cbe0     1da6     1                 main
    e986     e986       52     1         build-nes/celeste-nes-temp.nes.lto.o:(.text.load_game_chr)
    e986     e986       52     1                 load_game_chr
    e9d8     e9d8       e6     1         build-nes/celeste-nes-temp.nes.lto.o:(.text.title_load_frame0)
    e9d8     e9d8       e6     1                 title_load_frame0
    eabe     eabe      156     1         build-nes/celeste-nes-temp.nes.lto.o:(.text.port_updatePlayerSprite)
    eabe     eabe      156     1                 port_updatePlayerSprite
    ec14     ec14      92d     1         build-nes/celeste-nes-temp.nes.lto.o:(.text.port_vblank)
    ec14     ec14      92d     1                 port_vblank
    f541     f541      191     1         build-nes/celeste-nes-temp.nes.lto.o:(.text.decompress_tilemap)
    f541     f541      191     1                 decompress_tilemap
    f6d2     f6d2       a0     1         build-nes/celeste-nes-temp.nes.lto.o:(.text.port_restoreCollisionFlags)
    f6d2     f6d2       a0     1                 port_restoreCollisionFlags
    f772     f772       20     1         build-nes/celeste-nes-temp.nes.lto.o:(.text.port_levelAnimAdvance)
    f772     f772       20     1                 port_levelAnimAdvance
    f792     f792        9     1         build-nes/celeste-nes-temp.nes.lto.o:(.text.ppu_off)
    f792     f792        9     1                 ppu_off
    f79b     f79b       17     1         build-nes/celeste-nes-temp.nes.lto.o:(.text.pal_bright)
    f79b     f79b       17     1                 pal_bright
    f7b2     f7b2       24     1         build-nes/celeste-nes-temp.nes.lto.o:(.text.set_vram_update)
    f7b2     f7b2       24     1                 set_vram_update
    f7d6     f7d6        6     1         build-nes/celeste-nes-temp.nes.lto.o:(.text.exit)
    f7d6     f7d6        6     1                 exit
    f7dc     f7dc       17     1         build-nes/celeste-nes-temp.nes.lto.o:(.text.__ashlhi3)
    f7dc     f7dc       17     1                 __ashlhi3
    f7f3     f7f3       1b     1         build-nes/celeste-nes-temp.nes.lto.o:(.text.__ashlsi3)
    f7f3     f7f3       1b     1                 __ashlsi3
    f80e     f80e       5d     1         build-nes/celeste-nes-temp.nes.lto.o:(.text.__udivqi3)
    f80e     f80e       5d     1                 __udivqi3
    f86b     f86b       ab     1         build-nes/celeste-nes-temp.nes.lto.o:(.text.__umodhi3)
    f86b     f86b       ab     1                 __umodhi3
    f916     f916       85     1         build-nes/celeste-nes-temp.nes.lto.o:(.text.__modhi3)
    f916     f916       85     1                 __modhi3
    f99b     f99b       3c     1         build-nes/celeste-nes-temp.nes.lto.o:(.text.memcpy)
    f99b     f99b       3c     1                 memcpy
    f9d7     f9d7       2c     1         build-nes/celeste-nes-temp.nes.lto.o:(.text.__memset)
    f9d7     f9d7       2c     1                 __memset
    fa03     fa03        0     1         __init_array_start = .
    fa03     fa03        0     1         __init_array_end = .
    fa03     fa03        0     1         __fini_array_start = .
    fa03     fa03        0     1         __fini_array_end = .
    fa03     fa03        5     1         C:/llvm-mos/bin/../mos-platform/nes-unrom-512/lib\crt0.o:(.nmi_begin)
    fa03     fa03        0     1                 __default_nmi
    fa03     fa03        0     1                 nmi
    fa08     fa08        d     1         build-nes/celeste-nes-temp.nes.lto.o:(.nmi.10)
    fa15     fa15       14     1         C:/llvm-mos/bin/../mos-platform/nes/lib\libneslib.a(neslib.s.obj):(.nmi.050)
    fa15     fa15        0     1                 neslib_nmi_begin
    fa29     fa29        5     1         C:/llvm-mos/bin/../mos-platform/nes/lib\libneslib.a(oam_update.s.obj):(.nmi.055)
    fa29     fa29        0     1                 oam_update_nmi
    fa2e     fa2e       f1     1         C:/llvm-mos/bin/../mos-platform/nes/lib\libneslib.a(pal_update.s.obj):(.nmi.060)
    fa2e     fa2e        0     1                 pal_update_nmi
    fb1f     fb1f        7     1         C:/llvm-mos/bin/../mos-platform/nes/lib\libneslib.a(vram_update.s.obj):(.nmi.065)
    fb1f     fb1f        0     1                 vram_update_nmi
    fb26     fb26       2a     1         C:/llvm-mos/bin/../mos-platform/nes/lib\libneslib.a(neslib.s.obj):(.nmi.075)
    fb26     fb26        0     1                 neslib_nmi_end
    fb3d     fb3d        0     1                 neslib_nmi_skip
    fb50     fb50        6     1         C:/llvm-mos/bin/../mos-platform/nes-unrom-512/lib\crt0.o:(.nmi_end)
    fb56     fb56      320     1 .rodata
    fb56     fb56       d2     1         C:/llvm-mos/bin/../mos-platform/nes/lib\libneslib.a(pal_bright.s.obj):(.rodata.bright_table)
    fb56     fb56        0     1                 __palBrightTableL
    fb5f     fb5f        0     1                 __palBrightTableH
    fb68     fb68        0     1                 palBrightTable0
    fb78     fb78        0     1                 palBrightTable1
    fb88     fb88        0     1                 palBrightTable2
    fb98     fb98        0     1                 palBrightTable3
    fba8     fba8        0     1                 palBrightTable4
    fbb8     fbb8        0     1                 palBrightTable5
    fbc8     fbc8        0     1                 palBrightTable6
    fbd8     fbd8        0     1                 palBrightTable7
    fbe8     fbe8        0     1                 palBrightTable8
    fc28     fc28        1     1         C:/llvm-mos/bin/../mos-platform/common/lib\libcrt.a(const.S.obj):(.rodata)
    fc28     fc28        0     1                 __set_v
    fc29     fc29       36     1         build-nes/celeste-nes-temp.nes.lto.o:(.rodata.initObject)
    fc5f     fc5f       42     1         build-nes/celeste-nes-temp.nes.lto.o:(.rodata.processObject)
    fca1     fca1       16     1         build-nes/celeste-nes-temp.nes.lto.o:(.rodata.port_buildSpriteIfDirty)
    fcb7     fcb7       4b     1         build-nes/celeste-nes-temp.nes.lto.o:(.rodata.monumentText)
    fcb7     fcb7       4b     1                 monumentText
    fd02     fd02       28     1         build-nes/celeste-nes-temp.nes.lto.o:(.rodata.flyingBerryUpdate.y_positions)
    fd02     fd02       28     1                 flyingBerryUpdate.y_positions
    fd2a     fd2a       79     1         build-nes/celeste-nes-temp.nes.lto.o:(.rodata.object_sprite_lookup_table)
    fd2a     fd2a       79     1                 object_sprite_lookup_table
    fda3     fda3       c3     1         build-nes/celeste-nes-temp.nes.lto.o:(.rodata.object_sprite_dict_compact)
    fda3     fda3       c3     1                 object_sprite_dict_compact
    fe66     fe66       10     1         <internal>:(.rodata.cst16)
     200      200      120   256 .aligned
     200      200      100   256         build-nes/celeste-nes-temp.nes.lto.o:(.aligned.oam_buf)
     200      200      100     1                 OAM_BUF
     300      300       20    32         build-nes/celeste-nes-temp.nes.lto.o:(.aligned.pal_buf)
     300      300       20     1                 PAL_BUF
     320     fe76        2     1 .data
     320     fe76        0     1         __data_start = .
     320     fe76        2     1         build-nes/celeste-nes-temp.nes.lto.o:(.data.pad_poll_fn)
     320     fe76        2     1                 pad_poll_fn
     322     fe78        0     1         __data_end = .
     322     fe78        0     1 __data_load_start = LOADADDR(.data)
     322     fe78        0     1 __data_size = SIZEOF(.data)
      20     fe78       20     1 .zp.data
      20     fe78        0     1         __zp_data_start = .
      20     fe78       20     1         build-nes/celeste-nes-temp.nes.lto.o:(.zp.data)
      20     fe78        1     1                 global_randSeed
      21     fe79        1     1                 s_oamCursor
      22     fe7a       1e     1                 title_text_fade
      40     fe98        0     1 __zp_data_load_start = LOADADDR(.zp.data)
      40     fe98        0     1 __zp_data_size = SIZEOF(.zp.data)
      40       40       7e     1 .zp.bss
      40       40        0     1         __zp_bss_start = .
      40       40       7e     1         build-nes/celeste-nes-temp.nes.lto.o:(.zp.bss)
      40       40        1     1                 GLOBAL_InputState
      41       41        2     1                 GLOBAL_FrameCount
      43       43        1     1                 GLOBAL_FreezeFrames
      44       44        1     1                 GLOBAL_DoubleDashUnlocked
      45       45        1     1                 monumentUpdate.isTextDisplayed
      46       46        1     1                 monumentUpdate.curLineCharCount
      47       47        1     1                 monumentUpdate.curLineNum
      48       48        1     1                 playerUpdate.btnJumpLastFrame
      49       49        1     1                 playerUpdate.btnDashLastFrame
      4a       4a        1     1                 playerUpdate.wasOnGround
      4b       4b        1     1                 playerUpdate.dashEffectTime
      4c       4c        1     1                 playerUpdate.jumpBuffer
      4d       4d        1     1                 onVblank.gameFrameToggle
      4e       4e        1     1                 s_rotateOffset
      4f       4f        1     1                 s_oamDirection
      50       50        1     1                 s_scrollY
      51       51        4     1                 s_pendingBgTileMask
      55       55       38     1                 GLOBAL_PlayerData
      8d       8d        1     1                 s_frameCounter
      8e       8e        1     1                 s_levelAnimVariant
      8f       8f        1     1                 s_levelAnimFrame
      90       90        1     1                 s_levelAnimTimer
      91       91        1     1                 s_laDeltaRemaining
      92       92        2     1                 s_laDeltaAttrPtr
      94       94       20     1                 palette_ram
      b4       b4        1     1                 s_inputState
      b5       b5        1     1                 s_laSelectPrev
      b6       b6        1     1                 s_levelAnimActive
      b7       b7        2     1                 s_laDeltaPtr
      b9       b9        1     1                 s_titleDeltaIdx
      ba       ba        1     1                 s_titleChunkIdx
      bb       bb        1     1                 s_titleTotalChunks
      bc       bc        1     1                 s_delta_active
      bd       bd        1     1                 _BANK_SHADOW
      be       be        0     1 __zp_bss_size = SIZEOF(.zp.bss)
      be       be       41     1 .zp
      be       be        1     1         build-nes/celeste-nes-temp.nes.lto.o:(.zp.ppu_mask_var)
      be       be        1     1                 PPUMASK_VAR
      bf       bf        2     1         build-nes/celeste-nes-temp.nes.lto.o:(.zp.pad_statet)
      bf       bf        2     1                 PAD_STATET
      c1       c1        2     1         build-nes/celeste-nes-temp.nes.lto.o:(.zp.pad_state)
      c1       c1        2     1                 PAD_STATE
      c3       c3        1     1         build-nes/celeste-nes-temp.nes.lto.o:(.zp.frame_cnt1)
      c3       c3        1     1                 FRAME_CNT1
      c4       c4        1     1         build-nes/celeste-nes-temp.nes.lto.o:(.zp.frame_cnt2)
      c4       c4        1     1                 FRAME_CNT2
      c5       c5        1     1         build-nes/celeste-nes-temp.nes.lto.o:(.zp.vram_update)
      c5       c5        1     1                 VRAM_UPDATE
      c6       c6        1     1         build-nes/celeste-nes-temp.nes.lto.o:(.zp.scroll_x)
      c6       c6        1     1                 SCROLL_X
      c7       c7        1     1         build-nes/celeste-nes-temp.nes.lto.o:(.zp.scroll_y)
      c7       c7        1     1                 SCROLL_Y
      c8       c8        2     1         build-nes/celeste-nes-temp.nes.lto.o:(.zp.pad_statep)
      c8       c8        2     1                 PAD_STATEP
      ca       ca        1     1         build-nes/celeste-nes-temp.nes.lto.o:(.zp.ppu_ctrl_var)
      ca       ca        1     1                 PPUCTRL_VAR
      cb       cb        1     1         build-nes/celeste-nes-temp.nes.lto.o:(.zp.ntsc_mode)
      cb       cb        1     1                 NTSC_MODE
      cc       cc        2     1         build-nes/celeste-nes-temp.nes.lto.o:(.zp.sprid)
      cc       cc        2     1                 SPRID
      ce       ce        2     1         build-nes/celeste-nes-temp.nes.lto.o:(.zp.pal_spr_ptr)
      ce       ce        2     1                 PAL_SPR_PTR
      d0       d0        1     1         build-nes/celeste-nes-temp.nes.lto.o:(.zp.pal_update)
      d0       d0        1     1                 PAL_UPDATE
      d1       d1        2     1         build-nes/celeste-nes-temp.nes.lto.o:(.zp.pal_bg_ptr)
      d1       d1        2     1                 PAL_BG_PTR
      d3       d3        2     1         build-nes/celeste-nes-temp.nes.lto.o:(.zp.name_upd_adr)
      d3       d3        2     1                 NAME_UPD_ADR
      d5       d5        1     1         build-nes/celeste-nes-temp.nes.lto.o:(.zp.name_upd_enable)
      d5       d5        1     1                 NAME_UPD_ENABLE
      d6       d6       29     1         build-nes/celeste-nes-temp.nes.lto.o:(.zp.noinit)
     322      322      3d7     1 .bss
     322      322        0     1         __bss_start = .
     322      322      17b     1         build-nes/celeste-nes-temp.nes.lto.o:(.bss.GLOBAL_ActiveLevel)
     322      322      17b     1                 GLOBAL_ActiveLevel
     49d      49d      1ed     1         build-nes/celeste-nes-temp.nes.lto.o:(.bss.GLOBAL_OBJList)
     49d      49d      1ed     1                 GLOBAL_OBJList
     68a      68a       12     1         build-nes/celeste-nes-temp.nes.lto.o:(.bss.prepare_bg_tiles_nametable.big_chest_open_tiles)
     68a      68a       12     1                 prepare_bg_tiles_nametable.big_chest_open_tiles
     69c      69c       5c     1         build-nes/celeste-nes-temp.nes.lto.o:(.bss.s_laVramBuf)
     69c      69c       5c     1                 s_laVramBuf
     6f8      6f8        1     1         build-nes/celeste-nes-temp.nes.lto.o:(.bss._CHR_BANK_NMI_NEXT)
     6f8      6f8        1     1                 _CHR_BANK_NMI_NEXT
     6f9      6f9        0     1         __bss_end = .
     6f9      6f9        0     1 __bss_size = SIZEOF(.bss)
     6f9      6f9        0     1 .noinit
     6f9      6f9        0     1         __heap_start = ALIGN(., 2)
     6f9      6f9        0     1 
     6f9      6f9        0     1 
     6f9      6f9        0     1 
     6f9      6f9        0     1 
     6f9      6f9        0     1 
     6f9      6f9        0     1 
     6f9      6f9        0     1 __rom_poke_table_size = (__battery == 1) ? 0 : ((__prg_rom_size > 256 && (__chr_rom_size + __chr_ram_size + __chr_nvram_size) > 16 && (__mirroring == 0 && __four_screen == 1)) ? 256 : ((__prg_rom_size > 128 && (__chr_rom_size + __chr_ram_size + __chr_nvram_size) > 16 && (__mirroring == 0 && __four_screen == 1)) ? 240 : ((__prg_rom_size > 64 && (__chr_rom_size + __chr_ram_size + __chr_nvram_size) > 16 && (__mirroring == 0 && __four_screen == 1)) ? 232 : ((__prg_rom_size > 32 && (__chr_rom_size + __chr_ram_size + __chr_nvram_size) > 16 && (__mirroring == 0 && __four_screen == 1)) ? 228 : ((__prg_rom_size > 16 && (__chr_rom_size + __chr_ram_size + __chr_nvram_size) > 16 && (__mirroring == 0 && __four_screen == 1)) ? 226 : (((__chr_rom_size + __chr_ram_size + __chr_nvram_size) > 16 && (__mirroring == 0 && __four_screen == 1)) ? 225 : ((__prg_rom_size > 256 && (__chr_rom_size + __chr_ram_size + __chr_nvram_size) > 8 && (__mirroring == 0 && __four_screen == 1)) ? 192 : ((__prg_rom_size > 128 && (__chr_rom_size + __chr_ram_size + __chr_nvram_size) > 8 && (__mirroring == 0 && __four_screen == 1)) ? 176 : ((__prg_rom_size > 64 && (__chr_rom_size + __chr_ram_size + __chr_nvram_size) > 8 && (__mirroring == 0 && __four_screen == 1)) ? 168 : ((__prg_rom_size > 32 && (__chr_rom_size + __chr_ram_size + __chr_nvram_size) > 8 && (__mirroring == 0 && __four_screen == 1)) ? 164 : ((__prg_rom_size > 16 && (__chr_rom_size + __chr_ram_size + __chr_nvram_size) > 8 && (__mirroring == 0 && __four_screen == 1)) ? 162 : (((__chr_rom_size + __chr_ram_size + __chr_nvram_size) > 8 && (__mirroring == 0 && __four_screen == 1)) ? 161 : ((__prg_rom_size > 256 && (__mirroring == 0 && __four_screen == 1)) ? 160 : ((__prg_rom_size > 128 && (__mirroring == 0 && __four_screen == 1)) ? 144 : ((__prg_rom_size > 64 && (__mirroring == 0 && __four_screen == 1)) ? 136 : ((__prg_rom_size > 32 && (__mirroring == 0 && __four_screen == 1)) ? 132 : ((__prg_rom_size > 16 && (__mirroring == 0 && __four_screen == 1)) ? 130 : (((__mirroring == 0 && __four_screen == 1)) ? 129 : ((__prg_rom_size > 256 && (__chr_rom_size + __chr_ram_size + __chr_nvram_size) > 16) ? 128 : ((__prg_rom_size > 128 && (__chr_rom_size + __chr_ram_size + __chr_nvram_size) > 16) ? 112 : ((__prg_rom_size > 64 && (__chr_rom_size + __chr_ram_size + __chr_nvram_size) > 16) ? 104 : ((__prg_rom_size > 32 && (__chr_rom_size + __chr_ram_size + __chr_nvram_size) > 16) ? 100 : ((__prg_rom_size > 16 && (__chr_rom_size + __chr_ram_size + __chr_nvram_size) > 16) ? 98 : (((__chr_rom_size + __chr_ram_size + __chr_nvram_size) > 16) ? 97 : ((__prg_rom_size > 256 && (__chr_rom_size + __chr_ram_size + __chr_nvram_size) > 8) ? 64 : ((__prg_rom_size > 128 && (__chr_rom_size + __chr_ram_size + __chr_nvram_size) > 8) ? 48 : ((__prg_rom_size > 64 && (__chr_rom_size + __chr_ram_size + __chr_nvram_size) > 8) ? 40 : ((__prg_rom_size > 32 && (__chr_rom_size + __chr_ram_size + __chr_nvram_size) > 8) ? 36 : ((__prg_rom_size > 16 && (__chr_rom_size + __chr_ram_size + __chr_nvram_size) > 8) ? 34 : (((__chr_rom_size + __chr_ram_size + __chr_nvram_size) > 8) ? 33 : ((__prg_rom_size > 256) ? 32 : ((__prg_rom_size > 128) ? 16 : ((__prg_rom_size > 64) ? 8 : ((__prg_rom_size > 32) ? 4 : ((__prg_rom_size > 16) ? 2 : (0))))))))))))))))))))))))))))))))))))
     6f9      6f9        0     1 __prg_rom_0_lma = 0x008000
     6f9      6f9        0     1 __prg_rom_1_lma = 0x018000
     6f9      6f9        0     1 __prg_rom_2_lma = 0x028000
     6f9      6f9        0     1 __prg_rom_3_lma = 0x038000
     6f9      6f9        0     1 __prg_rom_4_lma = 0x048000
     6f9      6f9        0     1 __prg_rom_5_lma = 0x058000
     6f9      6f9        0     1 __prg_rom_6_lma = 0x068000
     6f9      6f9        0     1 __prg_rom_7_lma = 0x078000
     6f9      6f9        0     1 __prg_rom_8_lma = 0x088000
     6f9      6f9        0     1 __prg_rom_9_lma = 0x098000
     6f9      6f9        0     1 __prg_rom_10_lma = 0x0a8000
     6f9      6f9        0     1 __prg_rom_11_lma = 0x0b8000
     6f9      6f9        0     1 __prg_rom_12_lma = 0x0c8000
     6f9      6f9        0     1 __prg_rom_13_lma = 0x0d8000
     6f9      6f9        0     1 __prg_rom_14_lma = 0x0e8000
     6f9      6f9        0     1 __prg_rom_15_lma = 0x0f8000
     6f9      6f9        0     1 __prg_rom_16_lma = 0x108000
     6f9      6f9        0     1 __prg_rom_17_lma = 0x118000
     6f9      6f9        0     1 __prg_rom_18_lma = 0x128000
     6f9      6f9        0     1 __prg_rom_19_lma = 0x138000
     6f9      6f9        0     1 __prg_rom_20_lma = 0x148000
     6f9      6f9        0     1 __prg_rom_21_lma = 0x158000
     6f9      6f9        0     1 __prg_rom_22_lma = 0x168000
     6f9      6f9        0     1 __prg_rom_23_lma = 0x178000
     6f9      6f9        0     1 __prg_rom_24_lma = 0x188000
     6f9      6f9        0     1 __prg_rom_25_lma = 0x198000
     6f9      6f9        0     1 __prg_rom_26_lma = 0x1a8000
     6f9      6f9        0     1 __prg_rom_27_lma = 0x1b8000
     6f9      6f9        0     1 __prg_rom_28_lma = 0x1c8000
     6f9      6f9        0     1 __prg_rom_29_lma = 0x1d8000
     6f9      6f9        0     1 __prg_rom_30_lma = 0x1e8000
     6f9      6f9        0     1 __prg_rom_fixed_lma = 0xc000
     6f9      6f9        0     1 __prg_rom_0_offset = 0x000000
     6f9      6f9        0     1 __prg_rom_1_offset = 0x004000
     6f9      6f9        0     1 __prg_rom_2_offset = 0x008000
     6f9      6f9        0     1 __prg_rom_3_offset = 0x00c000
     6f9      6f9        0     1 __prg_rom_4_offset = 0x010000
     6f9      6f9        0     1 __prg_rom_5_offset = 0x014000
     6f9      6f9        0     1 __prg_rom_6_offset = 0x018000
     6f9      6f9        0     1 __prg_rom_7_offset = 0x01c000
     6f9      6f9        0     1 __prg_rom_8_offset = 0x020000
     6f9      6f9        0     1 __prg_rom_9_offset = 0x024000
     6f9      6f9        0     1 __prg_rom_10_offset = 0x028000
     6f9      6f9        0     1 __prg_rom_11_offset = 0x02c000
     6f9      6f9        0     1 __prg_rom_12_offset = 0x030000
     6f9      6f9        0     1 __prg_rom_13_offset = 0x034000
     6f9      6f9        0     1 __prg_rom_14_offset = 0x038000
     6f9      6f9        0     1 __prg_rom_15_offset = 0x03c000
     6f9      6f9        0     1 __prg_rom_16_offset = 0x040000
     6f9      6f9        0     1 __prg_rom_17_offset = 0x044000
     6f9      6f9        0     1 __prg_rom_18_offset = 0x048000
     6f9      6f9        0     1 __prg_rom_19_offset = 0x04c000
     6f9      6f9        0     1 __prg_rom_20_offset = 0x050000
     6f9      6f9        0     1 __prg_rom_21_offset = 0x054000
     6f9      6f9        0     1 __prg_rom_22_offset = 0x058000
     6f9      6f9        0     1 __prg_rom_23_offset = 0x05c000
     6f9      6f9        0     1 __prg_rom_24_offset = 0x060000
     6f9      6f9        0     1 __prg_rom_25_offset = 0x064000
     6f9      6f9        0     1 __prg_rom_26_offset = 0x068000
     6f9      6f9        0     1 __prg_rom_27_offset = 0x06c000
     6f9      6f9        0     1 __prg_rom_28_offset = 0x070000
     6f9      6f9        0     1 __prg_rom_29_offset = 0x074000
     6f9      6f9        0     1 __prg_rom_30_offset = 0x078000
     6f9      6f9        0     1 __prg_rom_fixed_offset = __prg_rom_size * 1024 - 0x4000
   18000    18000     18eb     1 .prg_rom_1
   18000    18000     18eb     1         build-nes/celeste-nes-temp.nes.lto.o:(.prg_rom_1)
   18000    18000       97     1                 tilemap_level1_compressed
   18097    18097       10     1                 palette_background_level1
   180a7    180a7       10     1                 palette_sprite_level1
   180b7    180b7        3     1                 object_level1
   180ba    180ba       9d     1                 tilemap_level2_compressed
   18157    18157       10     1                 palette_background_level2
   18167    18167       10     1                 palette_sprite_level2
   18177    18177        0     1                 object_level2
   18177    18177       91     1                 tilemap_level3_compressed
   18208    18208       10     1                 palette_background_level3
   18218    18218       10     1                 palette_sprite_level3
   18228    18228        9     1                 object_level3
   18231    18231       8b     1                 tilemap_level4_compressed
   182bc    182bc       10     1                 palette_background_level4
   182cc    182cc       10     1                 palette_sprite_level4
   182dc    182dc       27     1                 object_level4
   18303    18303       9d     1                 tilemap_level5_compressed
   183a0    183a0       10     1                 palette_background_level5
   183b0    183b0       10     1                 palette_sprite_level5
   183c0    183c0        6     1                 object_level5
   183c6    183c6       8b     1                 tilemap_level6_compressed
   18451    18451       10     1                 palette_background_level6
   18461    18461       10     1                 palette_sprite_level6
   18471    18471        3     1                 object_level6
   18474    18474       89     1                 tilemap_level7_compressed
   184fd    184fd       10     1                 palette_background_level7
   1850d    1850d       10     1                 palette_sprite_level7
   1851d    1851d       21     1                 object_level7
   1853e    1853e       8c     1                 tilemap_level8_compressed
   185ca    185ca       10     1                 palette_background_level8
   185da    185da       10     1                 palette_sprite_level8
   185ea    185ea       18     1                 object_level8
   18602    18602       90     1                 tilemap_level9_compressed
   18692    18692       10     1                 palette_background_level9
   186a2    186a2       10     1                 palette_sprite_level9
   186b2    186b2        f     1                 object_level9
   186c1    186c1       93     1                 tilemap_level10_compressed
   18754    18754       10     1                 palette_background_level10
   18764    18764       10     1                 palette_sprite_level10
   18774    18774        c     1                 object_level10
   18780    18780       8f     1                 tilemap_level11_compressed
   1880f    1880f       10     1                 palette_background_level11
   1881f    1881f       10     1                 palette_sprite_level11
   1882f    1882f       12     1                 object_level11
   18841    18841       a1     1                 tilemap_level12_compressed
   188e2    188e2       10     1                 palette_background_level12
   188f2    188f2       10     1                 palette_sprite_level12
   18902    18902        f     1                 object_level12
   18911    18911       91     1                 tilemap_level13_compressed
   189a2    189a2       10     1                 palette_background_level13
   189b2    189b2       10     1                 palette_sprite_level13
   189c2    189c2        f     1                 object_level13
   189d1    189d1       94     1                 tilemap_level14_compressed
   18a65    18a65       10     1                 palette_background_level14
   18a75    18a75       10     1                 palette_sprite_level14
   18a85    18a85        c     1                 object_level14
   18a91    18a91       8d     1                 tilemap_level15_compressed
   18b1e    18b1e       10     1                 palette_background_level15
   18b2e    18b2e       10     1                 palette_sprite_level15
   18b3e    18b3e       1e     1                 object_level15
   18b5c    18b5c       96     1                 tilemap_level16_compressed
   18bf2    18bf2       10     1                 palette_background_level16
   18c02    18c02       10     1                 palette_sprite_level16
   18c12    18c12       15     1                 object_level16
   18c27    18c27       93     1                 tilemap_level17_compressed
   18cba    18cba       10     1                 palette_background_level17
   18cca    18cca       10     1                 palette_sprite_level17
   18cda    18cda        9     1                 object_level17
   18ce3    18ce3       8d     1                 tilemap_level18_compressed
   18d70    18d70       10     1                 palette_background_level18
   18d80    18d80       10     1                 palette_sprite_level18
   18d90    18d90       12     1                 object_level18
   18da2    18da2       cf     1                 tilemap_level19_compressed
   18e71    18e71       10     1                 palette_background_level19
   18e81    18e81       10     1                 palette_sprite_level19
   18e91    18e91        6     1                 object_level19
   18e97    18e97       89     1                 tilemap_level20_compressed
   18f20    18f20       10     1                 palette_background_level20
   18f30    18f30       10     1                 palette_sprite_level20
   18f40    18f40        f     1                 object_level20
   18f4f    18f4f       8d     1                 tilemap_level21_compressed
   18fdc    18fdc       10     1                 palette_background_level21
   18fec    18fec       10     1                 palette_sprite_level21
   18ffc    18ffc       15     1                 object_level21
   19011    19011       9f     1                 tilemap_level22_compressed
   190b0    190b0       10     1                 palette_background_level22
   190c0    190c0       10     1                 palette_sprite_level22
   190d0    190d0        6     1                 object_level22
   190d6    190d6       89     1                 tilemap_level23_compressed
   1915f    1915f       10     1                 palette_background_level23
   1916f    1916f       10     1                 palette_sprite_level23
   1917f    1917f        3     1                 object_level23
   19182    19182       8f     1                 tilemap_level24_compressed
   19211    19211       10     1                 palette_background_level24
   19221    19221       10     1                 palette_sprite_level24
   19231    19231        0     1                 object_level24
   19231    19231       9b     1                 tilemap_level25_compressed
   192cc    192cc       10     1                 palette_background_level25
   192dc    192dc       10     1                 palette_sprite_level25
   192ec    192ec       15     1                 object_level25
   19301    19301       94     1                 tilemap_level26_compressed
   19395    19395       10     1                 palette_background_level26
   193a5    193a5       10     1                 palette_sprite_level26
   193b5    193b5        6     1                 object_level26
   193bb    193bb       90     1                 tilemap_level27_compressed
   1944b    1944b       10     1                 palette_background_level27
   1945b    1945b       10     1                 palette_sprite_level27
   1946b    1946b        6     1                 object_level27
   19471    19471       91     1                 tilemap_level28_compressed
   19502    19502       10     1                 palette_background_level28
   19512    19512       10     1                 palette_sprite_level28
   19522    19522       12     1                 object_level28
   19534    19534       9a     1                 tilemap_level29_compressed
   195ce    195ce       10     1                 palette_background_level29
   195de    195de       10     1                 palette_sprite_level29
   195ee    195ee        f     1                 object_level29
   195fd    195fd       93     1                 tilemap_level30_compressed
   19690    19690       10     1                 palette_background_level30
   196a0    196a0       10     1                 palette_sprite_level30
   196b0    196b0       12     1                 object_level30
   196c2    196c2       92     1                 tilemap_level31_compressed
   19754    19754       10     1                 palette_background_level31
   19764    19764       10     1                 palette_sprite_level31
   19774    19774        3     1                 object_level31
   19777    19777      174     1                 level_data
   28000    28000     1cb8     1 .prg_rom_2
   28000    28000     1cb8     1         build-nes/celeste-nes-temp.nes.lto.o:(.prg_rom_2)
   28000    28000       3c     1                 title_delta_offsets_a
   2803c    2803c      1db     1                 title_nt_rle_a
   28217    28217       40     1                 title_attr0_a
   28257    28257     1a61     1                 title_delta_a
   38000    38000     3c69     1 .prg_rom_3
   38000    38000     3c69     1         build-nes/celeste-nes-temp.nes.lto.o:(.prg_rom_3)
   38000    38000       3c     1                 title_delta_offsets_b
   3803c    3803c      18f     1                 title_nt_rle_b
   381cb    381cb       40     1                 title_attr0_b
   3820b    3820b     1a5e     1                 title_delta_b
   39c69    39c69     2000     1                 title_chr_data
   48000    48000     3811     1 .prg_rom_4
   48000    48000      4c3     1         build-nes/celeste-nes-temp.nes.lto.o:(.prg_rom_4.text)
   48000    48000       8a     1                 la_init_bank4
   4808a    4808a       78     1                 la_load_frame0
   48102    48102       8a     1                 la_decode_rle
   4818c    4818c       13     1                 la_write_attrs
   4819f    4819f      112     1                 la_advance_bank4
   482b1    482b1       e0     1                 la_apply_delta_full
   48391    48391       e2     1                 la_build_next_vram_chunk
   48473    48473       50     1                 la_prepare_delta
   484c3    484c3     333e     1         build-nes/celeste-nes-temp.nes.lto.o:(.prg_rom_4)
   484c3    484c3      a70     1                 level4_anim_chr_tiles
   48f33    48f33       18     1                 level4_anim_delta_offsets_a
   48f4b    48f4b       18     1                 level4_anim_delta_offsets_b
   48f63    48f63      49d     1                 level4_anim_nt0_rle_a
   49400    49400       40     1                 level4_anim_attr0_nt0_a
   49440    49440       27     1                 level4_anim_nt2_rle_a
   49467    49467      2f7     1                 level4_anim_nt0_rle_b
   4975e    4975e       40     1                 level4_anim_attr0_nt0_b
   4979e    4979e       27     1                 level4_anim_nt2_rle_b
   497c5    497c5       40     1                 level4_anim_attr0_nt2_a
   49805    49805       40     1                 level4_anim_attr0_nt2_b
   49845    49845      fde     1                 level4_anim_delta_a
   4a823    4a823      fde     1                 level4_anim_delta_b
   4b801    4b801       10     1         <internal>:(.prg_rom_4)
   58000    58000     2368     1 .prg_rom_5
   58000    58000     2368     1         build-nes/celeste-nes-temp.nes.lto.o:(.prg_rom_5)
   58000    58000      240     1                 gid_to_tile_shared
   58240    58240       60     1                 gid_to_collision
   582a0    582a0       12     1                 gid_to_tile_collapse
   582b2    582b2       12     1                 gid_to_tile_breakable_wall
   582c4    582c4       12     1                 gid_to_tile_monument
   582d6    582d6       12     1                 gid_to_tile_big_chest
   582e8    582e8       80     1                 compression_dict_shared
   58368    58368     2000     1                 game_chr_data
   68000    68000     3669     1 .prg_rom_6
   68000    68000     32ee     1         build-nes/celeste-nes-temp.nes.lto.o:(.prg_rom_6)
   68000    68000      8f7     1                 initObject
   688f7    688f7     1d77     1                 processObject
   6a66e    6a66e      19f     1                 playerInit
   6a80d    6a80d      24c     1                 OBJ_isSolidAt
   6aa59    6aa59      127     1                 port_buildBalloon
   6ab80    6ab80      1ce     1                 render_16x16_sprite
   6ad4e    6ad4e       4f     1                 port_buildChest
   6ad9d    6ad9d       7c     1                 render_object_sprite
   6ae19    6ae19       47     1                 port_buildKey
   6ae60    6ae60       68     1                 port_buildStrawberry
   6aec8    6aec8       88     1                 port_buildPlatMov
   6af50    6af50       b4     1                 render_16x8_sprite
   6b004    6b004      16f     1                 port_buildFlyingBerry
   6b173    6b173       47     1                 port_buildDoubleDashOrb
   6b1ba    6b1ba      134     1                 port_buildSpriteIfDirty
   6b2ee    6b2ee      37b     1         build-nes/celeste-nes-temp.nes.lto.o:(.prg_rom_6.rodata)
   6b2ee    6b2ee       4b     1                 balloonStringFrames
   6b339    6b339      200     1                 rand_table
   6b539    6b539      130     1                 balloon_ytable
   78000    78000      827     1 .prg_rom_7
   78000    78000      5ca     1         build-nes/famistudio_engine.o:(.prg_rom_7)
   78000    78000        0     1                 famistudio_engine_start
   78000    78000        0     1                 famistudio_init
   78058    78058        0     1                 famistudio_music_stop
   780b0    780b0        0     1                 famistudio_music_play
   7811d    7811d        0     1                 famistudio_music_pause
   7815b    7815b        0     1                 famistudio_update
   785ca    785ca      25d     1         build-nes/music_data.o:(.prg_rom_7)
   785ca    785ca        0     1                 music_data_untitled
   a8000    a8000     36fe     1 .prg_rom_10
   a8000    a8000     364a     1         build-nes/celeste-nes-temp.nes.lto.o:(.prg_rom_10.text)
   a8000    a8000      271     1                 tf_a_d0_c0
   a8271    a8271      246     1                 tf_a_d1_c0
   a84b7    a84b7      24e     1                 tf_a_d2_c0
   a8705    a8705      1f8     1                 tf_a_d3_c0
   a88fd    a88fd      240     1                 tf_a_d4_c0
   a8b3d    a8b3d      1fa     1                 tf_a_d5_c0
   a8d37    a8d37      183     1                 tf_a_d6_c0
   a8eba    a8eba      188     1                 tf_a_d7_c0
   a9042    a9042      15d     1                 tf_a_d8_c0
   a919f    a919f      143     1                 tf_a_d9_c0
   a92e2    a92e2      131     1                 tf_a_d10_c0
   a9413    a9413       f4     1                 tf_a_d11_c0
   a9507    a9507       d8     1                 tf_a_d12_c0
   a95df    a95df      139     1                 tf_a_d13_c0
   a9718    a9718      131     1                 tf_a_d14_c0
   a9849    a9849      12e     1                 tf_a_d15_c0
   a9977    a9977      17a     1                 tf_a_d16_c0
   a9af1    a9af1      188     1                 tf_a_d17_c0
   a9c79    a9c79      1c7     1                 tf_a_d18_c0
   a9e40    a9e40      1eb     1                 tf_a_d19_c0
   aa02b    aa02b      1c8     1                 tf_a_d20_c0
   aa1f3    aa1f3      189     1                 tf_a_d21_c0
   aa37c    aa37c      15b     1                 tf_a_d22_c0
   aa4d7    aa4d7      12a     1                 tf_a_d23_c0
   aa601    aa601      117     1                 tf_a_d24_c0
   aa718    aa718      11d     1                 tf_a_d25_c0
   aa835    aa835      12f     1                 tf_a_d26_c0
   aa964    aa964      151     1                 tf_a_d27_c0
   aaab5    aaab5      187     1                 tf_a_d28_c0
   aac3c    aac3c      211     1                 tf_a_d29_c0
   aae4d    aae4d       5e     1                 ta_a_d0
   aaeab    aaeab       66     1                 ta_a_d1
   aaf11    aaf11       56     1                 ta_a_d2
   aaf67    aaf67       53     1                 ta_a_d3
   aafba    aafba       61     1                 ta_a_d4
   ab01b    ab01b       5c     1                 ta_a_d5
   ab077    ab077       48     1                 ta_a_d6
   ab0bf    ab0bf       40     1                 ta_a_d7
   ab0ff    ab0ff       45     1                 ta_a_d8
   ab144    ab144       2a     1                 ta_a_d9
   ab16e    ab16e       29     1                 ta_a_d10
   ab197    ab197       2a     1                 ta_a_d11
   ab1c1    ab1c1       1d     1                 ta_a_d12
   ab1de    ab1de       47     1                 ta_a_d13
   ab225    ab225       39     1                 ta_a_d14
   ab25e    ab25e       39     1                 ta_a_d15
   ab297    ab297       3d     1                 ta_a_d16
   ab2d4    ab2d4       51     1                 ta_a_d17
   ab325    ab325       62     1                 ta_a_d18
   ab387    ab387       5a     1                 ta_a_d19
   ab3e1    ab3e1       4a     1                 ta_a_d20
   ab42b    ab42b       47     1                 ta_a_d21
   ab472    ab472       3f     1                 ta_a_d22
   ab4b1    ab4b1       3c     1                 ta_a_d23
   ab4ed    ab4ed       2f     1                 ta_a_d24
   ab51c    ab51c       3c     1                 ta_a_d25
   ab558    ab558       2d     1                 ta_a_d26
   ab585    ab585       3a     1                 ta_a_d27
   ab5bf    ab5bf       3c     1                 ta_a_d28
   ab5fb    ab5fb       4f     1                 ta_a_d29
   ab64a    ab64a       b4     1         build-nes/celeste-nes-temp.nes.lto.o:(.prg_rom_10)
   ab64a    ab64a       3c     1                 title_flush_table_a
   ab686    ab686       3c     1                 title_flush_offsets_a
   ab6c2    ab6c2       3c     1                 title_attr_table_a
   b8000    b8000     36e5     1 .prg_rom_11
   b8000    b8000     3631     1         build-nes/celeste-nes-temp.nes.lto.o:(.prg_rom_11.text)
   b8000    b8000      270     1                 tf_b_d0_c0
   b8270    b8270      247     1                 tf_b_d1_c0
   b84b7    b84b7      24d     1                 tf_b_d2_c0
   b8704    b8704      1fa     1                 tf_b_d3_c0
   b88fe    b88fe      230     1                 tf_b_d4_c0
   b8b2e    b8b2e      1f6     1                 tf_b_d5_c0
   b8d24    b8d24      180     1                 tf_b_d6_c0
   b8ea4    b8ea4      185     1                 tf_b_d7_c0
   b9029    b9029      163     1                 tf_b_d8_c0
   b918c    b918c      141     1                 tf_b_d9_c0
   b92cd    b92cd      137     1                 tf_b_d10_c0
   b9404    b9404       f8     1                 tf_b_d11_c0
   b94fc    b94fc       e6     1                 tf_b_d12_c0
   b95e2    b95e2      131     1                 tf_b_d13_c0
   b9713    b9713      135     1                 tf_b_d14_c0
   b9848    b9848      12f     1                 tf_b_d15_c0
   b9977    b9977      178     1                 tf_b_d16_c0
   b9aef    b9aef      180     1                 tf_b_d17_c0
   b9c6f    b9c6f      1ba     1                 tf_b_d18_c0
   b9e29    b9e29      1de     1                 tf_b_d19_c0
   ba007    ba007      1c4     1                 tf_b_d20_c0
   ba1cb    ba1cb      18e     1                 tf_b_d21_c0
   ba359    ba359      155     1                 tf_b_d22_c0
   ba4ae    ba4ae      12e     1                 tf_b_d23_c0
   ba5dc    ba5dc      111     1                 tf_b_d24_c0
   ba6ed    ba6ed      11d     1                 tf_b_d25_c0
   ba80a    ba80a      12d     1                 tf_b_d26_c0
   ba937    ba937      156     1                 tf_b_d27_c0
   baa8d    baa8d      192     1                 tf_b_d28_c0
   bac1f    bac1f      215     1                 tf_b_d29_c0
   bae34    bae34       5e     1                 ta_b_d0
   bae92    bae92       66     1                 ta_b_d1
   baef8    baef8       56     1                 ta_b_d2
   baf4e    baf4e       53     1                 ta_b_d3
   bafa1    bafa1       61     1                 ta_b_d4
   bb002    bb002       5c     1                 ta_b_d5
   bb05e    bb05e       48     1                 ta_b_d6
   bb0a6    bb0a6       40     1                 ta_b_d7
   bb0e6    bb0e6       45     1                 ta_b_d8
   bb12b    bb12b       2a     1                 ta_b_d9
   bb155    bb155       29     1                 ta_b_d10
   bb17e    bb17e       2a     1                 ta_b_d11
   bb1a8    bb1a8       1d     1                 ta_b_d12
   bb1c5    bb1c5       47     1                 ta_b_d13
   bb20c    bb20c       39     1                 ta_b_d14
   bb245    bb245       39     1                 ta_b_d15
   bb27e    bb27e       3d     1                 ta_b_d16
   bb2bb    bb2bb       51     1                 ta_b_d17
   bb30c    bb30c       62     1                 ta_b_d18
   bb36e    bb36e       5a     1                 ta_b_d19
   bb3c8    bb3c8       4a     1                 ta_b_d20
   bb412    bb412       47     1                 ta_b_d21
   bb459    bb459       3f     1                 ta_b_d22
   bb498    bb498       3c     1                 ta_b_d23
   bb4d4    bb4d4       2f     1                 ta_b_d24
   bb503    bb503       3c     1                 ta_b_d25
   bb53f    bb53f       2d     1                 ta_b_d26
   bb56c    bb56c       3a     1                 ta_b_d27
   bb5a6    bb5a6       3c     1                 ta_b_d28
   bb5e2    bb5e2       4f     1                 ta_b_d29
   bb631    bb631       b4     1         build-nes/celeste-nes-temp.nes.lto.o:(.prg_rom_11)
   bb631    bb631       3c     1                 title_flush_table_b
   bb66d    bb66d       3c     1                 title_flush_offsets_b
   bb6a9    bb6a9       3c     1                 title_attr_table_b
    fe98     fe98        1     1 .rom_poke_table_0
    fe98     fe98        0     1         __rom_poke_table = .
    fe98     fe98        1     1         . = . + (__rom_poke_table_size > 0 ? 1 : 0)
    fe99     fe99        1     1 .rom_poke_table_1
    fe99     fe99        1     1         . = . + (__rom_poke_table_size > 1 ? 1 : 0)
    fe9a     fe9a        1     1 .rom_poke_table_2
    fe9a     fe9a        1     1         . = . + (__rom_poke_table_size > 2 ? 1 : 0)
    fe9b     fe9b        1     1 .rom_poke_table_3
    fe9b     fe9b        1     1         . = . + (__rom_poke_table_size > 3 ? 1 : 0)
    fe9c     fe9c        1     1 .rom_poke_table_4
    fe9c     fe9c        1     1         . = . + (__rom_poke_table_size > 4 ? 1 : 0)
    fe9d     fe9d        1     1 .rom_poke_table_5
    fe9d     fe9d        1     1         . = . + (__rom_poke_table_size > 5 ? 1 : 0)
    fe9e     fe9e        1     1 .rom_poke_table_6
    fe9e     fe9e        1     1         . = . + (__rom_poke_table_size > 6 ? 1 : 0)
    fe9f     fe9f        1     1 .rom_poke_table_7
    fe9f     fe9f        1     1         . = . + (__rom_poke_table_size > 7 ? 1 : 0)
    fea0     fea0        1     1 .rom_poke_table_8
    fea0     fea0        1     1         . = . + (__rom_poke_table_size > 8 ? 1 : 0)
    fea1     fea1        1     1 .rom_poke_table_9
    fea1     fea1        1     1         . = . + (__rom_poke_table_size > 9 ? 1 : 0)
    fea2     fea2        1     1 .rom_poke_table_10
    fea2     fea2        1     1         . = . + (__rom_poke_table_size > 10 ? 1 : 0)
    fea3     fea3        1     1 .rom_poke_table_11
    fea3     fea3        1     1         . = . + (__rom_poke_table_size > 11 ? 1 : 0)
    fea4     fea4        1     1 .rom_poke_table_12
    fea4     fea4        1     1         . = . + (__rom_poke_table_size > 12 ? 1 : 0)
    fea5     fea5        1     1 .rom_poke_table_13
    fea5     fea5        1     1         . = . + (__rom_poke_table_size > 13 ? 1 : 0)
    fea6     fea6        1     1 .rom_poke_table_14
    fea6     fea6        1     1         . = . + (__rom_poke_table_size > 14 ? 1 : 0)
    fea7     fea7        1     1 .rom_poke_table_15
    fea7     fea7        1     1         . = . + (__rom_poke_table_size > 15 ? 1 : 0)
    fea8     fea8        1     1 .rom_poke_table_16
    fea8     fea8        1     1         . = . + (__rom_poke_table_size > 16 ? 1 : 0)
    fea9     fea9        1     1 .rom_poke_table_17
    fea9     fea9        1     1         . = . + (__rom_poke_table_size > 17 ? 1 : 0)
    feaa     feaa        1     1 .rom_poke_table_18
    feaa     feaa        1     1         . = . + (__rom_poke_table_size > 18 ? 1 : 0)
    feab     feab        1     1 .rom_poke_table_19
    feab     feab        1     1         . = . + (__rom_poke_table_size > 19 ? 1 : 0)
    feac     feac        1     1 .rom_poke_table_20
    feac     feac        1     1         . = . + (__rom_poke_table_size > 20 ? 1 : 0)
    fead     fead        1     1 .rom_poke_table_21
    fead     fead        1     1         . = . + (__rom_poke_table_size > 21 ? 1 : 0)
    feae     feae        1     1 .rom_poke_table_22
    feae     feae        1     1         . = . + (__rom_poke_table_size > 22 ? 1 : 0)
    feaf     feaf        1     1 .rom_poke_table_23
    feaf     feaf        1     1         . = . + (__rom_poke_table_size > 23 ? 1 : 0)
    feb0     feb0        1     1 .rom_poke_table_24
    feb0     feb0        1     1         . = . + (__rom_poke_table_size > 24 ? 1 : 0)
    feb1     feb1        1     1 .rom_poke_table_25
    feb1     feb1        1     1         . = . + (__rom_poke_table_size > 25 ? 1 : 0)
    feb2     feb2        1     1 .rom_poke_table_26
    feb2     feb2        1     1         . = . + (__rom_poke_table_size > 26 ? 1 : 0)
    feb3     feb3        1     1 .rom_poke_table_27
    feb3     feb3        1     1         . = . + (__rom_poke_table_size > 27 ? 1 : 0)
    feb4     feb4        1     1 .rom_poke_table_28
    feb4     feb4        1     1         . = . + (__rom_poke_table_size > 28 ? 1 : 0)
    feb5     feb5        1     1 .rom_poke_table_29
    feb5     feb5        1     1         . = . + (__rom_poke_table_size > 29 ? 1 : 0)
    feb6     feb6        1     1 .rom_poke_table_30
    feb6     feb6        1     1         . = . + (__rom_poke_table_size > 30 ? 1 : 0)
    feb7     feb7        1     1 .rom_poke_table_31
    feb7     feb7        1     1         . = . + (__rom_poke_table_size > 31 ? 1 : 0)
    feb8     feb8        0     1 .rom_poke_table_32
    feb8     feb8        0     1         . = . + (__rom_poke_table_size > 32 ? 1 : 0)
    feb8     feb8        0     1 .rom_poke_table_33
    feb8     feb8        0     1         . = . + (__rom_poke_table_size > 33 ? 1 : 0)
    feb8     feb8        0     1 .rom_poke_table_34
    feb8     feb8        0     1         . = . + (__rom_poke_table_size > 34 ? 1 : 0)
    feb8     feb8        0     1 .rom_poke_table_35
    feb8     feb8        0     1         . = . + (__rom_poke_table_size > 35 ? 1 : 0)
    feb8     feb8        0     1 .rom_poke_table_36
    feb8     feb8        0     1         . = . + (__rom_poke_table_size > 36 ? 1 : 0)
    feb8     feb8        0     1 .rom_poke_table_37
    feb8     feb8        0     1         . = . + (__rom_poke_table_size > 37 ? 1 : 0)
    feb8     feb8        0     1 .rom_poke_table_38
    feb8     feb8        0     1         . = . + (__rom_poke_table_size > 38 ? 1 : 0)
    feb8     feb8        0     1 .rom_poke_table_39
    feb8     feb8        0     1         . = . + (__rom_poke_table_size > 39 ? 1 : 0)
    feb8     feb8        0     1 .rom_poke_table_40
    feb8     feb8        0     1         . = . + (__rom_poke_table_size > 40 ? 1 : 0)
    feb8     feb8        0     1 .rom_poke_table_41
    feb8     feb8        0     1         . = . + (__rom_poke_table_size > 41 ? 1 : 0)
    feb8     feb8        0     1 .rom_poke_table_42
    feb8     feb8        0     1         . = . + (__rom_poke_table_size > 42 ? 1 : 0)
    feb8     feb8        0     1 .rom_poke_table_43
    feb8     feb8        0     1         . = . + (__rom_poke_table_size > 43 ? 1 : 0)
    feb8     feb8        0     1 .rom_poke_table_44
    feb8     feb8        0     1         . = . + (__rom_poke_table_size > 44 ? 1 : 0)
    feb8     feb8        0     1 .rom_poke_table_45
    feb8     feb8        0     1         . = . + (__rom_poke_table_size > 45 ? 1 : 0)
    feb8     feb8        0     1 .rom_poke_table_46
    feb8     feb8        0     1         . = . + (__rom_poke_table_size > 46 ? 1 : 0)
    feb8     feb8        0     1 .rom_poke_table_47
    feb8     feb8        0     1         . = . + (__rom_poke_table_size > 47 ? 1 : 0)
    feb8     feb8        0     1 .rom_poke_table_48
    feb8     feb8        0     1         . = . + (__rom_poke_table_size > 48 ? 1 : 0)
    feb8     feb8        0     1 .rom_poke_table_49
    feb8     feb8        0     1         . = . + (__rom_poke_table_size > 49 ? 1 : 0)
    feb8     feb8        0     1 .rom_poke_table_50
    feb8     feb8        0     1         . = . + (__rom_poke_table_size > 50 ? 1 : 0)
    feb8     feb8        0     1 .rom_poke_table_51
    feb8     feb8        0     1         . = . + (__rom_poke_table_size > 51 ? 1 : 0)
    feb8     feb8        0     1 .rom_poke_table_52
    feb8     feb8        0     1         . = . + (__rom_poke_table_size > 52 ? 1 : 0)
    feb8     feb8        0     1 .rom_poke_table_53
    feb8     feb8        0     1         . = . + (__rom_poke_table_size > 53 ? 1 : 0)
    feb8     feb8        0     1 .rom_poke_table_54
    feb8     feb8        0     1         . = . + (__rom_poke_table_size > 54 ? 1 : 0)
    feb8     feb8        0     1 .rom_poke_table_55
    feb8     feb8        0     1         . = . + (__rom_poke_table_size > 55 ? 1 : 0)
    feb8     feb8        0     1 .rom_poke_table_56
    feb8     feb8        0     1         . = . + (__rom_poke_table_size > 56 ? 1 : 0)
    feb8     feb8        0     1 .rom_poke_table_57
    feb8     feb8        0     1         . = . + (__rom_poke_table_size > 57 ? 1 : 0)
    feb8     feb8        0     1 .rom_poke_table_58
    feb8     feb8        0     1         . = . + (__rom_poke_table_size > 58 ? 1 : 0)
    feb8     feb8        0     1 .rom_poke_table_59
    feb8     feb8        0     1         . = . + (__rom_poke_table_size > 59 ? 1 : 0)
    feb8     feb8        0     1 .rom_poke_table_60
    feb8     feb8        0     1         . = . + (__rom_poke_table_size > 60 ? 1 : 0)
    feb8     feb8        0     1 .rom_poke_table_61
    feb8     feb8        0     1         . = . + (__rom_poke_table_size > 61 ? 1 : 0)
    feb8     feb8        0     1 .rom_poke_table_62
    feb8     feb8        0     1         . = . + (__rom_poke_table_size > 62 ? 1 : 0)
    feb8     feb8        0     1 .rom_poke_table_63
    feb8     feb8        0     1         . = . + (__rom_poke_table_size > 63 ? 1 : 0)
    feb8     feb8        0     1 .rom_poke_table_64
    feb8     feb8        0     1         . = . + (__rom_poke_table_size > 64 ? 1 : 0)
    feb8     feb8        0     1 .rom_poke_table_65
    feb8     feb8        0     1         . = . + (__rom_poke_table_size > 65 ? 1 : 0)
    feb8     feb8        0     1 .rom_poke_table_66
    feb8     feb8        0     1         . = . + (__rom_poke_table_size > 66 ? 1 : 0)
    feb8     feb8        0     1 .rom_poke_table_67
    feb8     feb8        0     1         . = . + (__rom_poke_table_size > 67 ? 1 : 0)
    feb8     feb8        0     1 .rom_poke_table_68
    feb8     feb8        0     1         . = . + (__rom_poke_table_size > 68 ? 1 : 0)
    feb8     feb8        0     1 .rom_poke_table_69
    feb8     feb8        0     1         . = . + (__rom_poke_table_size > 69 ? 1 : 0)
    feb8     feb8        0     1 .rom_poke_table_70
    feb8     feb8        0     1         . = . + (__rom_poke_table_size > 70 ? 1 : 0)
    feb8     feb8        0     1 .rom_poke_table_71
    feb8     feb8        0     1         . = . + (__rom_poke_table_size > 71 ? 1 : 0)
    feb8     feb8        0     1 .rom_poke_table_72
    feb8     feb8        0     1         . = . + (__rom_poke_table_size > 72 ? 1 : 0)
    feb8     feb8        0     1 .rom_poke_table_73
    feb8     feb8        0     1         . = . + (__rom_poke_table_size > 73 ? 1 : 0)
    feb8     feb8        0     1 .rom_poke_table_74
    feb8     feb8        0     1         . = . + (__rom_poke_table_size > 74 ? 1 : 0)
    feb8     feb8        0     1 .rom_poke_table_75
    feb8     feb8        0     1         . = . + (__rom_poke_table_size > 75 ? 1 : 0)
    feb8     feb8        0     1 .rom_poke_table_76
    feb8     feb8        0     1         . = . + (__rom_poke_table_size > 76 ? 1 : 0)
    feb8     feb8        0     1 .rom_poke_table_77
    feb8     feb8        0     1         . = . + (__rom_poke_table_size > 77 ? 1 : 0)
    feb8     feb8        0     1 .rom_poke_table_78
    feb8     feb8        0     1         . = . + (__rom_poke_table_size > 78 ? 1 : 0)
    feb8     feb8        0     1 .rom_poke_table_79
    feb8     feb8        0     1         . = . + (__rom_poke_table_size > 79 ? 1 : 0)
    feb8     feb8        0     1 .rom_poke_table_80
    feb8     feb8        0     1         . = . + (__rom_poke_table_size > 80 ? 1 : 0)
    feb8     feb8        0     1 .rom_poke_table_81
    feb8     feb8        0     1         . = . + (__rom_poke_table_size > 81 ? 1 : 0)
    feb8     feb8        0     1 .rom_poke_table_82
    feb8     feb8        0     1         . = . + (__rom_poke_table_size > 82 ? 1 : 0)
    feb8     feb8        0     1 .rom_poke_table_83
    feb8     feb8        0     1         . = . + (__rom_poke_table_size > 83 ? 1 : 0)
    feb8     feb8        0     1 .rom_poke_table_84
    feb8     feb8        0     1         . = . + (__rom_poke_table_size > 84 ? 1 : 0)
    feb8     feb8        0     1 .rom_poke_table_85
    feb8     feb8        0     1         . = . + (__rom_poke_table_size > 85 ? 1 : 0)
    feb8     feb8        0     1 .rom_poke_table_86
    feb8     feb8        0     1         . = . + (__rom_poke_table_size > 86 ? 1 : 0)
    feb8     feb8        0     1 .rom_poke_table_87
    feb8     feb8        0     1         . = . + (__rom_poke_table_size > 87 ? 1 : 0)
    feb8     feb8        0     1 .rom_poke_table_88
    feb8     feb8        0     1         . = . + (__rom_poke_table_size > 88 ? 1 : 0)
    feb8     feb8        0     1 .rom_poke_table_89
    feb8     feb8        0     1         . = . + (__rom_poke_table_size > 89 ? 1 : 0)
    feb8     feb8        0     1 .rom_poke_table_90
    feb8     feb8        0     1         . = . + (__rom_poke_table_size > 90 ? 1 : 0)
    feb8     feb8        0     1 .rom_poke_table_91
    feb8     feb8        0     1         . = . + (__rom_poke_table_size > 91 ? 1 : 0)
    feb8     feb8        0     1 .rom_poke_table_92
    feb8     feb8        0     1         . = . + (__rom_poke_table_size > 92 ? 1 : 0)
    feb8     feb8        0     1 .rom_poke_table_93
    feb8     feb8        0     1         . = . + (__rom_poke_table_size > 93 ? 1 : 0)
    feb8     feb8        0     1 .rom_poke_table_94
    feb8     feb8        0     1         . = . + (__rom_poke_table_size > 94 ? 1 : 0)
    feb8     feb8        0     1 .rom_poke_table_95
    feb8     feb8        0     1         . = . + (__rom_poke_table_size > 95 ? 1 : 0)
    feb8     feb8        0     1 .rom_poke_table_96
    feb8     feb8        0     1         . = . + (__rom_poke_table_size > 96 ? 1 : 0)
    feb8     feb8        0     1 .rom_poke_table_97
    feb8     feb8        0     1         . = . + (__rom_poke_table_size > 97 ? 1 : 0)
    feb8     feb8        0     1 .rom_poke_table_98
    feb8     feb8        0     1         . = . + (__rom_poke_table_size > 98 ? 1 : 0)
    feb8     feb8        0     1 .rom_poke_table_99
    feb8     feb8        0     1         . = . + (__rom_poke_table_size > 99 ? 1 : 0)
    feb8     feb8        0     1 .rom_poke_table_100
    feb8     feb8        0     1         . = . + (__rom_poke_table_size > 100 ? 1 : 0)
    feb8     feb8        0     1 .rom_poke_table_101
    feb8     feb8        0     1         . = . + (__rom_poke_table_size > 101 ? 1 : 0)
    feb8     feb8        0     1 .rom_poke_table_102
    feb8     feb8        0     1         . = . + (__rom_poke_table_size > 102 ? 1 : 0)
    feb8     feb8        0     1 .rom_poke_table_103
    feb8     feb8        0     1         . = . + (__rom_poke_table_size > 103 ? 1 : 0)
    feb8     feb8        0     1 .rom_poke_table_104
    feb8     feb8        0     1         . = . + (__rom_poke_table_size > 104 ? 1 : 0)
    feb8     feb8        0     1 .rom_poke_table_105
    feb8     feb8        0     1         . = . + (__rom_poke_table_size > 105 ? 1 : 0)
    feb8     feb8        0     1 .rom_poke_table_106
    feb8     feb8        0     1         . = . + (__rom_poke_table_size > 106 ? 1 : 0)
    feb8     feb8        0     1 .rom_poke_table_107
    feb8     feb8        0     1         . = . + (__rom_poke_table_size > 107 ? 1 : 0)
    feb8     feb8        0     1 .rom_poke_table_108
    feb8     feb8        0     1         . = . + (__rom_poke_table_size > 108 ? 1 : 0)
    feb8     feb8        0     1 .rom_poke_table_109
    feb8     feb8        0     1         . = . + (__rom_poke_table_size > 109 ? 1 : 0)
    feb8     feb8        0     1 .rom_poke_table_110
    feb8     feb8        0     1         . = . + (__rom_poke_table_size > 110 ? 1 : 0)
    feb8     feb8        0     1 .rom_poke_table_111
    feb8     feb8        0     1         . = . + (__rom_poke_table_size > 111 ? 1 : 0)
    feb8     feb8        0     1 .rom_poke_table_112
    feb8     feb8        0     1         . = . + (__rom_poke_table_size > 112 ? 1 : 0)
    feb8     feb8        0     1 .rom_poke_table_113
    feb8     feb8        0     1         . = . + (__rom_poke_table_size > 113 ? 1 : 0)
    feb8     feb8        0     1 .rom_poke_table_114
    feb8     feb8        0     1         . = . + (__rom_poke_table_size > 114 ? 1 : 0)
    feb8     feb8        0     1 .rom_poke_table_115
    feb8     feb8        0     1         . = . + (__rom_poke_table_size > 115 ? 1 : 0)
    feb8     feb8        0     1 .rom_poke_table_116
    feb8     feb8        0     1         . = . + (__rom_poke_table_size > 116 ? 1 : 0)
    feb8     feb8        0     1 .rom_poke_table_117
    feb8     feb8        0     1         . = . + (__rom_poke_table_size > 117 ? 1 : 0)
    feb8     feb8        0     1 .rom_poke_table_118
    feb8     feb8        0     1         . = . + (__rom_poke_table_size > 118 ? 1 : 0)
    feb8     feb8        0     1 .rom_poke_table_119
    feb8     feb8        0     1         . = . + (__rom_poke_table_size > 119 ? 1 : 0)
    feb8     feb8        0     1 .rom_poke_table_120
    feb8     feb8        0     1         . = . + (__rom_poke_table_size > 120 ? 1 : 0)
    feb8     feb8        0     1 .rom_poke_table_121
    feb8     feb8        0     1         . = . + (__rom_poke_table_size > 121 ? 1 : 0)
    feb8     feb8        0     1 .rom_poke_table_122
    feb8     feb8        0     1         . = . + (__rom_poke_table_size > 122 ? 1 : 0)
    feb8     feb8        0     1 .rom_poke_table_123
    feb8     feb8        0     1         . = . + (__rom_poke_table_size > 123 ? 1 : 0)
    feb8     feb8        0     1 .rom_poke_table_124
    feb8     feb8        0     1         . = . + (__rom_poke_table_size > 124 ? 1 : 0)
    feb8     feb8        0     1 .rom_poke_table_125
    feb8     feb8        0     1         . = . + (__rom_poke_table_size > 125 ? 1 : 0)
    feb8     feb8        0     1 .rom_poke_table_126
    feb8     feb8        0     1         . = . + (__rom_poke_table_size > 126 ? 1 : 0)
    feb8     feb8        0     1 .rom_poke_table_127
    feb8     feb8        0     1         . = . + (__rom_poke_table_size > 127 ? 1 : 0)
    feb8     feb8        0     1 .rom_poke_table_128
    feb8     feb8        0     1         . = . + (__rom_poke_table_size > 128 ? 1 : 0)
    feb8     feb8        0     1 .rom_poke_table_129
    feb8     feb8        0     1         . = . + (__rom_poke_table_size > 129 ? 1 : 0)
    feb8     feb8        0     1 .rom_poke_table_130
    feb8     feb8        0     1         . = . + (__rom_poke_table_size > 130 ? 1 : 0)
    feb8     feb8        0     1 .rom_poke_table_131
    feb8     feb8        0     1         . = . + (__rom_poke_table_size > 131 ? 1 : 0)
    feb8     feb8        0     1 .rom_poke_table_132
    feb8     feb8        0     1         . = . + (__rom_poke_table_size > 132 ? 1 : 0)
    feb8     feb8        0     1 .rom_poke_table_133
    feb8     feb8        0     1         . = . + (__rom_poke_table_size > 133 ? 1 : 0)
    feb8     feb8        0     1 .rom_poke_table_134
    feb8     feb8        0     1         . = . + (__rom_poke_table_size > 134 ? 1 : 0)
    feb8     feb8        0     1 .rom_poke_table_135
    feb8     feb8        0     1         . = . + (__rom_poke_table_size > 135 ? 1 : 0)
    feb8     feb8        0     1 .rom_poke_table_136
    feb8     feb8        0     1         . = . + (__rom_poke_table_size > 136 ? 1 : 0)
    feb8     feb8        0     1 .rom_poke_table_137
    feb8     feb8        0     1         . = . + (__rom_poke_table_size > 137 ? 1 : 0)
    feb8     feb8        0     1 .rom_poke_table_138
    feb8     feb8        0     1         . = . + (__rom_poke_table_size > 138 ? 1 : 0)
    feb8     feb8        0     1 .rom_poke_table_139
    feb8     feb8        0     1         . = . + (__rom_poke_table_size > 139 ? 1 : 0)
    feb8     feb8        0     1 .rom_poke_table_140
    feb8     feb8        0     1         . = . + (__rom_poke_table_size > 140 ? 1 : 0)
    feb8     feb8        0     1 .rom_poke_table_141
    feb8     feb8        0     1         . = . + (__rom_poke_table_size > 141 ? 1 : 0)
    feb8     feb8        0     1 .rom_poke_table_142
    feb8     feb8        0     1         . = . + (__rom_poke_table_size > 142 ? 1 : 0)
    feb8     feb8        0     1 .rom_poke_table_143
    feb8     feb8        0     1         . = . + (__rom_poke_table_size > 143 ? 1 : 0)
    feb8     feb8        0     1 .rom_poke_table_144
    feb8     feb8        0     1         . = . + (__rom_poke_table_size > 144 ? 1 : 0)
    feb8     feb8        0     1 .rom_poke_table_145
    feb8     feb8        0     1         . = . + (__rom_poke_table_size > 145 ? 1 : 0)
    feb8     feb8        0     1 .rom_poke_table_146
    feb8     feb8        0     1         . = . + (__rom_poke_table_size > 146 ? 1 : 0)
    feb8     feb8        0     1 .rom_poke_table_147
    feb8     feb8        0     1         . = . + (__rom_poke_table_size > 147 ? 1 : 0)
    feb8     feb8        0     1 .rom_poke_table_148
    feb8     feb8        0     1         . = . + (__rom_poke_table_size > 148 ? 1 : 0)
    feb8     feb8        0     1 .rom_poke_table_149
    feb8     feb8        0     1         . = . + (__rom_poke_table_size > 149 ? 1 : 0)
    feb8     feb8        0     1 .rom_poke_table_150
    feb8     feb8        0     1         . = . + (__rom_poke_table_size > 150 ? 1 : 0)
    feb8     feb8        0     1 .rom_poke_table_151
    feb8     feb8        0     1         . = . + (__rom_poke_table_size > 151 ? 1 : 0)
    feb8     feb8        0     1 .rom_poke_table_152
    feb8     feb8        0     1         . = . + (__rom_poke_table_size > 152 ? 1 : 0)
    feb8     feb8        0     1 .rom_poke_table_153
    feb8     feb8        0     1         . = . + (__rom_poke_table_size > 153 ? 1 : 0)
    feb8     feb8        0     1 .rom_poke_table_154
    feb8     feb8        0     1         . = . + (__rom_poke_table_size > 154 ? 1 : 0)
    feb8     feb8        0     1 .rom_poke_table_155
    feb8     feb8        0     1         . = . + (__rom_poke_table_size > 155 ? 1 : 0)
    feb8     feb8        0     1 .rom_poke_table_156
    feb8     feb8        0     1         . = . + (__rom_poke_table_size > 156 ? 1 : 0)
    feb8     feb8        0     1 .rom_poke_table_157
    feb8     feb8        0     1         . = . + (__rom_poke_table_size > 157 ? 1 : 0)
    feb8     feb8        0     1 .rom_poke_table_158
    feb8     feb8        0     1         . = . + (__rom_poke_table_size > 158 ? 1 : 0)
    feb8     feb8        0     1 .rom_poke_table_159
    feb8     feb8        0     1         . = . + (__rom_poke_table_size > 159 ? 1 : 0)
    feb8     feb8        0     1 .rom_poke_table_160
    feb8     feb8        0     1         . = . + (__rom_poke_table_size > 160 ? 1 : 0)
    feb8     feb8        0     1 .rom_poke_table_161
    feb8     feb8        0     1         . = . + (__rom_poke_table_size > 161 ? 1 : 0)
    feb8     feb8        0     1 .rom_poke_table_162
    feb8     feb8        0     1         . = . + (__rom_poke_table_size > 162 ? 1 : 0)
    feb8     feb8        0     1 .rom_poke_table_163
    feb8     feb8        0     1         . = . + (__rom_poke_table_size > 163 ? 1 : 0)
    feb8     feb8        0     1 .rom_poke_table_164
    feb8     feb8        0     1         . = . + (__rom_poke_table_size > 164 ? 1 : 0)
    feb8     feb8        0     1 .rom_poke_table_165
    feb8     feb8        0     1         . = . + (__rom_poke_table_size > 165 ? 1 : 0)
    feb8     feb8        0     1 .rom_poke_table_166
    feb8     feb8        0     1         . = . + (__rom_poke_table_size > 166 ? 1 : 0)
    feb8     feb8        0     1 .rom_poke_table_167
    feb8     feb8        0     1         . = . + (__rom_poke_table_size > 167 ? 1 : 0)
    feb8     feb8        0     1 .rom_poke_table_168
    feb8     feb8        0     1         . = . + (__rom_poke_table_size > 168 ? 1 : 0)
    feb8     feb8        0     1 .rom_poke_table_169
    feb8     feb8        0     1         . = . + (__rom_poke_table_size > 169 ? 1 : 0)
    feb8     feb8        0     1 .rom_poke_table_170
    feb8     feb8        0     1         . = . + (__rom_poke_table_size > 170 ? 1 : 0)
    feb8     feb8        0     1 .rom_poke_table_171
    feb8     feb8        0     1         . = . + (__rom_poke_table_size > 171 ? 1 : 0)
    feb8     feb8        0     1 .rom_poke_table_172
    feb8     feb8        0     1         . = . + (__rom_poke_table_size > 172 ? 1 : 0)
    feb8     feb8        0     1 .rom_poke_table_173
    feb8     feb8        0     1         . = . + (__rom_poke_table_size > 173 ? 1 : 0)
    feb8     feb8        0     1 .rom_poke_table_174
    feb8     feb8        0     1         . = . + (__rom_poke_table_size > 174 ? 1 : 0)
    feb8     feb8        0     1 .rom_poke_table_175
    feb8     feb8        0     1         . = . + (__rom_poke_table_size > 175 ? 1 : 0)
    feb8     feb8        0     1 .rom_poke_table_176
    feb8     feb8        0     1         . = . + (__rom_poke_table_size > 176 ? 1 : 0)
    feb8     feb8        0     1 .rom_poke_table_177
    feb8     feb8        0     1         . = . + (__rom_poke_table_size > 177 ? 1 : 0)
    feb8     feb8        0     1 .rom_poke_table_178
    feb8     feb8        0     1         . = . + (__rom_poke_table_size > 178 ? 1 : 0)
    feb8     feb8        0     1 .rom_poke_table_179
    feb8     feb8        0     1         . = . + (__rom_poke_table_size > 179 ? 1 : 0)
    feb8     feb8        0     1 .rom_poke_table_180
    feb8     feb8        0     1         . = . + (__rom_poke_table_size > 180 ? 1 : 0)
    feb8     feb8        0     1 .rom_poke_table_181
    feb8     feb8        0     1         . = . + (__rom_poke_table_size > 181 ? 1 : 0)
    feb8     feb8        0     1 .rom_poke_table_182
    feb8     feb8        0     1         . = . + (__rom_poke_table_size > 182 ? 1 : 0)
    feb8     feb8        0     1 .rom_poke_table_183
    feb8     feb8        0     1         . = . + (__rom_poke_table_size > 183 ? 1 : 0)
    feb8     feb8        0     1 .rom_poke_table_184
    feb8     feb8        0     1         . = . + (__rom_poke_table_size > 184 ? 1 : 0)
    feb8     feb8        0     1 .rom_poke_table_185
    feb8     feb8        0     1         . = . + (__rom_poke_table_size > 185 ? 1 : 0)
    feb8     feb8        0     1 .rom_poke_table_186
    feb8     feb8        0     1         . = . + (__rom_poke_table_size > 186 ? 1 : 0)
    feb8     feb8        0     1 .rom_poke_table_187
    feb8     feb8        0     1         . = . + (__rom_poke_table_size > 187 ? 1 : 0)
    feb8     feb8        0     1 .rom_poke_table_188
    feb8     feb8        0     1         . = . + (__rom_poke_table_size > 188 ? 1 : 0)
    feb8     feb8        0     1 .rom_poke_table_189
    feb8     feb8        0     1         . = . + (__rom_poke_table_size > 189 ? 1 : 0)
    feb8     feb8        0     1 .rom_poke_table_190
    feb8     feb8        0     1         . = . + (__rom_poke_table_size > 190 ? 1 : 0)
    feb8     feb8        0     1 .rom_poke_table_191
    feb8     feb8        0     1         . = . + (__rom_poke_table_size > 191 ? 1 : 0)
    feb8     feb8        0     1 .rom_poke_table_192
    feb8     feb8        0     1         . = . + (__rom_poke_table_size > 192 ? 1 : 0)
    feb8     feb8        0     1 .rom_poke_table_193
    feb8     feb8        0     1         . = . + (__rom_poke_table_size > 193 ? 1 : 0)
    feb8     feb8        0     1 .rom_poke_table_194
    feb8     feb8        0     1         . = . + (__rom_poke_table_size > 194 ? 1 : 0)
    feb8     feb8        0     1 .rom_poke_table_195
    feb8     feb8        0     1         . = . + (__rom_poke_table_size > 195 ? 1 : 0)
    feb8     feb8        0     1 .rom_poke_table_196
    feb8     feb8        0     1         . = . + (__rom_poke_table_size > 196 ? 1 : 0)
    feb8     feb8        0     1 .rom_poke_table_197
    feb8     feb8        0     1         . = . + (__rom_poke_table_size > 197 ? 1 : 0)
    feb8     feb8        0     1 .rom_poke_table_198
    feb8     feb8        0     1         . = . + (__rom_poke_table_size > 198 ? 1 : 0)
    feb8     feb8        0     1 .rom_poke_table_199
    feb8     feb8        0     1         . = . + (__rom_poke_table_size > 199 ? 1 : 0)
    feb8     feb8        0     1 .rom_poke_table_200
    feb8     feb8        0     1         . = . + (__rom_poke_table_size > 200 ? 1 : 0)
    feb8     feb8        0     1 .rom_poke_table_201
    feb8     feb8        0     1         . = . + (__rom_poke_table_size > 201 ? 1 : 0)
    feb8     feb8        0     1 .rom_poke_table_202
    feb8     feb8        0     1         . = . + (__rom_poke_table_size > 202 ? 1 : 0)
    feb8     feb8        0     1 .rom_poke_table_203
    feb8     feb8        0     1         . = . + (__rom_poke_table_size > 203 ? 1 : 0)
    feb8     feb8        0     1 .rom_poke_table_204
    feb8     feb8        0     1         . = . + (__rom_poke_table_size > 204 ? 1 : 0)
    feb8     feb8        0     1 .rom_poke_table_205
    feb8     feb8        0     1         . = . + (__rom_poke_table_size > 205 ? 1 : 0)
    feb8     feb8        0     1 .rom_poke_table_206
    feb8     feb8        0     1         . = . + (__rom_poke_table_size > 206 ? 1 : 0)
    feb8     feb8        0     1 .rom_poke_table_207
    feb8     feb8        0     1         . = . + (__rom_poke_table_size > 207 ? 1 : 0)
    feb8     feb8        0     1 .rom_poke_table_208
    feb8     feb8        0     1         . = . + (__rom_poke_table_size > 208 ? 1 : 0)
    feb8     feb8        0     1 .rom_poke_table_209
    feb8     feb8        0     1         . = . + (__rom_poke_table_size > 209 ? 1 : 0)
    feb8     feb8        0     1 .rom_poke_table_210
    feb8     feb8        0     1         . = . + (__rom_poke_table_size > 210 ? 1 : 0)
    feb8     feb8        0     1 .rom_poke_table_211
    feb8     feb8        0     1         . = . + (__rom_poke_table_size > 211 ? 1 : 0)
    feb8     feb8        0     1 .rom_poke_table_212
    feb8     feb8        0     1         . = . + (__rom_poke_table_size > 212 ? 1 : 0)
    feb8     feb8        0     1 .rom_poke_table_213
    feb8     feb8        0     1         . = . + (__rom_poke_table_size > 213 ? 1 : 0)
    feb8     feb8        0     1 .rom_poke_table_214
    feb8     feb8        0     1         . = . + (__rom_poke_table_size > 214 ? 1 : 0)
    feb8     feb8        0     1 .rom_poke_table_215
    feb8     feb8        0     1         . = . + (__rom_poke_table_size > 215 ? 1 : 0)
    feb8     feb8        0     1 .rom_poke_table_216
    feb8     feb8        0     1         . = . + (__rom_poke_table_size > 216 ? 1 : 0)
    feb8     feb8        0     1 .rom_poke_table_217
    feb8     feb8        0     1         . = . + (__rom_poke_table_size > 217 ? 1 : 0)
    feb8     feb8        0     1 .rom_poke_table_218
    feb8     feb8        0     1         . = . + (__rom_poke_table_size > 218 ? 1 : 0)
    feb8     feb8        0     1 .rom_poke_table_219
    feb8     feb8        0     1         . = . + (__rom_poke_table_size > 219 ? 1 : 0)
    feb8     feb8        0     1 .rom_poke_table_220
    feb8     feb8        0     1         . = . + (__rom_poke_table_size > 220 ? 1 : 0)
    feb8     feb8        0     1 .rom_poke_table_221
    feb8     feb8        0     1         . = . + (__rom_poke_table_size > 221 ? 1 : 0)
    feb8     feb8        0     1 .rom_poke_table_222
    feb8     feb8        0     1         . = . + (__rom_poke_table_size > 222 ? 1 : 0)
    feb8     feb8        0     1 .rom_poke_table_223
    feb8     feb8        0     1         . = . + (__rom_poke_table_size > 223 ? 1 : 0)
    feb8     feb8        0     1 .rom_poke_table_224
    feb8     feb8        0     1         . = . + (__rom_poke_table_size > 224 ? 1 : 0)
    feb8     feb8        0     1 .rom_poke_table_225
    feb8     feb8        0     1         . = . + (__rom_poke_table_size > 225 ? 1 : 0)
    feb8     feb8        0     1 .rom_poke_table_226
    feb8     feb8        0     1         . = . + (__rom_poke_table_size > 226 ? 1 : 0)
    feb8     feb8        0     1 .rom_poke_table_227
    feb8     feb8        0     1         . = . + (__rom_poke_table_size > 227 ? 1 : 0)
    feb8     feb8        0     1 .rom_poke_table_228
    feb8     feb8        0     1         . = . + (__rom_poke_table_size > 228 ? 1 : 0)
    feb8     feb8        0     1 .rom_poke_table_229
    feb8     feb8        0     1         . = . + (__rom_poke_table_size > 229 ? 1 : 0)
    feb8     feb8        0     1 .rom_poke_table_230
    feb8     feb8        0     1         . = . + (__rom_poke_table_size > 230 ? 1 : 0)
    feb8     feb8        0     1 .rom_poke_table_231
    feb8     feb8        0     1         . = . + (__rom_poke_table_size > 231 ? 1 : 0)
    feb8     feb8        0     1 .rom_poke_table_232
    feb8     feb8        0     1         . = . + (__rom_poke_table_size > 232 ? 1 : 0)
    feb8     feb8        0     1 .rom_poke_table_233
    feb8     feb8        0     1         . = . + (__rom_poke_table_size > 233 ? 1 : 0)
    feb8     feb8        0     1 .rom_poke_table_234
    feb8     feb8        0     1         . = . + (__rom_poke_table_size > 234 ? 1 : 0)
    feb8     feb8        0     1 .rom_poke_table_235
    feb8     feb8        0     1         . = . + (__rom_poke_table_size > 235 ? 1 : 0)
    feb8     feb8        0     1 .rom_poke_table_236
    feb8     feb8        0     1         . = . + (__rom_poke_table_size > 236 ? 1 : 0)
    feb8     feb8        0     1 .rom_poke_table_237
    feb8     feb8        0     1         . = . + (__rom_poke_table_size > 237 ? 1 : 0)
    feb8     feb8        0     1 .rom_poke_table_238
    feb8     feb8        0     1         . = . + (__rom_poke_table_size > 238 ? 1 : 0)
    feb8     feb8        0     1 .rom_poke_table_239
    feb8     feb8        0     1         . = . + (__rom_poke_table_size > 239 ? 1 : 0)
    feb8     feb8        0     1 .rom_poke_table_240
    feb8     feb8        0     1         . = . + (__rom_poke_table_size > 240 ? 1 : 0)
    feb8     feb8        0     1 .rom_poke_table_241
    feb8     feb8        0     1         . = . + (__rom_poke_table_size > 241 ? 1 : 0)
    feb8     feb8        0     1 .rom_poke_table_242
    feb8     feb8        0     1         . = . + (__rom_poke_table_size > 242 ? 1 : 0)
    feb8     feb8        0     1 .rom_poke_table_243
    feb8     feb8        0     1         . = . + (__rom_poke_table_size > 243 ? 1 : 0)
    feb8     feb8        0     1 .rom_poke_table_244
    feb8     feb8        0     1         . = . + (__rom_poke_table_size > 244 ? 1 : 0)
    feb8     feb8        0     1 .rom_poke_table_245
    feb8     feb8        0     1         . = . + (__rom_poke_table_size > 245 ? 1 : 0)
    feb8     feb8        0     1 .rom_poke_table_246
    feb8     feb8        0     1         . = . + (__rom_poke_table_size > 246 ? 1 : 0)
    feb8     feb8        0     1 .rom_poke_table_247
    feb8     feb8        0     1         . = . + (__rom_poke_table_size > 247 ? 1 : 0)
    feb8     feb8        0     1 .rom_poke_table_248
    feb8     feb8        0     1         . = . + (__rom_poke_table_size > 248 ? 1 : 0)
    feb8     feb8        0     1 .rom_poke_table_249
    feb8     feb8        0     1         . = . + (__rom_poke_table_size > 249 ? 1 : 0)
    feb8     feb8        0     1 .rom_poke_table_250
    feb8     feb8        0     1         . = . + (__rom_poke_table_size > 250 ? 1 : 0)
    feb8     feb8        0     1 .rom_poke_table_251
    feb8     feb8        0     1         . = . + (__rom_poke_table_size > 251 ? 1 : 0)
    feb8     feb8        0     1 .rom_poke_table_252
    feb8     feb8        0     1         . = . + (__rom_poke_table_size > 252 ? 1 : 0)
    feb8     feb8        0     1 .rom_poke_table_253
    feb8     feb8        0     1         . = . + (__rom_poke_table_size > 253 ? 1 : 0)
    feb8     feb8        0     1 .rom_poke_table_254
    feb8     feb8        0     1         . = . + (__rom_poke_table_size > 254 ? 1 : 0)
    feb8     feb8        0     1 .rom_poke_table_255
    feb8     feb8        0     1         . = . + (__rom_poke_table_size > 255 ? 1 : 0)
    fec0     fec0        0     1 .dpcm
    fec0     fec0        0     1         __dpcm_start = .
    fffa     fffa        6     1 .vectors
    fffa     fffa        6     1         C:/llvm-mos/bin/../mos-platform/nes-unrom-512/lib\reset.o:(.vectors)
   10000    10000        0     1 PROVIDE(__prg_rom_size = 512)
   10000    10000        0     1 __stack = 0x0800
       0        0      1ac     1 .comment
       0        0      1ac     1         <internal>:(.comment)
       0        0     3010     4 .symtab
       0        0     3010     4         <internal>:(.symtab)
       0        0     1469     1 .shstrtab
       0        0     1469     1         <internal>:(.shstrtab)
       0        0     2d8a     1 .strtab
       0        0     2d8a     1         <internal>:(.strtab)
